Archive member included to satisfy reference by file (symbol)

D:\HOC PTIT\Laptrinhnhung\SDK_1.0.3_NUCLEO-F401RE\lib_stm\libLibraries.a(system_stm32f4xx.o)
                              ./Src/main.o (SystemCoreClockUpdate)
D:\HOC PTIT\Laptrinhnhung\SDK_1.0.3_NUCLEO-F401RE\lib_stm\libLibraries.a(timer.o)
                              ./Src/main.o (TimerInit)
D:\HOC PTIT\Laptrinhnhung\SDK_1.0.3_NUCLEO-F401RE\lib_stm\libLibraries.a(Ucglib.o)
                              ./Src/main.o (Ucglib4WireSWSPI_begin)
D:\HOC PTIT\Laptrinhnhung\SDK_1.0.3_NUCLEO-F401RE\lib_stm\libLibraries.a(ucg_box.o)
                              ./Src/main.o (ucg_ClearScreen)
D:\HOC PTIT\Laptrinhnhung\SDK_1.0.3_NUCLEO-F401RE\lib_stm\libLibraries.a(ucg_ccs.o)
                              D:\HOC PTIT\Laptrinhnhung\SDK_1.0.3_NUCLEO-F401RE\lib_stm\libLibraries.a(ucg_box.o) (ucg_ccs_init)
D:\HOC PTIT\Laptrinhnhung\SDK_1.0.3_NUCLEO-F401RE\lib_stm\libLibraries.a(ucg_circle.o)
                              D:\HOC PTIT\Laptrinhnhung\SDK_1.0.3_NUCLEO-F401RE\lib_stm\libLibraries.a(ucg_box.o) (ucg_DrawCircle)
D:\HOC PTIT\Laptrinhnhung\SDK_1.0.3_NUCLEO-F401RE\lib_stm\libLibraries.a(ucg_dev_default_cb.o)
                              D:\HOC PTIT\Laptrinhnhung\SDK_1.0.3_NUCLEO-F401RE\lib_stm\libLibraries.a(Ucglib.o) (ucg_dev_default_cb)
D:\HOC PTIT\Laptrinhnhung\SDK_1.0.3_NUCLEO-F401RE\lib_stm\libLibraries.a(ucg_dev_ic_st7735.o)
                              D:\HOC PTIT\Laptrinhnhung\SDK_1.0.3_NUCLEO-F401RE\lib_stm\libLibraries.a(Ucglib.o) (ucg_ext_st7735_18)
D:\HOC PTIT\Laptrinhnhung\SDK_1.0.3_NUCLEO-F401RE\lib_stm\libLibraries.a(ucg_dev_msg_api.o)
                              D:\HOC PTIT\Laptrinhnhung\SDK_1.0.3_NUCLEO-F401RE\lib_stm\libLibraries.a(ucg_box.o) (ucg_SetMaxClipRange)
D:\HOC PTIT\Laptrinhnhung\SDK_1.0.3_NUCLEO-F401RE\lib_stm\libLibraries.a(ucg_dev_tft_128x128_st7735.o)
                              D:\HOC PTIT\Laptrinhnhung\SDK_1.0.3_NUCLEO-F401RE\lib_stm\libLibraries.a(Ucglib.o) (ucg_dev_st7735_18x128x128)
D:\HOC PTIT\Laptrinhnhung\SDK_1.0.3_NUCLEO-F401RE\lib_stm\libLibraries.a(ucg_font.o)
                              D:\HOC PTIT\Laptrinhnhung\SDK_1.0.3_NUCLEO-F401RE\lib_stm\libLibraries.a(Ucglib.o) (ucg_SetFontMode)
D:\HOC PTIT\Laptrinhnhung\SDK_1.0.3_NUCLEO-F401RE\lib_stm\libLibraries.a(ucg_init.o)
                              D:\HOC PTIT\Laptrinhnhung\SDK_1.0.3_NUCLEO-F401RE\lib_stm\libLibraries.a(Ucglib.o) (ucg_Init)
D:\HOC PTIT\Laptrinhnhung\SDK_1.0.3_NUCLEO-F401RE\lib_stm\libLibraries.a(ucg_line.o)
                              D:\HOC PTIT\Laptrinhnhung\SDK_1.0.3_NUCLEO-F401RE\lib_stm\libLibraries.a(ucg_font.o) (ucg_Draw90Line)
D:\HOC PTIT\Laptrinhnhung\SDK_1.0.3_NUCLEO-F401RE\lib_stm\libLibraries.a(ucg_pixel.o)
                              ./Src/main.o (ucg_SetColor)
D:\HOC PTIT\Laptrinhnhung\SDK_1.0.3_NUCLEO-F401RE\lib_stm\libLibraries.a(ucg_pixel_font_data.o)
                              ./Src/main.o (ucg_font_helvR08_tf)
D:\HOC PTIT\Laptrinhnhung\SDK_1.0.3_NUCLEO-F401RE\lib_stm\libLibraries.a(ucg_rotate.o)
                              ./Src/main.o (ucg_SetRotate180)
D:\HOC PTIT\Laptrinhnhung\SDK_1.0.3_NUCLEO-F401RE\lib_stm\libLibraries.a(buff.o)
                              D:\HOC PTIT\Laptrinhnhung\SDK_1.0.3_NUCLEO-F401RE\lib_stm\libLibraries.a(ucg_font.o) (bufInit)
D:\HOC PTIT\Laptrinhnhung\SDK_1.0.3_NUCLEO-F401RE\lib_stm\libLibraries.a(utilities.o)
                              D:\HOC PTIT\Laptrinhnhung\SDK_1.0.3_NUCLEO-F401RE\lib_stm\libLibraries.a(timer.o) (memsetl)
D:\HOC PTIT\Laptrinhnhung\SDK_1.0.3_NUCLEO-F401RE\lib_stm\libLibraries.a(stm32f401re_gpio.o)
                              D:\HOC PTIT\Laptrinhnhung\SDK_1.0.3_NUCLEO-F401RE\lib_stm\libLibraries.a(Ucglib.o) (GPIO_Init)
D:\HOC PTIT\Laptrinhnhung\SDK_1.0.3_NUCLEO-F401RE\lib_stm\libLibraries.a(stm32f401re_rcc.o)
                              D:\HOC PTIT\Laptrinhnhung\SDK_1.0.3_NUCLEO-F401RE\lib_stm\libLibraries.a(timer.o) (RCC_GetClocksFreq)
D:\HOC PTIT\Laptrinhnhung\SDK_1.0.3_NUCLEO-F401RE\lib_stm\libLibraries.a(ucg_clip.o)
                              D:\HOC PTIT\Laptrinhnhung\SDK_1.0.3_NUCLEO-F401RE\lib_stm\libLibraries.a(ucg_dev_ic_st7735.o) (ucg_clip_is_pixel_visible)
D:\HOC PTIT\Laptrinhnhung\SDK_1.0.3_NUCLEO-F401RE\lib_stm\libLibraries.a(ucg_com_msg_api.o)
                              D:\HOC PTIT\Laptrinhnhung\SDK_1.0.3_NUCLEO-F401RE\lib_stm\libLibraries.a(ucg_dev_ic_st7735.o) (ucg_com_PowerUp)
D:/HOC PTIT/STM32CubeIDE_1.14.1/STM32CubeIDE/plugins/com.st.stm32cube.ide.mcu.externaltools.gnu-tools-for-stm32.12.3.rel1.win32_1.1.0.202410251130/tools/bin/../lib/gcc/arm-none-eabi/12.3.1/../../../../arm-none-eabi/lib/thumb/v7e-m+fp/hard\libc_nano.a(libc_a-exit.o)
                              D:/HOC PTIT/STM32CubeIDE_1.14.1/STM32CubeIDE/plugins/com.st.stm32cube.ide.mcu.externaltools.gnu-tools-for-stm32.12.3.rel1.win32_1.1.0.202410251130/tools/bin/../lib/gcc/arm-none-eabi/12.3.1/../../../../arm-none-eabi/lib/thumb/v7e-m+fp/hard/crt0.o (exit)
[...]
Memory Configuration

Name             Origin             Length             Attributes
RAM              0x20000000         0x00018000         xrw
FLASH            0x08000000         0x00080000         xr
*default*        0x00000000         0xffffffff

Linker script and memory map

LOAD D:/HOC PTIT/STM32CubeIDE_1.14.1/STM32CubeIDE/plugins/com.st.stm32cube.ide.mcu.externaltools.gnu-tools-for-stm32.12.3.rel1.win32_1.1.0.202410251130/tools/bin/../lib/gcc/arm-none-eabi/12.3.1/thumb/v7e-m+fp/hard/crti.o
LOAD D:/HOC PTIT/STM32CubeIDE_1.14.1/STM32CubeIDE/plugins/com.st.stm32cube.ide.mcu.externaltools.gnu-tools-for-stm32.12.3.rel1.win32_1.1.0.202410251130/tools/bin/../lib/gcc/arm-none-eabi/12.3.1/thumb/v7e-m+fp/hard/crtbegin.o
LOAD D:/HOC PTIT/STM32CubeIDE_1.14.1/STM32CubeIDE/plugins/com.st.stm32cube.ide.mcu.externaltools.gnu-tools-for-stm32.12.3.rel1.win32_1.1.0.202410251130/tools/bin/../lib/gcc/arm-none-eabi/12.3.1/../../../../arm-none-eabi/lib/thumb/v7e-m+fp/hard/crt0.o
LOAD ./Src/main.o
LOAD ./Src/syscalls.o
LOAD ./Src/sysmem.o
LOAD ./Startup/startup_stm32f401retx.o
LOAD D:\HOC PTIT\Laptrinhnhung\SDK_1.0.3_NUCLEO-F401RE\lib_stm\libLibraries.a
START GROUP
LOAD D:/HOC PTIT/STM32CubeIDE_1.14.1/STM32CubeIDE/plugins/com.st.stm32cube.ide.mcu.externaltools.gnu-tools-for-stm32.12.3.rel1.win32_1.1.0.202410251130/tools/bin/../lib/gcc/arm-none-eabi/12.3.1/../../../../arm-none-eabi/lib/thumb/v7e-m+fp/hard\libc_nano.a
LOAD D:/HOC PTIT/STM32CubeIDE_1.14.1/STM32CubeIDE/plugins/com.st.stm32cube.ide.mcu.externaltools.gnu-tools-for-stm32.12.3.rel1.win32_1.1.0.202410251130/tools/bin/../lib/gcc/arm-none-eabi/12.3.1/../../../../arm-none-eabi/lib/thumb/v7e-m+fp/hard\libm.a
END GROUP
START GROUP
LOAD D:/HOC PTIT/STM32CubeIDE_1.14.1/STM32CubeIDE/plugins/com.st.stm32cube.ide.mcu.externaltools.gnu-tools-for-stm32.12.3.rel1.win32_1.1.0.202410251130/tools/bin/../lib/gcc/arm-none-eabi/12.3.1/thumb/v7e-m+fp/hard\libgcc.a
LOAD D:/HOC PTIT/STM32CubeIDE_1.14.1/STM32CubeIDE/plugins/com.st.stm32cube.ide.mcu.externaltools.gnu-tools-for-stm32.12.3.rel1.win32_1.1.0.202410251130/tools/bin/../lib/gcc/arm-none-eabi/12.3.1/../../../../arm-none-eabi/lib/thumb/v7e-m+fp/hard\libc_nano.a
END GROUP
START GROUP
LOAD D:/HOC PTIT/STM32CubeIDE_1.14.1/STM32CubeIDE/plugins/com.st.stm32cube.ide.mcu.externaltools.gnu-tools-for-stm32.12.3.rel1.win32_1.1.0.202410251130/tools/bin/../lib/gcc/arm-none-eabi/12.3.1/thumb/v7e-m+fp/hard\libgcc.a
LOAD D:/HOC PTIT/STM32CubeIDE_1.14.1/STM32CubeIDE/plugins/com.st.stm32cube.ide.mcu.externaltools.gnu-tools-for-stm32.12.3.rel1.win32_1.1.0.202410251130/tools/bin/../lib/gcc/arm-none-eabi/12.3.1/../../../../arm-none-eabi/lib/thumb/v7e-m+fp/hard\libc_nano.a
LOAD D:/HOC PTIT/STM32CubeIDE_1.14.1/STM32CubeIDE/plugins/com.st.stm32cube.ide.mcu.externaltools.gnu-tools-for-stm32.12.3.rel1.win32_1.1.0.202410251130/tools/bin/../lib/gcc/arm-none-eabi/12.3.1/../../../../arm-none-eabi/lib/thumb/v7e-m+fp/hard\libnosys.a
END GROUP
START GROUP
LOAD D:/HOC PTIT/STM32CubeIDE_1.14.1/STM32CubeIDE/plugins/com.st.stm32cube.ide.mcu.externaltools.gnu-tools-for-stm32.12.3.rel1.win32_1.1.0.202410251130/tools/bin/../lib/gcc/arm-none-eabi/12.3.1/thumb/v7e-m+fp/hard\libgcc.a
LOAD D:/HOC PTIT/STM32CubeIDE_1.14.1/STM32CubeIDE/plugins/com.st.stm32cube.ide.mcu.externaltools.gnu-tools-for-stm32.12.3.rel1.win32_1.1.0.202410251130/tools/bin/../lib/gcc/arm-none-eabi/12.3.1/../../../../arm-none-eabi/lib/thumb/v7e-m+fp/hard\libc_nano.a
LOAD D:/HOC PTIT/STM32CubeIDE_1.14.1/STM32CubeIDE/plugins/com.st.stm32cube.ide.mcu.externaltools.gnu-tools-for-stm32.12.3.rel1.win32_1.1.0.202410251130/tools/bin/../lib/gcc/arm-none-eabi/12.3.1/../../../../arm-none-eabi/lib/thumb/v7e-m+fp/hard\libnosys.a
END GROUP
LOAD D:/HOC PTIT/STM32CubeIDE_1.14.1/STM32CubeIDE/plugins/com.st.stm32cube.ide.mcu.externaltools.gnu-tools-for-stm32.12.3.rel1.win32_1.1.0.202410251130/tools/bin/../lib/gcc/arm-none-eabi/12.3.1/thumb/v7e-m+fp/hard/crtend.o
LOAD D:/HOC PTIT/STM32CubeIDE_1.14.1/STM32CubeIDE/plugins/com.st.stm32cube.ide.mcu.externaltools.gnu-tools-for-stm32.12.3.rel1.win32_1.1.0.202410251130/tools/bin/../lib/gcc/arm-none-eabi/12.3.1/thumb/v7e-m+fp/hard/crtn.o
                0x20018000                        _estack = (ORIGIN (RAM) + LENGTH (RAM))
                0x00000200                        _Min_Heap_Size = 0x200
                0x00000400                        _Min_Stack_Size = 0x400

.isr_vector     0x08000000      0x194
                0x08000000                        . = ALIGN (0x4)
 *(.isr_vector)
 .isr_vector    0x08000000      0x194 ./Startup/startup_stm32f401retx.o
                0x08000000                g_pfnVectors
                0x08000194                        . = ALIGN (0x4)

.text           0x08000194     0x3030
                0x08000194                        . = ALIGN (0x4)
 *(.text)
 .text          0x08000194       0x40 D:/HOC PTIT/STM32CubeIDE_1.14.1/STM32CubeIDE/plugins/com.st.stm32cube.ide.mcu.externaltools.gnu-tools-for-stm32.12.3.rel1.win32_1.1.0.202410251130/tools/bin/../lib/gcc/arm-none-eabi/12.3.1/thumb/v7e-m+fp/hard/crtbegin.o
 *(.text*)
 .text.main     0x080001d4       0x80 ./Src/main.o
                0x080001d4                main
 .text.Reset_Handler
                0x08000254       0x50 ./Startup/startup_stm32f401retx.o
                0x08000254                Reset_Handler
 .text.Default_Handler
                0x080002a4        0x2 ./Startup/startup_stm32f401retx.o
                0x080002a4                EXTI2_IRQHandler
                0x080002a4                DebugMon_Handler
                0x080002a4                SPI4_IRQHandler
                0x080002a4                TIM1_CC_IRQHandler
                0x080002a4                DMA2_Stream5_IRQHandler
                0x080002a4                HardFault_Handler
                0x080002a4                DMA1_Stream5_IRQHandler
                0x080002a4                SDIO_IRQHandler
                0x080002a4                TAMP_STAMP_IRQHandler
                0x080002a4                PendSV_Handler
                0x080002a4                NMI_Handler
                0x080002a4                EXTI3_IRQHandler
                0x080002a4                TIM1_UP_TIM10_IRQHandler
                0x080002a4                I2C3_ER_IRQHandler
                0x080002a4                EXTI18_OTG_FS_WKUP_IRQHandler
                0x080002a4                EXTI0_IRQHandler
                0x080002a4                I2C2_EV_IRQHandler
                0x080002a4                DMA1_Stream2_IRQHandler
                0x080002a4                UsageFault_Handler
                0x080002a4                DMA2_Stream2_IRQHandler
                0x080002a4                SPI1_IRQHandler
                0x080002a4                TIM1_BRK_TIM9_IRQHandler
                0x080002a4                DMA2_Stream3_IRQHandler
                0x080002a4                USART6_IRQHandler
                0x080002a4                DMA2_Stream0_IRQHandler
                0x080002a4                TIM4_IRQHandler
                0x080002a4                I2C1_EV_IRQHandler
                0x080002a4                DMA1_Stream6_IRQHandler
                0x080002a4                DMA1_Stream1_IRQHandler
                0x080002a4                TIM3_IRQHandler
                0x080002a4                RCC_IRQHandler
                0x080002a4                Default_Handler
                0x080002a4                EXTI15_10_IRQHandler
                0x080002a4                ADC_IRQHandler
                0x080002a4                DMA1_Stream7_IRQHandler
                0x080002a4                TIM5_IRQHandler
                0x080002a4                DMA2_Stream7_IRQHandler
                0x080002a4                I2C3_EV_IRQHandler
                0x080002a4                EXTI9_5_IRQHandler
                0x080002a4                SPI2_IRQHandler
                0x080002a4                MemManage_Handler
                0x080002a4                DMA1_Stream0_IRQHandler
                0x080002a4                SVC_Handler
                0x080002a4                EXTI4_IRQHandler
                0x080002a4                EXTI22_RTC_WKUP_IRQHandler
                0x080002a4                TIM2_IRQHandler
                0x080002a4                EXTI16_PVD_IRQHandler
                0x080002a4                TIM1_TRG_COM_TIM11_IRQHandler
                0x080002a4                EXTI1_IRQHandler
                0x080002a4                EXTI17_RTC_Alarm_IRQHandler
                0x080002a4                USART2_IRQHandler
                0x080002a4                I2C2_ER_IRQHandler
                0x080002a4                DMA2_Stream1_IRQHandler
                0x080002a4                FLASH_IRQHandler
                0x080002a4                DMA2_Stream4_IRQHandler
                0x080002a4                BusFault_Handler
                0x080002a4                USART1_IRQHandler
                0x080002a4                OTG_FS_IRQHandler
                0x080002a4                SPI3_IRQHandler
                0x080002a4                DMA1_Stream4_IRQHandler
                0x080002a4                I2C1_ER_IRQHandler
                0x080002a4                DMA2_Stream6_IRQHandler
                0x080002a4                DMA1_Stream3_IRQHandler
 *fill*         0x080002a6        0x2 
 .text.SystemInit
                0x080002a8       0x6c D:\HOC PTIT\Laptrinhnhung\SDK_1.0.3_NUCLEO-F401RE\lib_stm\libLibraries.a(system_stm32f4xx.o)
                0x080002a8                SystemInit
 .text.SystemCoreClockUpdate
                0x08000314       0xf8 D:\HOC PTIT\Laptrinhnhung\SDK_1.0.3_NUCLEO-F401RE\lib_stm\libLibraries.a(system_stm32f4xx.o)
                0x08000314                SystemCoreClockUpdate
 .text.SetSysClock
                0x0800040c       0xa0 D:\HOC PTIT\Laptrinhnhung\SDK_1.0.3_NUCLEO-F401RE\lib_stm\libLibraries.a(system_stm32f4xx.o)
 .text.NVIC_SetPriority
                0x080004ac       0x54 D:\HOC PTIT\Laptrinhnhung\SDK_1.0.3_NUCLEO-F401RE\lib_stm\libLibraries.a(timer.o)
 .text.SysTick_Config
                0x08000500       0x44 D:\HOC PTIT\Laptrinhnhung\SDK_1.0.3_NUCLEO-F401RE\lib_stm\libLibraries.a(timer.o)
 .text.TimerInit
                0x08000544       0x44 D:\HOC PTIT\Laptrinhnhung\SDK_1.0.3_NUCLEO-F401RE\lib_stm\libLibraries.a(timer.o)
                0x08000544                TimerInit
 .text.TimerStart
                0x08000588       0xc4 D:\HOC PTIT\Laptrinhnhung\SDK_1.0.3_NUCLEO-F401RE\lib_stm\libLibraries.a(timer.o)
                0x08000588                TimerStart
 .text.TimerStop
                0x0800064c       0xa0 D:\HOC PTIT\Laptrinhnhung\SDK_1.0.3_NUCLEO-F401RE\lib_stm\libLibraries.a(timer.o)
                0x0800064c                TimerStop
 .text.GetMilSecTick
                0x080006ec       0x18 D:\HOC PTIT\Laptrinhnhung\SDK_1.0.3_NUCLEO-F401RE\lib_stm\libLibraries.a(timer.o)
                0x080006ec                GetMilSecTick
 .text.processTimerScheduler
                0x08000704       0xf0 D:\HOC PTIT\Laptrinhnhung\SDK_1.0.3_NUCLEO-F401RE\lib_stm\libLibraries.a(timer.o)
                0x08000704                processTimerScheduler
 .text.TimeExpired
                0x080007f4       0xcc D:\HOC PTIT\Laptrinhnhung\SDK_1.0.3_NUCLEO-F401RE\lib_stm\libLibraries.a(timer.o)
 .text.SysTick_Handler
                0x080008c0       0x1c D:\HOC PTIT\Laptrinhnhung\SDK_1.0.3_NUCLEO-F401RE\lib_stm\libLibraries.a(timer.o)
                0x080008c0                SysTick_Handler
 .text.delayMicroseconds
                0x080008dc       0x14 D:\HOC PTIT\Laptrinhnhung\SDK_1.0.3_NUCLEO-F401RE\lib_stm\libLibraries.a(Ucglib.o)
 .text.ucg_gpio_init
                0x080008f0       0x60 D:\HOC PTIT\Laptrinhnhung\SDK_1.0.3_NUCLEO-F401RE\lib_stm\libLibraries.a(Ucglib.o)
 .text.ucg_com_arduino_send_generic_SW_SPI
                0x08000950       0x74 D:\HOC PTIT\Laptrinhnhung\SDK_1.0.3_NUCLEO-F401RE\lib_stm\libLibraries.a(Ucglib.o)
 .text.ucg_com_arduino_generic_SW_SPI
                0x080009c4      0x1ec D:\HOC PTIT\Laptrinhnhung\SDK_1.0.3_NUCLEO-F401RE\lib_stm\libLibraries.a(Ucglib.o)
 .text.Ucglib4WireSWSPI_begin
                0x08000bb0       0x38 D:\HOC PTIT\Laptrinhnhung\SDK_1.0.3_NUCLEO-F401RE\lib_stm\libLibraries.a(Ucglib.o)
                0x08000bb0                Ucglib4WireSWSPI_begin
 .text.ucg_DrawBox
                0x08000be8       0x56 D:\HOC PTIT\Laptrinhnhung\SDK_1.0.3_NUCLEO-F401RE\lib_stm\libLibraries.a(ucg_box.o)
                0x08000be8                ucg_DrawBox
 .text.ucg_ClearScreen
                0x08000c3e       0x50 D:\HOC PTIT\Laptrinhnhung\SDK_1.0.3_NUCLEO-F401RE\lib_stm\libLibraries.a(ucg_box.o)
                0x08000c3e                ucg_ClearScreen
 .text.ucg_ccs_init
                0x08000c8e       0xc0 D:\HOC PTIT\Laptrinhnhung\SDK_1.0.3_NUCLEO-F401RE\lib_stm\libLibraries.a(ucg_ccs.o)
                0x08000c8e                ucg_ccs_init
 .text.ucg_ccs_step
                0x08000d4e       0x80 D:\HOC PTIT\Laptrinhnhung\SDK_1.0.3_NUCLEO-F401RE\lib_stm\libLibraries.a(ucg_ccs.o)
                0x08000d4e                ucg_ccs_step
 .text.ucg_ccs_seek
                0x08000dce       0xca D:\HOC PTIT\Laptrinhnhung\SDK_1.0.3_NUCLEO-F401RE\lib_stm\libLibraries.a(ucg_ccs.o)
                0x08000dce                ucg_ccs_seek
 .text.ucg_dev_default_cb
                0x08000e98       0x44 D:\HOC PTIT\Laptrinhnhung\SDK_1.0.3_NUCLEO-F401RE\lib_stm\libLibraries.a(ucg_dev_default_cb.o)
                0x08000e98                ucg_dev_default_cb
 .text.ucg_ext_none
                0x08000edc       0x1c D:\HOC PTIT\Laptrinhnhung\SDK_1.0.3_NUCLEO-F401RE\lib_stm\libLibraries.a(ucg_dev_default_cb.o)
                0x08000edc                ucg_ext_none
 .text.ucg_handle_st7735_l90fx
                0x08000ef8       0xd8 D:\HOC PTIT\Laptrinhnhung\SDK_1.0.3_NUCLEO-F401RE\lib_stm\libLibraries.a(ucg_dev_ic_st7735.o)
                0x08000ef8                ucg_handle_st7735_l90fx
 .text.ucg_handle_st7735_l90se
                0x08000fd0      0x154 D:\HOC PTIT\Laptrinhnhung\SDK_1.0.3_NUCLEO-F401RE\lib_stm\libLibraries.a(ucg_dev_ic_st7735.o)
                0x08000fd0                ucg_handle_st7735_l90se
 .text.ucg_dev_ic_st7735_18
                0x08001124       0xf8 D:\HOC PTIT\Laptrinhnhung\SDK_1.0.3_NUCLEO-F401RE\lib_stm\libLibraries.a(ucg_dev_ic_st7735.o)
                0x08001124                ucg_dev_ic_st7735_18
 .text.ucg_ext_st7735_18
                0x0800121c       0x28 D:\HOC PTIT\Laptrinhnhung\SDK_1.0.3_NUCLEO-F401RE\lib_stm\libLibraries.a(ucg_dev_ic_st7735.o)
                0x0800121c                ucg_ext_st7735_18
 .text.ucg_PowerDown
                0x08001244       0x34 D:\HOC PTIT\Laptrinhnhung\SDK_1.0.3_NUCLEO-F401RE\lib_stm\libLibraries.a(ucg_dev_msg_api.o)
                0x08001244                ucg_PowerDown
 .text.ucg_PowerUp
                0x08001278       0x3c D:\HOC PTIT\Laptrinhnhung\SDK_1.0.3_NUCLEO-F401RE\lib_stm\libLibraries.a(ucg_dev_msg_api.o)
                0x08001278                ucg_PowerUp
 .text.ucg_SetClipBox
                0x080012b4       0x1e D:\HOC PTIT\Laptrinhnhung\SDK_1.0.3_NUCLEO-F401RE\lib_stm\libLibraries.a(ucg_dev_msg_api.o)
                0x080012b4                ucg_SetClipBox
 .text.ucg_SetMaxClipRange
                0x080012d2       0x30 D:\HOC PTIT\Laptrinhnhung\SDK_1.0.3_NUCLEO-F401RE\lib_stm\libLibraries.a(ucg_dev_msg_api.o)
                0x080012d2                ucg_SetMaxClipRange
 .text.ucg_GetDimension
                0x08001302       0x24 D:\HOC PTIT\Laptrinhnhung\SDK_1.0.3_NUCLEO-F401RE\lib_stm\libLibraries.a(ucg_dev_msg_api.o)
                0x08001302                ucg_GetDimension
 .text.ucg_DrawL90FXWithArg
                0x08001326       0x1e D:\HOC PTIT\Laptrinhnhung\SDK_1.0.3_NUCLEO-F401RE\lib_stm\libLibraries.a(ucg_dev_msg_api.o)
                0x08001326                ucg_DrawL90FXWithArg
 .text.ucg_dev_st7735_18x128x128
                0x08001344       0x80 D:\HOC PTIT\Laptrinhnhung\SDK_1.0.3_NUCLEO-F401RE\lib_stm\libLibraries.a(ucg_dev_tft_128x128_st7735.o)
                0x08001344                ucg_dev_st7735_18x128x128
 .text.ucg_font_get_byte
                0x080013c4       0x24 D:\HOC PTIT\Laptrinhnhung\SDK_1.0.3_NUCLEO-F401RE\lib_stm\libLibraries.a(ucg_font.o)
 .text.ucg_font_get_word
                0x080013e8       0x40 D:\HOC PTIT\Laptrinhnhung\SDK_1.0.3_NUCLEO-F401RE\lib_stm\libLibraries.a(ucg_font.o)
 .text.ucg_read_font_info
                0x08001428      0x142 D:\HOC PTIT\Laptrinhnhung\SDK_1.0.3_NUCLEO-F401RE\lib_stm\libLibraries.a(ucg_font.o)
                0x08001428                ucg_read_font_info
 .text.ucg_font_decode_get_unsigned_bits
                0x0800156a       0x96 D:\HOC PTIT\Laptrinhnhung\SDK_1.0.3_NUCLEO-F401RE\lib_stm\libLibraries.a(ucg_font.o)
                0x0800156a                ucg_font_decode_get_unsigned_bits
 .text.ucg_font_decode_get_signed_bits
                0x08001600       0x46 D:\HOC PTIT\Laptrinhnhung\SDK_1.0.3_NUCLEO-F401RE\lib_stm\libLibraries.a(ucg_font.o)
                0x08001600                ucg_font_decode_get_signed_bits
 .text.ucg_add_vector_y
                0x08001646       0x7a D:\HOC PTIT\Laptrinhnhung\SDK_1.0.3_NUCLEO-F401RE\lib_stm\libLibraries.a(ucg_font.o)
 .text.ucg_add_vector_x
                0x080016c0       0x7a D:\HOC PTIT\Laptrinhnhung\SDK_1.0.3_NUCLEO-F401RE\lib_stm\libLibraries.a(ucg_font.o)
 .text.ucg_font_decode_len
                0x0800173a      0x118 D:\HOC PTIT\Laptrinhnhung\SDK_1.0.3_NUCLEO-F401RE\lib_stm\libLibraries.a(ucg_font.o)
                0x0800173a                ucg_font_decode_len
 .text.ucg_font_setup_decode
                0x08001852       0x64 D:\HOC PTIT\Laptrinhnhung\SDK_1.0.3_NUCLEO-F401RE\lib_stm\libLibraries.a(ucg_font.o)
 .text.ucg_font_decode_glyph
                0x080018b6      0x14c D:\HOC PTIT\Laptrinhnhung\SDK_1.0.3_NUCLEO-F401RE\lib_stm\libLibraries.a(ucg_font.o)
                0x080018b6                ucg_font_decode_glyph
 .text.ucg_font_get_glyph_data
                0x08001a02       0x7a D:\HOC PTIT\Laptrinhnhung\SDK_1.0.3_NUCLEO-F401RE\lib_stm\libLibraries.a(ucg_font.o)
                0x08001a02                ucg_font_get_glyph_data
 .text.ucg_font_draw_glyph
                0x08001a7c       0x62 D:\HOC PTIT\Laptrinhnhung\SDK_1.0.3_NUCLEO-F401RE\lib_stm\libLibraries.a(ucg_font.o)
                0x08001a7c                ucg_font_draw_glyph
 .text.ucg_SetFontMode
                0x08001ade       0x20 D:\HOC PTIT\Laptrinhnhung\SDK_1.0.3_NUCLEO-F401RE\lib_stm\libLibraries.a(ucg_font.o)
                0x08001ade                ucg_SetFontMode
 *fill*         0x08001afe        0x2 
 .text.ucg_DrawGlyph
                0x08001b00       0xb0 D:\HOC PTIT\Laptrinhnhung\SDK_1.0.3_NUCLEO-F401RE\lib_stm\libLibraries.a(ucg_font.o)
                0x08001b00                ucg_DrawGlyph
 .text.task_drawString
                0x08001bb0      0x138 D:\HOC PTIT\Laptrinhnhung\SDK_1.0.3_NUCLEO-F401RE\lib_stm\libLibraries.a(ucg_font.o)
                0x08001bb0                task_drawString
 .text.ucg_DrawString
                0x08001ce8       0x78 D:\HOC PTIT\Laptrinhnhung\SDK_1.0.3_NUCLEO-F401RE\lib_stm\libLibraries.a(ucg_font.o)
                0x08001ce8                ucg_DrawString
 .text.ucg_UpdateRefHeight
                0x08001d60       0xd8 D:\HOC PTIT\Laptrinhnhung\SDK_1.0.3_NUCLEO-F401RE\lib_stm\libLibraries.a(ucg_font.o)
                0x08001d60                ucg_UpdateRefHeight
 .text.ucg_font_calc_vref_font
                0x08001e38       0x16 D:\HOC PTIT\Laptrinhnhung\SDK_1.0.3_NUCLEO-F401RE\lib_stm\libLibraries.a(ucg_font.o)
                0x08001e38                ucg_font_calc_vref_font
 *fill*         0x08001e4e        0x2 
 .text.ucg_SetFontPosBaseline
                0x08001e50       0x20 D:\HOC PTIT\Laptrinhnhung\SDK_1.0.3_NUCLEO-F401RE\lib_stm\libLibraries.a(ucg_font.o)
                0x08001e50                ucg_SetFontPosBaseline
 .text.ucg_SetFont
                0x08001e70       0x4c D:\HOC PTIT\Laptrinhnhung\SDK_1.0.3_NUCLEO-F401RE\lib_stm\libLibraries.a(ucg_font.o)
                0x08001e70                ucg_SetFont
 .text.ucg_init_struct
                0x08001ebc       0x50 D:\HOC PTIT\Laptrinhnhung\SDK_1.0.3_NUCLEO-F401RE\lib_stm\libLibraries.a(ucg_init.o)
                0x08001ebc                ucg_init_struct
 .text.ucg_Init
                0x08001f0c       0x5c D:\HOC PTIT\Laptrinhnhung\SDK_1.0.3_NUCLEO-F401RE\lib_stm\libLibraries.a(ucg_init.o)
                0x08001f0c                ucg_Init
 .text.ucg_Draw90Line
                0x08001f68       0x88 D:\HOC PTIT\Laptrinhnhung\SDK_1.0.3_NUCLEO-F401RE\lib_stm\libLibraries.a(ucg_line.o)
                0x08001f68                ucg_Draw90Line
 .text.ucg_DrawHLine
                0x08001ff0       0x3e D:\HOC PTIT\Laptrinhnhung\SDK_1.0.3_NUCLEO-F401RE\lib_stm\libLibraries.a(ucg_line.o)
                0x08001ff0                ucg_DrawHLine
 .text.ucg_SetColor
                0x0800202e       0x5c D:\HOC PTIT\Laptrinhnhung\SDK_1.0.3_NUCLEO-F401RE\lib_stm\libLibraries.a(ucg_pixel.o)
                0x0800202e                ucg_SetColor
 .text.ucg_UndoRotate
                0x0800208a       0x32 D:\HOC PTIT\Laptrinhnhung\SDK_1.0.3_NUCLEO-F401RE\lib_stm\libLibraries.a(ucg_rotate.o)
                0x0800208a                ucg_UndoRotate
 .text.ucg_rotate_180_xy
                0x080020bc       0x66 D:\HOC PTIT\Laptrinhnhung\SDK_1.0.3_NUCLEO-F401RE\lib_stm\libLibraries.a(ucg_rotate.o)
 *fill*         0x08002122        0x2 
 .text.ucg_dev_rotate180
                0x08002124      0x100 D:\HOC PTIT\Laptrinhnhung\SDK_1.0.3_NUCLEO-F401RE\lib_stm\libLibraries.a(ucg_rotate.o)
                0x08002124                ucg_dev_rotate180
 .text.ucg_SetRotate180
                0x08002224       0x34 D:\HOC PTIT\Laptrinhnhung\SDK_1.0.3_NUCLEO-F401RE\lib_stm\libLibraries.a(ucg_rotate.o)
                0x08002224                ucg_SetRotate180
 .text.bufInit  0x08002258       0x36 D:\HOC PTIT\Laptrinhnhung\SDK_1.0.3_NUCLEO-F401RE\lib_stm\libLibraries.a(buff.o)
                0x08002258                bufInit
 .text.bufNumItems
                0x0800228e       0x18 D:\HOC PTIT\Laptrinhnhung\SDK_1.0.3_NUCLEO-F401RE\lib_stm\libLibraries.a(buff.o)
                0x0800228e                bufNumItems
 .text.bufIsFull
                0x080022a6       0x26 D:\HOC PTIT\Laptrinhnhung\SDK_1.0.3_NUCLEO-F401RE\lib_stm\libLibraries.a(buff.o)
                0x080022a6                bufIsFull
 .text.bufIsEmpty
                0x080022cc       0x26 D:\HOC PTIT\Laptrinhnhung\SDK_1.0.3_NUCLEO-F401RE\lib_stm\libLibraries.a(buff.o)
                0x080022cc                bufIsEmpty
 .text.bufFlush
                0x080022f2       0x32 D:\HOC PTIT\Laptrinhnhung\SDK_1.0.3_NUCLEO-F401RE\lib_stm\libLibraries.a(buff.o)
                0x080022f2                bufFlush
 .text.bufEnDat
                0x08002324       0x9c D:\HOC PTIT\Laptrinhnhung\SDK_1.0.3_NUCLEO-F401RE\lib_stm\libLibraries.a(buff.o)
                0x08002324                bufEnDat
 .text.bufDeDat
                0x080023c0       0x84 D:\HOC PTIT\Laptrinhnhung\SDK_1.0.3_NUCLEO-F401RE\lib_stm\libLibraries.a(buff.o)
                0x080023c0                bufDeDat
 .text.memsetl  0x08002444       0x32 D:\HOC PTIT\Laptrinhnhung\SDK_1.0.3_NUCLEO-F401RE\lib_stm\libLibraries.a(utilities.o)
                0x08002444                memsetl
 .text.GPIO_Init
                0x08002476      0x11c D:\HOC PTIT\Laptrinhnhung\SDK_1.0.3_NUCLEO-F401RE\lib_stm\libLibraries.a(stm32f401re_gpio.o)
                0x08002476                GPIO_Init
 .text.GPIO_WriteBit
                0x08002592       0x30 D:\HOC PTIT\Laptrinhnhung\SDK_1.0.3_NUCLEO-F401RE\lib_stm\libLibraries.a(stm32f401re_gpio.o)
                0x08002592                GPIO_WriteBit
 *fill*         0x080025c2        0x2 
 .text.RCC_GetClocksFreq
                0x080025c4      0x150 D:\HOC PTIT\Laptrinhnhung\SDK_1.0.3_NUCLEO-F401RE\lib_stm\libLibraries.a(stm32f401re_rcc.o)
                0x080025c4                RCC_GetClocksFreq
 .text.RCC_AHB1PeriphClockCmd
                0x08002714       0x40 D:\HOC PTIT\Laptrinhnhung\SDK_1.0.3_NUCLEO-F401RE\lib_stm\libLibraries.a(stm32f401re_rcc.o)
                0x08002714                RCC_AHB1PeriphClockCmd
 .text.ucg_clip_is_x_visible
                0x08002754       0x4a D:\HOC PTIT\Laptrinhnhung\SDK_1.0.3_NUCLEO-F401RE\lib_stm\libLibraries.a(ucg_clip.o)
 .text.ucg_clip_is_y_visible
                0x0800279e       0x4a D:\HOC PTIT\Laptrinhnhung\SDK_1.0.3_NUCLEO-F401RE\lib_stm\libLibraries.a(ucg_clip.o)
 .text.ucg_clip_intersection
                0x080027e8       0x74 D:\HOC PTIT\Laptrinhnhung\SDK_1.0.3_NUCLEO-F401RE\lib_stm\libLibraries.a(ucg_clip.o)
 .text.ucg_clip_is_pixel_visible
                0x0800285c       0x32 D:\HOC PTIT\Laptrinhnhung\SDK_1.0.3_NUCLEO-F401RE\lib_stm\libLibraries.a(ucg_clip.o)
                0x0800285c                ucg_clip_is_pixel_visible
 *fill*         0x0800288e        0x2 
 .text.ucg_clip_l90fx
                0x08002890      0x300 D:\HOC PTIT\Laptrinhnhung\SDK_1.0.3_NUCLEO-F401RE\lib_stm\libLibraries.a(ucg_clip.o)
                0x08002890                ucg_clip_l90fx
 .text.ucg_clip_l90se
                0x08002b90       0x54 D:\HOC PTIT\Laptrinhnhung\SDK_1.0.3_NUCLEO-F401RE\lib_stm\libLibraries.a(ucg_clip.o)
                0x08002b90                ucg_clip_l90se
 .text.ucg_com_PowerDown
                0x08002be4       0x3e D:\HOC PTIT\Laptrinhnhung\SDK_1.0.3_NUCLEO-F401RE\lib_stm\libLibraries.a(ucg_com_msg_api.o)
                0x08002be4                ucg_com_PowerDown
 .text.ucg_com_PowerUp
                0x08002c22       0x60 D:\HOC PTIT\Laptrinhnhung\SDK_1.0.3_NUCLEO-F401RE\lib_stm\libLibraries.a(ucg_com_msg_api.o)
                0x08002c22                ucg_com_PowerUp
 .text.ucg_com_SetLineStatus
                0x08002c82       0xe2 D:\HOC PTIT\Laptrinhnhung\SDK_1.0.3_NUCLEO-F401RE\lib_stm\libLibraries.a(ucg_com_msg_api.o)
                0x08002c82                ucg_com_SetLineStatus
 .text.ucg_com_SetResetLineStatus
                0x08002d64       0x20 D:\HOC PTIT\Laptrinhnhung\SDK_1.0.3_NUCLEO-F401RE\lib_stm\libLibraries.a(ucg_com_msg_api.o)
                0x08002d64                ucg_com_SetResetLineStatus
 .text.ucg_com_SetCSLineStatus
                0x08002d84       0x20 D:\HOC PTIT\Laptrinhnhung\SDK_1.0.3_NUCLEO-F401RE\lib_stm\libLibraries.a(ucg_com_msg_api.o)
                0x08002d84                ucg_com_SetCSLineStatus
 .text.ucg_com_SetCDLineStatus
                0x08002da4       0x20 D:\HOC PTIT\Laptrinhnhung\SDK_1.0.3_NUCLEO-F401RE\lib_stm\libLibraries.a(ucg_com_msg_api.o)
                0x08002da4                ucg_com_SetCDLineStatus
 .text.ucg_com_DelayMicroseconds
                0x08002dc4       0x22 D:\HOC PTIT\Laptrinhnhung\SDK_1.0.3_NUCLEO-F401RE\lib_stm\libLibraries.a(ucg_com_msg_api.o)
                0x08002dc4                ucg_com_DelayMicroseconds
 .text.ucg_com_DelayMilliseconds
                0x08002de6       0x2c D:\HOC PTIT\Laptrinhnhung\SDK_1.0.3_NUCLEO-F401RE\lib_stm\libLibraries.a(ucg_com_msg_api.o)
                0x08002de6                ucg_com_DelayMilliseconds
 .text.ucg_com_SendByte
                0x08002e12       0x24 D:\HOC PTIT\Laptrinhnhung\SDK_1.0.3_NUCLEO-F401RE\lib_stm\libLibraries.a(ucg_com_msg_api.o)
                0x08002e12                ucg_com_SendByte
 .text.ucg_com_SendStringP
                0x08002e36       0x40 D:\HOC PTIT\Laptrinhnhung\SDK_1.0.3_NUCLEO-F401RE\lib_stm\libLibraries.a(ucg_com_msg_api.o)
                0x08002e36                ucg_com_SendStringP
 .text.ucg_com_SendCmdArg
                0x08002e76       0x74 D:\HOC PTIT\Laptrinhnhung\SDK_1.0.3_NUCLEO-F401RE\lib_stm\libLibraries.a(ucg_com_msg_api.o)
 *fill*         0x08002eea        0x2 
 .text.ucg_com_SendCmdSeq
                0x08002eec      0x278 D:\HOC PTIT\Laptrinhnhung\SDK_1.0.3_NUCLEO-F401RE\lib_stm\libLibraries.a(ucg_com_msg_api.o)
                0x08002eec                ucg_com_SendCmdSeq
 .text.__libc_init_array
                0x08003164       0x48 D:/HOC PTIT/STM32CubeIDE_1.14.1/STM32CubeIDE/plugins/com.st.stm32cube.ide.mcu.externaltools.gnu-tools-for-stm32.12.3.rel1.win32_1.1.0.202410251130/tools/bin/../lib/gcc/arm-none-eabi/12.3.1/../../../../arm-none-eabi/lib/thumb/v7e-m+fp/hard\libc_nano.a(libc_a-init.o)
                0x08003164                __libc_init_array
 *(.glue_7)
 .glue_7        0x080031ac        0x0 linker stubs
 *(.glue_7t)
 .glue_7t       0x080031ac        0x0 linker stubs
 *(.eh_frame)
 .eh_frame      0x080031ac        0x0 D:/HOC PTIT/STM32CubeIDE_1.14.1/STM32CubeIDE/plugins/com.st.stm32cube.ide.mcu.externaltools.gnu-tools-for-stm32.12.3.rel1.win32_1.1.0.202410251130/tools/bin/../lib/gcc/arm-none-eabi/12.3.1/thumb/v7e-m+fp/hard/crtbegin.o
 *(.init)
 .init          0x080031ac        0x4 D:/HOC PTIT/STM32CubeIDE_1.14.1/STM32CubeIDE/plugins/com.st.stm32cube.ide.mcu.externaltools.gnu-tools-for-stm32.12.3.rel1.win32_1.1.0.202410251130/tools/bin/../lib/gcc/arm-none-eabi/12.3.1/thumb/v7e-m+fp/hard/crti.o
                0x080031ac                _init
 .init          0x080031b0        0x8 D:/HOC PTIT/STM32CubeIDE_1.14.1/STM32CubeIDE/plugins/com.st.stm32cube.ide.mcu.externaltools.gnu-tools-for-stm32.12.3.rel1.win32_1.1.0.202410251130/tools/bin/../lib/gcc/arm-none-eabi/12.3.1/thumb/v7e-m+fp/hard/crtn.o
 *(.fini)
 .fini          0x080031b8        0x4 D:/HOC PTIT/STM32CubeIDE_1.14.1/STM32CubeIDE/plugins/com.st.stm32cube.ide.mcu.externaltools.gnu-tools-for-stm32.12.3.rel1.win32_1.1.0.202410251130/tools/bin/../lib/gcc/arm-none-eabi/12.3.1/thumb/v7e-m+fp/hard/crti.o
                0x080031b8                _fini
 .fini          0x080031bc        0x8 D:/HOC PTIT/STM32CubeIDE_1.14.1/STM32CubeIDE/plugins/com.st.stm32cube.ide.mcu.externaltools.gnu-tools-for-stm32.12.3.rel1.win32_1.1.0.202410251130/tools/bin/../lib/gcc/arm-none-eabi/12.3.1/thumb/v7e-m+fp/hard/crtn.o
                0x080031c4                        . = ALIGN (0x4)
                0x080031c4                        _etext = .

.vfp11_veneer   0x080031c4        0x0
 .vfp11_veneer  0x080031c4        0x0 linker stubs

.v4_bx          0x080031c4        0x0
 .v4_bx         0x080031c4        0x0 linker stubs

.iplt           0x080031c4        0x0
 .iplt          0x080031c4        0x0 D:/HOC PTIT/STM32CubeIDE_1.14.1/STM32CubeIDE/plugins/com.st.stm32cube.ide.mcu.externaltools.gnu-tools-for-stm32.12.3.rel1.win32_1.1.0.202410251130/tools/bin/../lib/gcc/arm-none-eabi/12.3.1/thumb/v7e-m+fp/hard/crtbegin.o

.rodata         0x080031c4      0x998
                0x080031c4                        . = ALIGN (0x4)
 *(.rodata)
 .rodata        0x080031c4       0x1c ./Src/main.o
 .rodata        0x080031e0        0xf D:\HOC PTIT\Laptrinhnhung\SDK_1.0.3_NUCLEO-F401RE\lib_stm\libLibraries.a(ucg_font.o)
 *(.rodata*)
 *fill*         0x080031ef        0x1 
 .rodata.ucg_st7735_set_pos_seq
                0x080031f0       0x1e D:\HOC PTIT\Laptrinhnhung\SDK_1.0.3_NUCLEO-F401RE\lib_stm\libLibraries.a(ucg_dev_ic_st7735.o)
                0x080031f0                ucg_st7735_set_pos_seq
 *fill*         0x0800320e        0x2 
 .rodata.ucg_st7735_set_pos_dir0_seq
                0x08003210       0x1e D:\HOC PTIT\Laptrinhnhung\SDK_1.0.3_NUCLEO-F401RE\lib_stm\libLibraries.a(ucg_dev_ic_st7735.o)
                0x08003210                ucg_st7735_set_pos_dir0_seq
 *fill*         0x0800322e        0x2 
 .rodata.ucg_st7735_set_pos_dir1_seq
                0x08003230       0x21 D:\HOC PTIT\Laptrinhnhung\SDK_1.0.3_NUCLEO-F401RE\lib_stm\libLibraries.a(ucg_dev_ic_st7735.o)
                0x08003230                ucg_st7735_set_pos_dir1_seq
 *fill*         0x08003251        0x3 
 .rodata.ucg_st7735_set_pos_dir2_seq
                0x08003254       0x21 D:\HOC PTIT\Laptrinhnhung\SDK_1.0.3_NUCLEO-F401RE\lib_stm\libLibraries.a(ucg_dev_ic_st7735.o)
                0x08003254                ucg_st7735_set_pos_dir2_seq
 *fill*         0x08003275        0x3 
 .rodata.ucg_st7735_set_pos_dir3_seq
                0x08003278       0x24 D:\HOC PTIT\Laptrinhnhung\SDK_1.0.3_NUCLEO-F401RE\lib_stm\libLibraries.a(ucg_dev_ic_st7735.o)
                0x08003278                ucg_st7735_set_pos_dir3_seq
 .rodata.ucg_st7735_power_down_seq
                0x0800329c        0x7 D:\HOC PTIT\Laptrinhnhung\SDK_1.0.3_NUCLEO-F401RE\lib_stm\libLibraries.a(ucg_dev_ic_st7735.o)
 *fill*         0x080032a3        0x1 
 .rodata.ucg_tft_128x160_st7735_init_seq
                0x080032a4       0x2c D:\HOC PTIT\Laptrinhnhung\SDK_1.0.3_NUCLEO-F401RE\lib_stm\libLibraries.a(ucg_dev_tft_128x128_st7735.o)
 .rodata.ucg_font_helvR08_tf
                0x080032d0      0x88b D:\HOC PTIT\Laptrinhnhung\SDK_1.0.3_NUCLEO-F401RE\lib_stm\libLibraries.a(ucg_pixel_font_data.o)
                0x080032d0                ucg_font_helvR08_tf
                0x08003b5c                        . = ALIGN (0x4)
 *fill*         0x08003b5b        0x1 

.ARM.extab      0x08003b5c        0x0
                0x08003b5c                        . = ALIGN (0x4)
 *(.ARM.extab* .gnu.linkonce.armextab.*)
                0x08003b5c                        . = ALIGN (0x4)

.ARM            0x08003b5c        0x0
                0x08003b5c                        . = ALIGN (0x4)
                0x08003b5c                        __exidx_start = .
 *(.ARM.exidx*)
                0x08003b5c                        __exidx_end = .
                0x08003b5c                        . = ALIGN (0x4)

.preinit_array  0x08003b5c        0x0
                0x08003b5c                        . = ALIGN (0x4)
                0x08003b5c                        PROVIDE (__preinit_array_start = .)
 *(.preinit_array*)
                0x08003b5c                        PROVIDE (__preinit_array_end = .)
                0x08003b5c                        . = ALIGN (0x4)

.init_array     0x08003b5c        0x4
                0x08003b5c                        . = ALIGN (0x4)
                0x08003b5c                        PROVIDE (__init_array_start = .)
 *(SORT_BY_NAME(.init_array.*))
 *(.init_array*)
 .init_array    0x08003b5c        0x4 D:/HOC PTIT/STM32CubeIDE_1.14.1/STM32CubeIDE/plugins/com.st.stm32cube.ide.mcu.externaltools.gnu-tools-for-stm32.12.3.rel1.win32_1.1.0.202410251130/tools/bin/../lib/gcc/arm-none-eabi/12.3.1/thumb/v7e-m+fp/hard/crtbegin.o
                0x08003b60                        PROVIDE (__init_array_end = .)
                0x08003b60                        . = ALIGN (0x4)

.fini_array     0x08003b60        0x4
                0x08003b60                        . = ALIGN (0x4)
                [!provide]                        PROVIDE (__fini_array_start = .)
 *(SORT_BY_NAME(.fini_array.*))
 *(.fini_array*)
 .fini_array    0x08003b60        0x4 D:/HOC PTIT/STM32CubeIDE_1.14.1/STM32CubeIDE/plugins/com.st.stm32cube.ide.mcu.externaltools.gnu-tools-for-stm32.12.3.rel1.win32_1.1.0.202410251130/tools/bin/../lib/gcc/arm-none-eabi/12.3.1/thumb/v7e-m+fp/hard/crtbegin.o
                [!provide]                        PROVIDE (__fini_array_end = .)
                0x08003b64                        . = ALIGN (0x4)
                0x08003b64                        _sidata = LOADADDR (.data)

.rel.dyn        0x08003b64        0x0
 .rel.iplt      0x08003b64        0x0 D:/HOC PTIT/STM32CubeIDE_1.14.1/STM32CubeIDE/plugins/com.st.stm32cube.ide.mcu.externaltools.gnu-tools-for-stm32.12.3.rel1.win32_1.1.0.202410251130/tools/bin/../lib/gcc/arm-none-eabi/12.3.1/thumb/v7e-m+fp/hard/crtbegin.o

.data           0x20000000       0x28 load address 0x08003b64
                0x20000000                        . = ALIGN (0x4)
                0x20000000                        _sdata = .
 *(.data)
 *(.data*)
 .data.SystemCoreClock
                0x20000000        0x4 D:\HOC PTIT\Laptrinhnhung\SDK_1.0.3_NUCLEO-F401RE\lib_stm\libLibraries.a(system_stm32f4xx.o)
                0x20000000                SystemCoreClock
 .data.AHBPrescTable
                0x20000004       0x10 D:\HOC PTIT\Laptrinhnhung\SDK_1.0.3_NUCLEO-F401RE\lib_stm\libLibraries.a(system_stm32f4xx.o)
                0x20000004                AHBPrescTable
 .data.idTaskScanDecodeLen
                0x20000014        0x1 D:\HOC PTIT\Laptrinhnhung\SDK_1.0.3_NUCLEO-F401RE\lib_stm\libLibraries.a(ucg_font.o)
 *fill*         0x20000015        0x3 
 .data.APBAHBPrescTable
                0x20000018       0x10 D:\HOC PTIT\Laptrinhnhung\SDK_1.0.3_NUCLEO-F401RE\lib_stm\libLibraries.a(stm32f401re_rcc.o)
 *(.RamFunc)
 *(.RamFunc*)
                0x20000028                        . = ALIGN (0x4)
                0x20000028                        _edata = .

.igot.plt       0x20000028        0x0 load address 0x08003b8c
 .igot.plt      0x20000028        0x0 D:/HOC PTIT/STM32CubeIDE_1.14.1/STM32CubeIDE/plugins/com.st.stm32cube.ide.mcu.externaltools.gnu-tools-for-stm32.12.3.rel1.win32_1.1.0.202410251130/tools/bin/../lib/gcc/arm-none-eabi/12.3.1/thumb/v7e-m+fp/hard/crtbegin.o
                0x20000028                        . = ALIGN (0x4)

.bss            0x20000028     0x1274 load address 0x08003b8c
                0x20000028                        _sbss = .
                0x20000028                        __bss_start__ = _sbss
 *(.bss)
 .bss           0x20000028       0x1c D:/HOC PTIT/STM32CubeIDE_1.14.1/STM32CubeIDE/plugins/com.st.stm32cube.ide.mcu.externaltools.gnu-tools-for-stm32.12.3.rel1.win32_1.1.0.202410251130/tools/bin/../lib/gcc/arm-none-eabi/12.3.1/thumb/v7e-m+fp/hard/crtbegin.o
 *(.bss*)
 .bss.ucg       0x20000044       0xb4 ./Src/main.o
 .bss.g_pTimerHandle
                0x200000f8      0x180 D:\HOC PTIT\Laptrinhnhung\SDK_1.0.3_NUCLEO-F401RE\lib_stm\libLibraries.a(timer.o)
 .bss.g_wMilSecTickTimer
                0x20000278        0x4 D:\HOC PTIT\Laptrinhnhung\SDK_1.0.3_NUCLEO-F401RE\lib_stm\libLibraries.a(timer.o)
 .bss.fontQueue
                0x2000027c       0x10 D:\HOC PTIT\Laptrinhnhung\SDK_1.0.3_NUCLEO-F401RE\lib_stm\libLibraries.a(ucg_font.o)
 .bss.pQueueFont
                0x2000028c     0x1000 D:\HOC PTIT\Laptrinhnhung\SDK_1.0.3_NUCLEO-F401RE\lib_stm\libLibraries.a(ucg_font.o)
 .bss.next.7562
                0x2000128c        0x1 D:\HOC PTIT\Laptrinhnhung\SDK_1.0.3_NUCLEO-F401RE\lib_stm\libLibraries.a(ucg_font.o)
 *(COMMON)
 *fill*         0x2000128d        0x3 
 COMMON         0x20001290        0xc D:\HOC PTIT\Laptrinhnhung\SDK_1.0.3_NUCLEO-F401RE\lib_stm\libLibraries.a(ucg_font.o)
                0x20001290                ucg_draw_str
                0x2000129c                        . = ALIGN (0x4)
                0x2000129c                        _ebss = .
                0x2000129c                        __bss_end__ = _ebss

._user_heap_stack
                0x2000129c      0x604 load address 0x08003b8c
                0x200012a0                        . = ALIGN (0x8)
 *fill*         0x2000129c        0x4 
                [!provide]                        PROVIDE (end = .)
                0x200012a0                        PROVIDE (_end = .)
                0x200014a0                        . = (. + _Min_Heap_Size)
 *fill*         0x200012a0      0x200 
                0x200018a0                        . = (. + _Min_Stack_Size)
 *fill*         0x200014a0      0x400 
                0x200018a0                        . = ALIGN (0x8)

/DISCARD/
 libc.a(*)
 libm.a(*)
 libgcc.a(*)

.ARM.attributes
                0x00000000       0x30
 *(.ARM.attributes)
 .ARM.attributes
                0x00000000       0x22 D:/HOC PTIT/STM32CubeIDE_1.14.1/STM32CubeIDE/plugins/com.st.stm32cube.ide.mcu.externaltools.gnu-tools-for-stm32.12.3.rel1.win32_1.1.0.202410251130/tools/bin/../lib/gcc/arm-none-eabi/12.3.1/thumb/v7e-m+fp/hard/crti.o
 .ARM.attributes
                0x00000022       0x34 D:/HOC PTIT/STM32CubeIDE_1.14.1/STM32CubeIDE/plugins/com.st.stm32cube.ide.mcu.externaltools.gnu-tools-for-stm32.12.3.rel1.win32_1.1.0.202410251130/tools/bin/../lib/gcc/arm-none-eabi/12.3.1/thumb/v7e-m+fp/hard/crtbegin.o
 .ARM.attributes
                0x00000056       0x34 ./Src/main.o
 .ARM.attributes
                0x0000008a       0x21 ./Startup/startup_stm32f401retx.o
 .ARM.attributes
                0x000000ab       0x39 D:\HOC PTIT\Laptrinhnhung\SDK_1.0.3_NUCLEO-F401RE\lib_stm\libLibraries.a(system_stm32f4xx.o)
 .ARM.attributes
                0x000000e4       0x39 D:\HOC PTIT\Laptrinhnhung\SDK_1.0.3_NUCLEO-F401RE\lib_stm\libLibraries.a(timer.o)
 .ARM.attributes
                0x0000011d       0x39 D:\HOC PTIT\Laptrinhnhung\SDK_1.0.3_NUCLEO-F401RE\lib_stm\libLibraries.a(Ucglib.o)
 .ARM.attributes
                0x00000156       0x39 D:\HOC PTIT\Laptrinhnhung\SDK_1.0.3_NUCLEO-F401RE\lib_stm\libLibraries.a(ucg_box.o)
 .ARM.attributes
                0x0000018f       0x39 D:\HOC PTIT\Laptrinhnhung\SDK_1.0.3_NUCLEO-F401RE\lib_stm\libLibraries.a(ucg_ccs.o)
 .ARM.attributes
                0x000001c8       0x39 D:\HOC PTIT\Laptrinhnhung\SDK_1.0.3_NUCLEO-F401RE\lib_stm\libLibraries.a(ucg_dev_default_cb.o)
 .ARM.attributes
                0x00000201       0x39 D:\HOC PTIT\Laptrinhnhung\SDK_1.0.3_NUCLEO-F401RE\lib_stm\libLibraries.a(ucg_dev_ic_st7735.o)
 .ARM.attributes
                0x0000023a       0x39 D:\HOC PTIT\Laptrinhnhung\SDK_1.0.3_NUCLEO-F401RE\lib_stm\libLibraries.a(ucg_dev_msg_api.o)
 .ARM.attributes
                0x00000273       0x39 D:\HOC PTIT\Laptrinhnhung\SDK_1.0.3_NUCLEO-F401RE\lib_stm\libLibraries.a(ucg_dev_tft_128x128_st7735.o)
 .ARM.attributes
                0x000002ac       0x39 D:\HOC PTIT\Laptrinhnhung\SDK_1.0.3_NUCLEO-F401RE\lib_stm\libLibraries.a(ucg_font.o)
 .ARM.attributes
                0x000002e5       0x39 D:\HOC PTIT\Laptrinhnhung\SDK_1.0.3_NUCLEO-F401RE\lib_stm\libLibraries.a(ucg_init.o)
 .ARM.attributes
                0x0000031e       0x39 D:\HOC PTIT\Laptrinhnhung\SDK_1.0.3_NUCLEO-F401RE\lib_stm\libLibraries.a(ucg_line.o)
 .ARM.attributes
                0x00000357       0x39 D:\HOC PTIT\Laptrinhnhung\SDK_1.0.3_NUCLEO-F401RE\lib_stm\libLibraries.a(ucg_pixel.o)
 .ARM.attributes
                0x00000390       0x39 D:\HOC PTIT\Laptrinhnhung\SDK_1.0.3_NUCLEO-F401RE\lib_stm\libLibraries.a(ucg_pixel_font_data.o)
 .ARM.attributes
                0x000003c9       0x39 D:\HOC PTIT\Laptrinhnhung\SDK_1.0.3_NUCLEO-F401RE\lib_stm\libLibraries.a(ucg_rotate.o)
 .ARM.attributes
                0x00000402       0x39 D:\HOC PTIT\Laptrinhnhung\SDK_1.0.3_NUCLEO-F401RE\lib_stm\libLibraries.a(buff.o)
 .ARM.attributes
                0x0000043b       0x39 D:\HOC PTIT\Laptrinhnhung\SDK_1.0.3_NUCLEO-F401RE\lib_stm\libLibraries.a(utilities.o)
 .ARM.attributes
                0x00000474       0x39 D:\HOC PTIT\Laptrinhnhung\SDK_1.0.3_NUCLEO-F401RE\lib_stm\libLibraries.a(stm32f401re_gpio.o)
 .ARM.attributes
                0x000004ad       0x39 D:\HOC PTIT\Laptrinhnhung\SDK_1.0.3_NUCLEO-F401RE\lib_stm\libLibraries.a(stm32f401re_rcc.o)
 .ARM.attributes
                0x000004e6       0x39 D:\HOC PTIT\Laptrinhnhung\SDK_1.0.3_NUCLEO-F401RE\lib_stm\libLibraries.a(ucg_clip.o)
 .ARM.attributes
                0x0000051f       0x39 D:\HOC PTIT\Laptrinhnhung\SDK_1.0.3_NUCLEO-F401RE\lib_stm\libLibraries.a(ucg_com_msg_api.o)
 .ARM.attributes
                0x00000558       0x34 D:/HOC PTIT/STM32CubeIDE_1.14.1/STM32CubeIDE/plugins/com.st.stm32cube.ide.mcu.externaltools.gnu-tools-for-stm32.12.3.rel1.win32_1.1.0.202410251130/tools/bin/../lib/gcc/arm-none-eabi/12.3.1/../../../../arm-none-eabi/lib/thumb/v7e-m+fp/hard\libc_nano.a(libc_a-init.o)
 .ARM.attributes
                0x0000058c       0x22 D:/HOC PTIT/STM32CubeIDE_1.14.1/STM32CubeIDE/plugins/com.st.stm32cube.ide.mcu.externaltools.gnu-tools-for-stm32.12.3.rel1.win32_1.1.0.202410251130/tools/bin/../lib/gcc/arm-none-eabi/12.3.1/thumb/v7e-m+fp/hard/crtn.o
OUTPUT(bai1.elf elf32-littlearm)
LOAD linker stubs
LOAD D:/HOC PTIT/STM32CubeIDE_1.14.1/STM32CubeIDE/plugins/com.st.stm32cube.ide.mcu.externaltools.gnu-tools-for-stm32.12.3.rel1.win32_1.1.0.202410251130/tools/bin/../lib/gcc/arm-none-eabi/12.3.1/../../../../arm-none-eabi/lib/thumb/v7e-m+fp/hard\libc.a
LOAD D:/HOC PTIT/STM32CubeIDE_1.14.1/STM32CubeIDE/plugins/com.st.stm32cube.ide.mcu.externaltools.gnu-tools-for-stm32.12.3.rel1.win32_1.1.0.202410251130/tools/bin/../lib/gcc/arm-none-eabi/12.3.1/../../../../arm-none-eabi/lib/thumb/v7e-m+fp/hard\libm.a
LOAD D:/HOC PTIT/STM32CubeIDE_1.14.1/STM32CubeIDE/plugins/com.st.stm32cube.ide.mcu.externaltools.gnu-tools-for-stm32.12.3.rel1.win32_1.1.0.202410251130/tools/bin/../lib/gcc/arm-none-eabi/12.3.1/thumb/v7e-m+fp/hard\libgcc.a

.debug_info     0x00000000    0x34223
 .debug_info    0x00000000      0x7d3 ./Src/main.o
 .debug_info    0x000007d3       0x30 ./Startup/startup_stm32f401retx.o
 .debug_info    0x00000803      0x5bb D:\HOC PTIT\Laptrinhnhung\SDK_1.0.3_NUCLEO-F401RE\lib_stm\libLibraries.a(system_stm32f4xx.o)
 .debug_info    0x00000dbe      0x922 D:\HOC PTIT\Laptrinhnhung\SDK_1.0.3_NUCLEO-F401RE\lib_stm\libLibraries.a(timer.o)
 .debug_info    0x000016e0     0x333f D:\HOC PTIT\Laptrinhnhung\SDK_1.0.3_NUCLEO-F401RE\lib_stm\libLibraries.a(Ucglib.o)
 .debug_info    0x00004a1f     0x329d D:\HOC PTIT\Laptrinhnhung\SDK_1.0.3_NUCLEO-F401RE\lib_stm\libLibraries.a(ucg_box.o)
 .debug_info    0x00007cbc     0x2b08 D:\HOC PTIT\Laptrinhnhung\SDK_1.0.3_NUCLEO-F401RE\lib_stm\libLibraries.a(ucg_ccs.o)
 .debug_info    0x0000a7c4     0x324b D:\HOC PTIT\Laptrinhnhung\SDK_1.0.3_NUCLEO-F401RE\lib_stm\libLibraries.a(ucg_dev_default_cb.o)
 .debug_info    0x0000da0f     0x3272 D:\HOC PTIT\Laptrinhnhung\SDK_1.0.3_NUCLEO-F401RE\lib_stm\libLibraries.a(ucg_dev_ic_st7735.o)
 .debug_info    0x00010c81     0x3178 D:\HOC PTIT\Laptrinhnhung\SDK_1.0.3_NUCLEO-F401RE\lib_stm\libLibraries.a(ucg_dev_msg_api.o)
 .debug_info    0x00013df9     0x303e D:\HOC PTIT\Laptrinhnhung\SDK_1.0.3_NUCLEO-F401RE\lib_stm\libLibraries.a(ucg_dev_tft_128x128_st7735.o)
 .debug_info    0x00016e37     0x43ab D:\HOC PTIT\Laptrinhnhung\SDK_1.0.3_NUCLEO-F401RE\lib_stm\libLibraries.a(ucg_font.o)
 .debug_info    0x0001b1e2     0x3856 D:\HOC PTIT\Laptrinhnhung\SDK_1.0.3_NUCLEO-F401RE\lib_stm\libLibraries.a(ucg_init.o)
 .debug_info    0x0001ea38     0x3222 D:\HOC PTIT\Laptrinhnhung\SDK_1.0.3_NUCLEO-F401RE\lib_stm\libLibraries.a(ucg_line.o)
 .debug_info    0x00021c5a     0x3056 D:\HOC PTIT\Laptrinhnhung\SDK_1.0.3_NUCLEO-F401RE\lib_stm\libLibraries.a(ucg_pixel.o)
 .debug_info    0x00024cb0     0x43df D:\HOC PTIT\Laptrinhnhung\SDK_1.0.3_NUCLEO-F401RE\lib_stm\libLibraries.a(ucg_pixel_font_data.o)
 .debug_info    0x0002908f     0x3231 D:\HOC PTIT\Laptrinhnhung\SDK_1.0.3_NUCLEO-F401RE\lib_stm\libLibraries.a(ucg_rotate.o)
 .debug_info    0x0002c2c0      0x339 D:\HOC PTIT\Laptrinhnhung\SDK_1.0.3_NUCLEO-F401RE\lib_stm\libLibraries.a(buff.o)
 .debug_info    0x0002c5f9      0x2bd D:\HOC PTIT\Laptrinhnhung\SDK_1.0.3_NUCLEO-F401RE\lib_stm\libLibraries.a(utilities.o)
 .debug_info    0x0002c8b6      0x62b D:\HOC PTIT\Laptrinhnhung\SDK_1.0.3_NUCLEO-F401RE\lib_stm\libLibraries.a(stm32f401re_gpio.o)
 .debug_info    0x0002cee1      0xd5e D:\HOC PTIT\Laptrinhnhung\SDK_1.0.3_NUCLEO-F401RE\lib_stm\libLibraries.a(stm32f401re_rcc.o)
 .debug_info    0x0002dc3f     0x315a D:\HOC PTIT\Laptrinhnhung\SDK_1.0.3_NUCLEO-F401RE\lib_stm\libLibraries.a(ucg_clip.o)
 .debug_info    0x00030d99     0x348a D:\HOC PTIT\Laptrinhnhung\SDK_1.0.3_NUCLEO-F401RE\lib_stm\libLibraries.a(ucg_com_msg_api.o)

.debug_abbrev   0x00000000     0x2337
 .debug_abbrev  0x00000000      0x1d1 ./Src/main.o
 .debug_abbrev  0x000001d1       0x24 ./Startup/startup_stm32f401retx.o
 .debug_abbrev  0x000001f5      0x138 D:\HOC PTIT\Laptrinhnhung\SDK_1.0.3_NUCLEO-F401RE\lib_stm\libLibraries.a(system_stm32f4xx.o)
 .debug_abbrev  0x0000032d      0x29a D:\HOC PTIT\Laptrinhnhung\SDK_1.0.3_NUCLEO-F401RE\lib_stm\libLibraries.a(timer.o)
 .debug_abbrev  0x000005c7      0x202 D:\HOC PTIT\Laptrinhnhung\SDK_1.0.3_NUCLEO-F401RE\lib_stm\libLibraries.a(Ucglib.o)
 .debug_abbrev  0x000007c9      0x18b D:\HOC PTIT\Laptrinhnhung\SDK_1.0.3_NUCLEO-F401RE\lib_stm\libLibraries.a(ucg_box.o)
 .debug_abbrev  0x00000954       0xf5 D:\HOC PTIT\Laptrinhnhung\SDK_1.0.3_NUCLEO-F401RE\lib_stm\libLibraries.a(ucg_ccs.o)
 .debug_abbrev  0x00000a49      0x19e D:\HOC PTIT\Laptrinhnhung\SDK_1.0.3_NUCLEO-F401RE\lib_stm\libLibraries.a(ucg_dev_default_cb.o)
 .debug_abbrev  0x00000be7      0x1dc D:\HOC PTIT\Laptrinhnhung\SDK_1.0.3_NUCLEO-F401RE\lib_stm\libLibraries.a(ucg_dev_ic_st7735.o)
 .debug_abbrev  0x00000dc3      0x191 D:\HOC PTIT\Laptrinhnhung\SDK_1.0.3_NUCLEO-F401RE\lib_stm\libLibraries.a(ucg_dev_msg_api.o)
 .debug_abbrev  0x00000f54      0x14e D:\HOC PTIT\Laptrinhnhung\SDK_1.0.3_NUCLEO-F401RE\lib_stm\libLibraries.a(ucg_dev_tft_128x128_st7735.o)
 .debug_abbrev  0x000010a2      0x2fc D:\HOC PTIT\Laptrinhnhung\SDK_1.0.3_NUCLEO-F401RE\lib_stm\libLibraries.a(ucg_font.o)
 .debug_abbrev  0x0000139e      0x1c6 D:\HOC PTIT\Laptrinhnhung\SDK_1.0.3_NUCLEO-F401RE\lib_stm\libLibraries.a(ucg_init.o)
 .debug_abbrev  0x00001564      0x175 D:\HOC PTIT\Laptrinhnhung\SDK_1.0.3_NUCLEO-F401RE\lib_stm\libLibraries.a(ucg_line.o)
 .debug_abbrev  0x000016d9      0x148 D:\HOC PTIT\Laptrinhnhung\SDK_1.0.3_NUCLEO-F401RE\lib_stm\libLibraries.a(ucg_pixel.o)
 .debug_abbrev  0x00001821       0x83 D:\HOC PTIT\Laptrinhnhung\SDK_1.0.3_NUCLEO-F401RE\lib_stm\libLibraries.a(ucg_pixel_font_data.o)
 .debug_abbrev  0x000018a4      0x1a3 D:\HOC PTIT\Laptrinhnhung\SDK_1.0.3_NUCLEO-F401RE\lib_stm\libLibraries.a(ucg_rotate.o)
 .debug_abbrev  0x00001a47      0x12a D:\HOC PTIT\Laptrinhnhung\SDK_1.0.3_NUCLEO-F401RE\lib_stm\libLibraries.a(buff.o)
 .debug_abbrev  0x00001b71       0xce D:\HOC PTIT\Laptrinhnhung\SDK_1.0.3_NUCLEO-F401RE\lib_stm\libLibraries.a(utilities.o)
 .debug_abbrev  0x00001c3f      0x1bf D:\HOC PTIT\Laptrinhnhung\SDK_1.0.3_NUCLEO-F401RE\lib_stm\libLibraries.a(stm32f401re_gpio.o)
 .debug_abbrev  0x00001dfe      0x1d4 D:\HOC PTIT\Laptrinhnhung\SDK_1.0.3_NUCLEO-F401RE\lib_stm\libLibraries.a(stm32f401re_rcc.o)
 .debug_abbrev  0x00001fd2      0x173 D:\HOC PTIT\Laptrinhnhung\SDK_1.0.3_NUCLEO-F401RE\lib_stm\libLibraries.a(ucg_clip.o)
 .debug_abbrev  0x00002145      0x1f2 D:\HOC PTIT\Laptrinhnhung\SDK_1.0.3_NUCLEO-F401RE\lib_stm\libLibraries.a(ucg_com_msg_api.o)

.debug_aranges  0x00000000      0x8d8
 .debug_aranges
                0x00000000       0x20 ./Src/main.o
 .debug_aranges
                0x00000020       0x28 ./Startup/startup_stm32f401retx.o
 .debug_aranges
                0x00000048       0x30 D:\HOC PTIT\Laptrinhnhung\SDK_1.0.3_NUCLEO-F401RE\lib_stm\libLibraries.a(system_stm32f4xx.o)
 .debug_aranges
                0x00000078       0x70 D:\HOC PTIT\Laptrinhnhung\SDK_1.0.3_NUCLEO-F401RE\lib_stm\libLibraries.a(timer.o)
 .debug_aranges
                0x000000e8       0x48 D:\HOC PTIT\Laptrinhnhung\SDK_1.0.3_NUCLEO-F401RE\lib_stm\libLibraries.a(Ucglib.o)
 .debug_aranges
                0x00000130       0x48 D:\HOC PTIT\Laptrinhnhung\SDK_1.0.3_NUCLEO-F401RE\lib_stm\libLibraries.a(ucg_box.o)
 .debug_aranges
                0x00000178       0x30 D:\HOC PTIT\Laptrinhnhung\SDK_1.0.3_NUCLEO-F401RE\lib_stm\libLibraries.a(ucg_ccs.o)
 .debug_aranges
                0x000001a8       0x48 D:\HOC PTIT\Laptrinhnhung\SDK_1.0.3_NUCLEO-F401RE\lib_stm\libLibraries.a(ucg_dev_default_cb.o)
 .debug_aranges
                0x000001f0       0x40 D:\HOC PTIT\Laptrinhnhung\SDK_1.0.3_NUCLEO-F401RE\lib_stm\libLibraries.a(ucg_dev_ic_st7735.o)
 .debug_aranges
                0x00000230       0x60 D:\HOC PTIT\Laptrinhnhung\SDK_1.0.3_NUCLEO-F401RE\lib_stm\libLibraries.a(ucg_dev_msg_api.o)
 .debug_aranges
                0x00000290       0x20 D:\HOC PTIT\Laptrinhnhung\SDK_1.0.3_NUCLEO-F401RE\lib_stm\libLibraries.a(ucg_dev_tft_128x128_st7735.o)
 .debug_aranges
                0x000002b0      0x168 D:\HOC PTIT\Laptrinhnhung\SDK_1.0.3_NUCLEO-F401RE\lib_stm\libLibraries.a(ucg_font.o)
 .debug_aranges
                0x00000418       0x28 D:\HOC PTIT\Laptrinhnhung\SDK_1.0.3_NUCLEO-F401RE\lib_stm\libLibraries.a(ucg_init.o)
 .debug_aranges
                0x00000440       0x48 D:\HOC PTIT\Laptrinhnhung\SDK_1.0.3_NUCLEO-F401RE\lib_stm\libLibraries.a(ucg_line.o)
 .debug_aranges
                0x00000488       0x28 D:\HOC PTIT\Laptrinhnhung\SDK_1.0.3_NUCLEO-F401RE\lib_stm\libLibraries.a(ucg_pixel.o)
 .debug_aranges
                0x000004b0       0x18 D:\HOC PTIT\Laptrinhnhung\SDK_1.0.3_NUCLEO-F401RE\lib_stm\libLibraries.a(ucg_pixel_font_data.o)
 .debug_aranges
                0x000004c8       0x68 D:\HOC PTIT\Laptrinhnhung\SDK_1.0.3_NUCLEO-F401RE\lib_stm\libLibraries.a(ucg_rotate.o)
 .debug_aranges
                0x00000530       0x50 D:\HOC PTIT\Laptrinhnhung\SDK_1.0.3_NUCLEO-F401RE\lib_stm\libLibraries.a(buff.o)
 .debug_aranges
                0x00000580       0x48 D:\HOC PTIT\Laptrinhnhung\SDK_1.0.3_NUCLEO-F401RE\lib_stm\libLibraries.a(utilities.o)
 .debug_aranges
                0x000005c8       0x88 D:\HOC PTIT\Laptrinhnhung\SDK_1.0.3_NUCLEO-F401RE\lib_stm\libLibraries.a(stm32f401re_gpio.o)
 .debug_aranges
                0x00000650      0x198 D:\HOC PTIT\Laptrinhnhung\SDK_1.0.3_NUCLEO-F401RE\lib_stm\libLibraries.a(stm32f401re_rcc.o)
 .debug_aranges
                0x000007e8       0x50 D:\HOC PTIT\Laptrinhnhung\SDK_1.0.3_NUCLEO-F401RE\lib_stm\libLibraries.a(ucg_clip.o)
 .debug_aranges
                0x00000838       0xa0 D:\HOC PTIT\Laptrinhnhung\SDK_1.0.3_NUCLEO-F401RE\lib_stm\libLibraries.a(ucg_com_msg_api.o)

.debug_rnglists
                0x00000000       0x2d
 .debug_rnglists
                0x00000000       0x14 ./Src/main.o
 .debug_rnglists
                0x00000014       0x19 ./Startup/startup_stm32f401retx.o

.debug_macro    0x00000000     0xda27
 .debug_macro   0x00000000       0x8e ./Src/main.o
 .debug_macro   0x0000008e      0xac0 ./Src/main.o
 .debug_macro   0x00000b4e       0x22 ./Src/main.o
 .debug_macro   0x00000b70       0x8e ./Src/main.o
 .debug_macro   0x00000bfe       0x51 ./Src/main.o
 .debug_macro   0x00000c4f      0x103 ./Src/main.o
 .debug_macro   0x00000d52       0x6a ./Src/main.o
 .debug_macro   0x00000dbc      0x1df ./Src/main.o
 .debug_macro   0x00000f9b       0x22 ./Src/main.o
 .debug_macro   0x00000fbd      0x189 ./Src/main.o
 .debug_macro   0x00001146      0x301 ./Src/main.o
 .debug_macro   0x00001447       0xce D:\HOC PTIT\Laptrinhnhung\SDK_1.0.3_NUCLEO-F401RE\lib_stm\libLibraries.a(system_stm32f4xx.o)
 .debug_macro   0x00001515      0xa66 D:\HOC PTIT\Laptrinhnhung\SDK_1.0.3_NUCLEO-F401RE\lib_stm\libLibraries.a(system_stm32f4xx.o)
 .debug_macro   0x00001f7b       0x6b D:\HOC PTIT\Laptrinhnhung\SDK_1.0.3_NUCLEO-F401RE\lib_stm\libLibraries.a(system_stm32f4xx.o)
 .debug_macro   0x00001fe6       0x3b D:\HOC PTIT\Laptrinhnhung\SDK_1.0.3_NUCLEO-F401RE\lib_stm\libLibraries.a(system_stm32f4xx.o)
 .debug_macro   0x00002021       0x22 D:\HOC PTIT\Laptrinhnhung\SDK_1.0.3_NUCLEO-F401RE\lib_stm\libLibraries.a(system_stm32f4xx.o)
 .debug_macro   0x00002043       0x8e D:\HOC PTIT\Laptrinhnhung\SDK_1.0.3_NUCLEO-F401RE\lib_stm\libLibraries.a(system_stm32f4xx.o)
 .debug_macro   0x000020d1       0xef D:\HOC PTIT\Laptrinhnhung\SDK_1.0.3_NUCLEO-F401RE\lib_stm\libLibraries.a(system_stm32f4xx.o)
 .debug_macro   0x000021c0       0x34 D:\HOC PTIT\Laptrinhnhung\SDK_1.0.3_NUCLEO-F401RE\lib_stm\libLibraries.a(system_stm32f4xx.o)
 .debug_macro   0x000021f4       0x26 D:\HOC PTIT\Laptrinhnhung\SDK_1.0.3_NUCLEO-F401RE\lib_stm\libLibraries.a(system_stm32f4xx.o)
 .debug_macro   0x0000221a      0xe43 D:\HOC PTIT\Laptrinhnhung\SDK_1.0.3_NUCLEO-F401RE\lib_stm\libLibraries.a(system_stm32f4xx.o)
 .debug_macro   0x0000305d     0x8018 D:\HOC PTIT\Laptrinhnhung\SDK_1.0.3_NUCLEO-F401RE\lib_stm\libLibraries.a(system_stm32f4xx.o)
 .debug_macro   0x0000b075       0xe3 D:\HOC PTIT\Laptrinhnhung\SDK_1.0.3_NUCLEO-F401RE\lib_stm\libLibraries.a(timer.o)
 .debug_macro   0x0000b158       0x1c D:\HOC PTIT\Laptrinhnhung\SDK_1.0.3_NUCLEO-F401RE\lib_stm\libLibraries.a(timer.o)
 .debug_macro   0x0000b174      0x644 D:\HOC PTIT\Laptrinhnhung\SDK_1.0.3_NUCLEO-F401RE\lib_stm\libLibraries.a(timer.o)
 .debug_macro   0x0000b7b8       0x16 D:\HOC PTIT\Laptrinhnhung\SDK_1.0.3_NUCLEO-F401RE\lib_stm\libLibraries.a(timer.o)
 .debug_macro   0x0000b7ce      0x141 D:\HOC PTIT\Laptrinhnhung\SDK_1.0.3_NUCLEO-F401RE\lib_stm\libLibraries.a(Ucglib.o)
 .debug_macro   0x0000b90f      0x174 D:\HOC PTIT\Laptrinhnhung\SDK_1.0.3_NUCLEO-F401RE\lib_stm\libLibraries.a(Ucglib.o)
 .debug_macro   0x0000ba83      0x2f4 D:\HOC PTIT\Laptrinhnhung\SDK_1.0.3_NUCLEO-F401RE\lib_stm\libLibraries.a(Ucglib.o)
 .debug_macro   0x0000bd77       0x84 D:\HOC PTIT\Laptrinhnhung\SDK_1.0.3_NUCLEO-F401RE\lib_stm\libLibraries.a(ucg_box.o)
 .debug_macro   0x0000bdfb       0x84 D:\HOC PTIT\Laptrinhnhung\SDK_1.0.3_NUCLEO-F401RE\lib_stm\libLibraries.a(ucg_ccs.o)
 .debug_macro   0x0000be7f       0x84 D:\HOC PTIT\Laptrinhnhung\SDK_1.0.3_NUCLEO-F401RE\lib_stm\libLibraries.a(ucg_dev_default_cb.o)
 .debug_macro   0x0000bf03       0x84 D:\HOC PTIT\Laptrinhnhung\SDK_1.0.3_NUCLEO-F401RE\lib_stm\libLibraries.a(ucg_dev_ic_st7735.o)
 .debug_macro   0x0000bf87       0x88 D:\HOC PTIT\Laptrinhnhung\SDK_1.0.3_NUCLEO-F401RE\lib_stm\libLibraries.a(ucg_dev_msg_api.o)
 .debug_macro   0x0000c00f       0x84 D:\HOC PTIT\Laptrinhnhung\SDK_1.0.3_NUCLEO-F401RE\lib_stm\libLibraries.a(ucg_dev_tft_128x128_st7735.o)
 .debug_macro   0x0000c093      0x15a D:\HOC PTIT\Laptrinhnhung\SDK_1.0.3_NUCLEO-F401RE\lib_stm\libLibraries.a(ucg_font.o)
 .debug_macro   0x0000c1ed       0x1c D:\HOC PTIT\Laptrinhnhung\SDK_1.0.3_NUCLEO-F401RE\lib_stm\libLibraries.a(ucg_font.o)
 .debug_macro   0x0000c209       0x46 D:\HOC PTIT\Laptrinhnhung\SDK_1.0.3_NUCLEO-F401RE\lib_stm\libLibraries.a(ucg_font.o)
 .debug_macro   0x0000c24f       0x18 D:\HOC PTIT\Laptrinhnhung\SDK_1.0.3_NUCLEO-F401RE\lib_stm\libLibraries.a(ucg_font.o)
 .debug_macro   0x0000c267       0x3c D:\HOC PTIT\Laptrinhnhung\SDK_1.0.3_NUCLEO-F401RE\lib_stm\libLibraries.a(ucg_font.o)
 .debug_macro   0x0000c2a3       0x52 D:\HOC PTIT\Laptrinhnhung\SDK_1.0.3_NUCLEO-F401RE\lib_stm\libLibraries.a(ucg_font.o)
 .debug_macro   0x0000c2f5       0x1f D:\HOC PTIT\Laptrinhnhung\SDK_1.0.3_NUCLEO-F401RE\lib_stm\libLibraries.a(ucg_font.o)
 .debug_macro   0x0000c314       0x43 D:\HOC PTIT\Laptrinhnhung\SDK_1.0.3_NUCLEO-F401RE\lib_stm\libLibraries.a(ucg_font.o)
 .debug_macro   0x0000c357       0x20 D:\HOC PTIT\Laptrinhnhung\SDK_1.0.3_NUCLEO-F401RE\lib_stm\libLibraries.a(ucg_font.o)
 .debug_macro   0x0000c377      0x1a3 D:\HOC PTIT\Laptrinhnhung\SDK_1.0.3_NUCLEO-F401RE\lib_stm\libLibraries.a(ucg_font.o)
 .debug_macro   0x0000c51a      0x330 D:\HOC PTIT\Laptrinhnhung\SDK_1.0.3_NUCLEO-F401RE\lib_stm\libLibraries.a(ucg_font.o)
 .debug_macro   0x0000c84a       0x10 D:\HOC PTIT\Laptrinhnhung\SDK_1.0.3_NUCLEO-F401RE\lib_stm\libLibraries.a(ucg_font.o)
 .debug_macro   0x0000c85a       0x35 D:\HOC PTIT\Laptrinhnhung\SDK_1.0.3_NUCLEO-F401RE\lib_stm\libLibraries.a(ucg_font.o)
 .debug_macro   0x0000c88f       0x20 D:\HOC PTIT\Laptrinhnhung\SDK_1.0.3_NUCLEO-F401RE\lib_stm\libLibraries.a(ucg_font.o)
 .debug_macro   0x0000c8af      0x145 D:\HOC PTIT\Laptrinhnhung\SDK_1.0.3_NUCLEO-F401RE\lib_stm\libLibraries.a(ucg_init.o)
 .debug_macro   0x0000c9f4       0x84 D:\HOC PTIT\Laptrinhnhung\SDK_1.0.3_NUCLEO-F401RE\lib_stm\libLibraries.a(ucg_line.o)
 .debug_macro   0x0000ca78       0x84 D:\HOC PTIT\Laptrinhnhung\SDK_1.0.3_NUCLEO-F401RE\lib_stm\libLibraries.a(ucg_pixel.o)
 .debug_macro   0x0000cafc       0x84 D:\HOC PTIT\Laptrinhnhung\SDK_1.0.3_NUCLEO-F401RE\lib_stm\libLibraries.a(ucg_pixel_font_data.o)
 .debug_macro   0x0000cb80       0xbd D:\HOC PTIT\Laptrinhnhung\SDK_1.0.3_NUCLEO-F401RE\lib_stm\libLibraries.a(ucg_rotate.o)
 .debug_macro   0x0000cc3d       0xc2 D:\HOC PTIT\Laptrinhnhung\SDK_1.0.3_NUCLEO-F401RE\lib_stm\libLibraries.a(buff.o)
 .debug_macro   0x0000ccff       0x16 D:\HOC PTIT\Laptrinhnhung\SDK_1.0.3_NUCLEO-F401RE\lib_stm\libLibraries.a(buff.o)
 .debug_macro   0x0000cd15       0x72 D:\HOC PTIT\Laptrinhnhung\SDK_1.0.3_NUCLEO-F401RE\lib_stm\libLibraries.a(utilities.o)
 .debug_macro   0x0000cd87       0x10 D:\HOC PTIT\Laptrinhnhung\SDK_1.0.3_NUCLEO-F401RE\lib_stm\libLibraries.a(utilities.o)
 .debug_macro   0x0000cd97       0xc3 D:\HOC PTIT\Laptrinhnhung\SDK_1.0.3_NUCLEO-F401RE\lib_stm\libLibraries.a(stm32f401re_gpio.o)
 .debug_macro   0x0000ce5a      0x2ee D:\HOC PTIT\Laptrinhnhung\SDK_1.0.3_NUCLEO-F401RE\lib_stm\libLibraries.a(stm32f401re_gpio.o)
 .debug_macro   0x0000d148      0x64a D:\HOC PTIT\Laptrinhnhung\SDK_1.0.3_NUCLEO-F401RE\lib_stm\libLibraries.a(stm32f401re_gpio.o)
 .debug_macro   0x0000d792      0x18d D:\HOC PTIT\Laptrinhnhung\SDK_1.0.3_NUCLEO-F401RE\lib_stm\libLibraries.a(stm32f401re_rcc.o)
 .debug_macro   0x0000d91f       0x84 D:\HOC PTIT\Laptrinhnhung\SDK_1.0.3_NUCLEO-F401RE\lib_stm\libLibraries.a(ucg_clip.o)
 .debug_macro   0x0000d9a3       0x84 D:\HOC PTIT\Laptrinhnhung\SDK_1.0.3_NUCLEO-F401RE\lib_stm\libLibraries.a(ucg_com_msg_api.o)

.debug_line     0x00000000     0x7625
 .debug_line    0x00000000      0x4e1 ./Src/main.o
 .debug_line    0x000004e1       0x7b ./Startup/startup_stm32f401retx.o
 .debug_line    0x0000055c      0x4a0 D:\HOC PTIT\Laptrinhnhung\SDK_1.0.3_NUCLEO-F401RE\lib_stm\libLibraries.a(system_stm32f4xx.o)
 .debug_line    0x000009fc      0x684 D:\HOC PTIT\Laptrinhnhung\SDK_1.0.3_NUCLEO-F401RE\lib_stm\libLibraries.a(timer.o)
 .debug_line    0x00001080      0x5cd D:\HOC PTIT\Laptrinhnhung\SDK_1.0.3_NUCLEO-F401RE\lib_stm\libLibraries.a(Ucglib.o)
 .debug_line    0x0000164d      0x4c6 D:\HOC PTIT\Laptrinhnhung\SDK_1.0.3_NUCLEO-F401RE\lib_stm\libLibraries.a(ucg_box.o)
 .debug_line    0x00001b13      0x420 D:\HOC PTIT\Laptrinhnhung\SDK_1.0.3_NUCLEO-F401RE\lib_stm\libLibraries.a(ucg_ccs.o)
 .debug_line    0x00001f33      0x521 D:\HOC PTIT\Laptrinhnhung\SDK_1.0.3_NUCLEO-F401RE\lib_stm\libLibraries.a(ucg_dev_default_cb.o)
 .debug_line    0x00002454      0x512 D:\HOC PTIT\Laptrinhnhung\SDK_1.0.3_NUCLEO-F401RE\lib_stm\libLibraries.a(ucg_dev_ic_st7735.o)
 .debug_line    0x00002966      0x48a D:\HOC PTIT\Laptrinhnhung\SDK_1.0.3_NUCLEO-F401RE\lib_stm\libLibraries.a(ucg_dev_msg_api.o)
 .debug_line    0x00002df0      0x403 D:\HOC PTIT\Laptrinhnhung\SDK_1.0.3_NUCLEO-F401RE\lib_stm\libLibraries.a(ucg_dev_tft_128x128_st7735.o)
 .debug_line    0x000031f3      0x971 D:\HOC PTIT\Laptrinhnhung\SDK_1.0.3_NUCLEO-F401RE\lib_stm\libLibraries.a(ucg_font.o)
 .debug_line    0x00003b64      0x55c D:\HOC PTIT\Laptrinhnhung\SDK_1.0.3_NUCLEO-F401RE\lib_stm\libLibraries.a(ucg_init.o)
 .debug_line    0x000040c0      0x498 D:\HOC PTIT\Laptrinhnhung\SDK_1.0.3_NUCLEO-F401RE\lib_stm\libLibraries.a(ucg_line.o)
 .debug_line    0x00004558      0x400 D:\HOC PTIT\Laptrinhnhung\SDK_1.0.3_NUCLEO-F401RE\lib_stm\libLibraries.a(ucg_pixel.o)
 .debug_line    0x00004958      0x3e1 D:\HOC PTIT\Laptrinhnhung\SDK_1.0.3_NUCLEO-F401RE\lib_stm\libLibraries.a(ucg_pixel_font_data.o)
 .debug_line    0x00004d39      0x5d4 D:\HOC PTIT\Laptrinhnhung\SDK_1.0.3_NUCLEO-F401RE\lib_stm\libLibraries.a(ucg_rotate.o)
 .debug_line    0x0000530d      0x532 D:\HOC PTIT\Laptrinhnhung\SDK_1.0.3_NUCLEO-F401RE\lib_stm\libLibraries.a(buff.o)
 .debug_line    0x0000583f      0x46f D:\HOC PTIT\Laptrinhnhung\SDK_1.0.3_NUCLEO-F401RE\lib_stm\libLibraries.a(utilities.o)
 .debug_line    0x00005cae      0x65e D:\HOC PTIT\Laptrinhnhung\SDK_1.0.3_NUCLEO-F401RE\lib_stm\libLibraries.a(stm32f401re_gpio.o)
 .debug_line    0x0000630c      0x8d2 D:\HOC PTIT\Laptrinhnhung\SDK_1.0.3_NUCLEO-F401RE\lib_stm\libLibraries.a(stm32f401re_rcc.o)
 .debug_line    0x00006bde      0x4c1 D:\HOC PTIT\Laptrinhnhung\SDK_1.0.3_NUCLEO-F401RE\lib_stm\libLibraries.a(ucg_clip.o)
 .debug_line    0x0000709f      0x586 D:\HOC PTIT\Laptrinhnhung\SDK_1.0.3_NUCLEO-F401RE\lib_stm\libLibraries.a(ucg_com_msg_api.o)

.debug_str      0x00000000    0x45dfc
 .debug_str     0x00000000     0x5891 ./Src/main.o
                               0x5b4c (size before relaxing)
 .debug_str     0x00005891       0x3f ./Startup/startup_stm32f401retx.o
                                 0x78 (size before relaxing)
 .debug_str     0x000058d0    0x32082 D:\HOC PTIT\Laptrinhnhung\SDK_1.0.3_NUCLEO-F401RE\lib_stm\libLibraries.a(system_stm32f4xx.o)
                              0x3583e (size before relaxing)
 .debug_str     0x00037952     0x3d56 D:\HOC PTIT\Laptrinhnhung\SDK_1.0.3_NUCLEO-F401RE\lib_stm\libLibraries.a(timer.o)
                              0x39451 (size before relaxing)
 .debug_str     0x0003b6a8     0x5bc3 D:\HOC PTIT\Laptrinhnhung\SDK_1.0.3_NUCLEO-F401RE\lib_stm\libLibraries.a(Ucglib.o)
                              0x4067c (size before relaxing)
 .debug_str     0x0004126b       0x76 D:\HOC PTIT\Laptrinhnhung\SDK_1.0.3_NUCLEO-F401RE\lib_stm\libLibraries.a(ucg_box.o)
                               0x9c13 (size before relaxing)
 .debug_str     0x000412e1       0x48 D:\HOC PTIT\Laptrinhnhung\SDK_1.0.3_NUCLEO-F401RE\lib_stm\libLibraries.a(ucg_ccs.o)
                               0x97ef (size before relaxing)
 .debug_str     0x00041329       0xaf D:\HOC PTIT\Laptrinhnhung\SDK_1.0.3_NUCLEO-F401RE\lib_stm\libLibraries.a(ucg_dev_default_cb.o)
                               0x9c41 (size before relaxing)
 .debug_str     0x000413d8      0x135 D:\HOC PTIT\Laptrinhnhung\SDK_1.0.3_NUCLEO-F401RE\lib_stm\libLibraries.a(ucg_dev_ic_st7735.o)
                               0x9ce5 (size before relaxing)
 .debug_str     0x0004150d       0xce D:\HOC PTIT\Laptrinhnhung\SDK_1.0.3_NUCLEO-F401RE\lib_stm\libLibraries.a(ucg_dev_msg_api.o)
                               0x9c5b (size before relaxing)
 .debug_str     0x000415db       0x68 D:\HOC PTIT\Laptrinhnhung\SDK_1.0.3_NUCLEO-F401RE\lib_stm\libLibraries.a(ucg_dev_tft_128x128_st7735.o)
                               0x9c0a (size before relaxing)
 .debug_str     0x00041643     0x3422 D:\HOC PTIT\Laptrinhnhung\SDK_1.0.3_NUCLEO-F401RE\lib_stm\libLibraries.a(ucg_font.o)
                               0xd07e (size before relaxing)
 .debug_str     0x00044a65       0x35 D:\HOC PTIT\Laptrinhnhung\SDK_1.0.3_NUCLEO-F401RE\lib_stm\libLibraries.a(ucg_init.o)
                               0xcb75 (size before relaxing)
 .debug_str     0x00044a9a       0x8d D:\HOC PTIT\Laptrinhnhung\SDK_1.0.3_NUCLEO-F401RE\lib_stm\libLibraries.a(ucg_line.o)
                               0x9c1a (size before relaxing)
 .debug_str     0x00044b27       0x2b D:\HOC PTIT\Laptrinhnhung\SDK_1.0.3_NUCLEO-F401RE\lib_stm\libLibraries.a(ucg_pixel.o)
                               0x9bc5 (size before relaxing)
 .debug_str     0x00044b52       0x27 D:\HOC PTIT\Laptrinhnhung\SDK_1.0.3_NUCLEO-F401RE\lib_stm\libLibraries.a(ucg_pixel_font_data.o)
                               0x9785 (size before relaxing)
 .debug_str     0x00044b79      0x152 D:\HOC PTIT\Laptrinhnhung\SDK_1.0.3_NUCLEO-F401RE\lib_stm\libLibraries.a(ucg_rotate.o)
                               0x9fb3 (size before relaxing)
 .debug_str     0x00044ccb       0x9f D:\HOC PTIT\Laptrinhnhung\SDK_1.0.3_NUCLEO-F401RE\lib_stm\libLibraries.a(buff.o)
                              0x35751 (size before relaxing)
 .debug_str     0x00044d6a       0xb8 D:\HOC PTIT\Laptrinhnhung\SDK_1.0.3_NUCLEO-F401RE\lib_stm\libLibraries.a(utilities.o)
                               0x3d14 (size before relaxing)
 .debug_str     0x00044e22      0x19d D:\HOC PTIT\Laptrinhnhung\SDK_1.0.3_NUCLEO-F401RE\lib_stm\libLibraries.a(stm32f401re_gpio.o)
                              0x3a690 (size before relaxing)
 .debug_str     0x00044fbf      0xb83 D:\HOC PTIT\Laptrinhnhung\SDK_1.0.3_NUCLEO-F401RE\lib_stm\libLibraries.a(stm32f401re_rcc.o)
                              0x39aa1 (size before relaxing)
 .debug_str     0x00045b42       0xa5 D:\HOC PTIT\Laptrinhnhung\SDK_1.0.3_NUCLEO-F401RE\lib_stm\libLibraries.a(ucg_clip.o)
                               0x9c32 (size before relaxing)
 .debug_str     0x00045be7      0x215 D:\HOC PTIT\Laptrinhnhung\SDK_1.0.3_NUCLEO-F401RE\lib_stm\libLibraries.a(ucg_com_msg_api.o)
                               0x9ddf (size before relaxing)

.comment        0x00000000       0xbe
 .comment       0x00000000       0x43 ./Src/main.o
                                 0x44 (size before relaxing)
 .comment       0x00000043       0x7b D:\HOC PTIT\Laptrinhnhung\SDK_1.0.3_NUCLEO-F401RE\lib_stm\libLibraries.a(system_stm32f4xx.o)
                                 0x7c (size before relaxing)
 .comment       0x000000be       0x7c D:\HOC PTIT\Laptrinhnhung\SDK_1.0.3_NUCLEO-F401RE\lib_stm\libLibraries.a(timer.o)
 .comment       0x000000be       0x7c D:\HOC PTIT\Laptrinhnhung\SDK_1.0.3_NUCLEO-F401RE\lib_stm\libLibraries.a(Ucglib.o)
 .comment       0x000000be       0x7c D:\HOC PTIT\Laptrinhnhung\SDK_1.0.3_NUCLEO-F401RE\lib_stm\libLibraries.a(ucg_box.o)
 .comment       0x000000be       0x7c D:\HOC PTIT\Laptrinhnhung\SDK_1.0.3_NUCLEO-F401RE\lib_stm\libLibraries.a(ucg_ccs.o)
 .comment       0x000000be       0x7c D:\HOC PTIT\Laptrinhnhung\SDK_1.0.3_NUCLEO-F401RE\lib_stm\libLibraries.a(ucg_dev_default_cb.o)
 .comment       0x000000be       0x7c D:\HOC PTIT\Laptrinhnhung\SDK_1.0.3_NUCLEO-F401RE\lib_stm\libLibraries.a(ucg_dev_ic_st7735.o)
 .comment       0x000000be       0x7c D:\HOC PTIT\Laptrinhnhung\SDK_1.0.3_NUCLEO-F401RE\lib_stm\libLibraries.a(ucg_dev_msg_api.o)
 .comment       0x000000be       0x7c D:\HOC PTIT\Laptrinhnhung\SDK_1.0.3_NUCLEO-F401RE\lib_stm\libLibraries.a(ucg_dev_tft_128x128_st7735.o)
 .comment       0x000000be       0x7c D:\HOC PTIT\Laptrinhnhung\SDK_1.0.3_NUCLEO-F401RE\lib_stm\libLibraries.a(ucg_font.o)
 .comment       0x000000be       0x7c D:\HOC PTIT\Laptrinhnhung\SDK_1.0.3_NUCLEO-F401RE\lib_stm\libLibraries.a(ucg_init.o)
 .comment       0x000000be       0x7c D:\HOC PTIT\Laptrinhnhung\SDK_1.0.3_NUCLEO-F401RE\lib_stm\libLibraries.a(ucg_line.o)
 .comment       0x000000be       0x7c D:\HOC PTIT\Laptrinhnhung\SDK_1.0.3_NUCLEO-F401RE\lib_stm\libLibraries.a(ucg_pixel.o)
 .comment       0x000000be       0x7c D:\HOC PTIT\Laptrinhnhung\SDK_1.0.3_NUCLEO-F401RE\lib_stm\libLibraries.a(ucg_pixel_font_data.o)
 .comment       0x000000be       0x7c D:\HOC PTIT\Laptrinhnhung\SDK_1.0.3_NUCLEO-F401RE\lib_stm\libLibraries.a(ucg_rotate.o)
 .comment       0x000000be       0x7c D:\HOC PTIT\Laptrinhnhung\SDK_1.0.3_NUCLEO-F401RE\lib_stm\libLibraries.a(buff.o)
 .comment       0x000000be       0x7c D:\HOC PTIT\Laptrinhnhung\SDK_1.0.3_NUCLEO-F401RE\lib_stm\libLibraries.a(utilities.o)
 .comment       0x000000be       0x7c D:\HOC PTIT\Laptrinhnhung\SDK_1.0.3_NUCLEO-F401RE\lib_stm\libLibraries.a(stm32f401re_gpio.o)
 .comment       0x000000be       0x7c D:\HOC PTIT\Laptrinhnhung\SDK_1.0.3_NUCLEO-F401RE\lib_stm\libLibraries.a(stm32f401re_rcc.o)
 .comment       0x000000be       0x7c D:\HOC PTIT\Laptrinhnhung\SDK_1.0.3_NUCLEO-F401RE\lib_stm\libLibraries.a(ucg_clip.o)
 .comment       0x000000be       0x7c D:\HOC PTIT\Laptrinhnhung\SDK_1.0.3_NUCLEO-F401RE\lib_stm\libLibraries.a(ucg_com_msg_api.o)

.debug_frame    0x00000000     0x2130
 .debug_frame   0x00000000       0x30 ./Src/main.o
 .debug_frame   0x00000030       0x74 D:\HOC PTIT\Laptrinhnhung\SDK_1.0.3_NUCLEO-F401RE\lib_stm\libLibraries.a(system_stm32f4xx.o)
 .debug_frame   0x000000a4      0x1a8 D:\HOC PTIT\Laptrinhnhung\SDK_1.0.3_NUCLEO-F401RE\lib_stm\libLibraries.a(timer.o)
 .debug_frame   0x0000024c       0xec D:\HOC PTIT\Laptrinhnhung\SDK_1.0.3_NUCLEO-F401RE\lib_stm\libLibraries.a(Ucglib.o)
 .debug_frame   0x00000338       0xf0 D:\HOC PTIT\Laptrinhnhung\SDK_1.0.3_NUCLEO-F401RE\lib_stm\libLibraries.a(ucg_box.o)
 .debug_frame   0x00000428       0x88 D:\HOC PTIT\Laptrinhnhung\SDK_1.0.3_NUCLEO-F401RE\lib_stm\libLibraries.a(ucg_ccs.o)
 .debug_frame   0x000004b0       0xec D:\HOC PTIT\Laptrinhnhung\SDK_1.0.3_NUCLEO-F401RE\lib_stm\libLibraries.a(ucg_dev_default_cb.o)
 .debug_frame   0x0000059c       0xd0 D:\HOC PTIT\Laptrinhnhung\SDK_1.0.3_NUCLEO-F401RE\lib_stm\libLibraries.a(ucg_dev_ic_st7735.o)
 .debug_frame   0x0000066c      0x154 D:\HOC PTIT\Laptrinhnhung\SDK_1.0.3_NUCLEO-F401RE\lib_stm\libLibraries.a(ucg_dev_msg_api.o)
 .debug_frame   0x000007c0       0x34 D:\HOC PTIT\Laptrinhnhung\SDK_1.0.3_NUCLEO-F401RE\lib_stm\libLibraries.a(ucg_dev_tft_128x128_st7735.o)
 .debug_frame   0x000007f4      0x664 D:\HOC PTIT\Laptrinhnhung\SDK_1.0.3_NUCLEO-F401RE\lib_stm\libLibraries.a(ucg_font.o)
 .debug_frame   0x00000e58       0x5c D:\HOC PTIT\Laptrinhnhung\SDK_1.0.3_NUCLEO-F401RE\lib_stm\libLibraries.a(ucg_init.o)
 .debug_frame   0x00000eb4       0xe8 D:\HOC PTIT\Laptrinhnhung\SDK_1.0.3_NUCLEO-F401RE\lib_stm\libLibraries.a(ucg_line.o)
 .debug_frame   0x00000f9c       0x5c D:\HOC PTIT\Laptrinhnhung\SDK_1.0.3_NUCLEO-F401RE\lib_stm\libLibraries.a(ucg_pixel.o)
 .debug_frame   0x00000ff8      0x184 D:\HOC PTIT\Laptrinhnhung\SDK_1.0.3_NUCLEO-F401RE\lib_stm\libLibraries.a(ucg_rotate.o)
 .debug_frame   0x0000117c      0x118 D:\HOC PTIT\Laptrinhnhung\SDK_1.0.3_NUCLEO-F401RE\lib_stm\libLibraries.a(buff.o)
 .debug_frame   0x00001294      0x100 D:\HOC PTIT\Laptrinhnhung\SDK_1.0.3_NUCLEO-F401RE\lib_stm\libLibraries.a(utilities.o)
 .debug_frame   0x00001394      0x23c D:\HOC PTIT\Laptrinhnhung\SDK_1.0.3_NUCLEO-F401RE\lib_stm\libLibraries.a(stm32f401re_gpio.o)
 .debug_frame   0x000015d0      0x774 D:\HOC PTIT\Laptrinhnhung\SDK_1.0.3_NUCLEO-F401RE\lib_stm\libLibraries.a(stm32f401re_rcc.o)
 .debug_frame   0x00001d44      0x11c D:\HOC PTIT\Laptrinhnhung\SDK_1.0.3_NUCLEO-F401RE\lib_stm\libLibraries.a(ucg_clip.o)
 .debug_frame   0x00001e60      0x2a4 D:\HOC PTIT\Laptrinhnhung\SDK_1.0.3_NUCLEO-F401RE\lib_stm\libLibraries.a(ucg_com_msg_api.o)
 .debug_frame   0x00002104       0x2c D:/HOC PTIT/STM32CubeIDE_1.14.1/STM32CubeIDE/plugins/com.st.stm32cube.ide.mcu.externaltools.gnu-tools-for-stm32.12.3.rel1.win32_1.1.0.202410251130/tools/bin/../lib/gcc/arm-none-eabi/12.3.1/../../../../arm-none-eabi/lib/thumb/v7e-m+fp/hard\libc_nano.a(libc_a-init.o)

.debug_line_str
                0x00000000       0x5c
 .debug_line_str
                0x00000000       0x5c ./Startup/startup_stm32f401retx.o

.debug_ranges   0x00000000      0x738
 .debug_ranges  0x00000000       0x20 D:\HOC PTIT\Laptrinhnhung\SDK_1.0.3_NUCLEO-F401RE\lib_stm\libLibraries.a(system_stm32f4xx.o)
 .debug_ranges  0x00000020       0x60 D:\HOC PTIT\Laptrinhnhung\SDK_1.0.3_NUCLEO-F401RE\lib_stm\libLibraries.a(timer.o)
 .debug_ranges  0x00000080       0x38 D:\HOC PTIT\Laptrinhnhung\SDK_1.0.3_NUCLEO-F401RE\lib_stm\libLibraries.a(Ucglib.o)
 .debug_ranges  0x000000b8       0x38 D:\HOC PTIT\Laptrinhnhung\SDK_1.0.3_NUCLEO-F401RE\lib_stm\libLibraries.a(ucg_box.o)
 .debug_ranges  0x000000f0       0x20 D:\HOC PTIT\Laptrinhnhung\SDK_1.0.3_NUCLEO-F401RE\lib_stm\libLibraries.a(ucg_ccs.o)
 .debug_ranges  0x00000110       0x38 D:\HOC PTIT\Laptrinhnhung\SDK_1.0.3_NUCLEO-F401RE\lib_stm\libLibraries.a(ucg_dev_default_cb.o)
 .debug_ranges  0x00000148       0x30 D:\HOC PTIT\Laptrinhnhung\SDK_1.0.3_NUCLEO-F401RE\lib_stm\libLibraries.a(ucg_dev_ic_st7735.o)
 .debug_ranges  0x00000178       0x50 D:\HOC PTIT\Laptrinhnhung\SDK_1.0.3_NUCLEO-F401RE\lib_stm\libLibraries.a(ucg_dev_msg_api.o)
 .debug_ranges  0x000001c8       0x10 D:\HOC PTIT\Laptrinhnhung\SDK_1.0.3_NUCLEO-F401RE\lib_stm\libLibraries.a(ucg_dev_tft_128x128_st7735.o)
 .debug_ranges  0x000001d8      0x158 D:\HOC PTIT\Laptrinhnhung\SDK_1.0.3_NUCLEO-F401RE\lib_stm\libLibraries.a(ucg_font.o)
 .debug_ranges  0x00000330       0x18 D:\HOC PTIT\Laptrinhnhung\SDK_1.0.3_NUCLEO-F401RE\lib_stm\libLibraries.a(ucg_init.o)
 .debug_ranges  0x00000348       0x38 D:\HOC PTIT\Laptrinhnhung\SDK_1.0.3_NUCLEO-F401RE\lib_stm\libLibraries.a(ucg_line.o)
 .debug_ranges  0x00000380       0x18 D:\HOC PTIT\Laptrinhnhung\SDK_1.0.3_NUCLEO-F401RE\lib_stm\libLibraries.a(ucg_pixel.o)
 .debug_ranges  0x00000398       0x58 D:\HOC PTIT\Laptrinhnhung\SDK_1.0.3_NUCLEO-F401RE\lib_stm\libLibraries.a(ucg_rotate.o)
 .debug_ranges  0x000003f0       0x40 D:\HOC PTIT\Laptrinhnhung\SDK_1.0.3_NUCLEO-F401RE\lib_stm\libLibraries.a(buff.o)
 .debug_ranges  0x00000430       0x38 D:\HOC PTIT\Laptrinhnhung\SDK_1.0.3_NUCLEO-F401RE\lib_stm\libLibraries.a(utilities.o)
 .debug_ranges  0x00000468       0x78 D:\HOC PTIT\Laptrinhnhung\SDK_1.0.3_NUCLEO-F401RE\lib_stm\libLibraries.a(stm32f401re_gpio.o)
 .debug_ranges  0x000004e0      0x188 D:\HOC PTIT\Laptrinhnhung\SDK_1.0.3_NUCLEO-F401RE\lib_stm\libLibraries.a(stm32f401re_rcc.o)
 .debug_ranges  0x00000668       0x40 D:\HOC PTIT\Laptrinhnhung\SDK_1.0.3_NUCLEO-F401RE\lib_stm\libLibraries.a(ucg_clip.o)
 .debug_ranges  0x000006a8       0x90 D:\HOC PTIT\Laptrinhnhung\SDK_1.0.3_NUCLEO-F401RE\lib_stm\libLibraries.a(ucg_com_msg_api.o)
