Archive member included to satisfy reference by file (symbol)

C:\Users\Admin\Documents\SDK_1.0.3_NUCLEO-F401RE\lib_stm\libLibraries.a(system_stm32f4xx.o)
                              ./Src/main.o (SystemCoreClockUpdate)
C:\Users\Admin\Documents\SDK_1.0.3_NUCLEO-F401RE\lib_stm\libLibraries.a(misc.o)
                              ./Src/main.o (NVIC_Init)
C:\Users\Admin\Documents\SDK_1.0.3_NUCLEO-F401RE\lib_stm\libLibraries.a(stm32f401re_exti.o)
                              ./Src/main.o (EXTI_Init)
C:\Users\Admin\Documents\SDK_1.0.3_NUCLEO-F401RE\lib_stm\libLibraries.a(stm32f401re_gpio.o)
                              ./Src/main.o (GPIO_Init)
C:\Users\Admin\Documents\SDK_1.0.3_NUCLEO-F401RE\lib_stm\libLibraries.a(stm32f401re_rcc.o)
                              ./Src/main.o (RCC_AHB1PeriphClockCmd)
C:\Users\Admin\Documents\SDK_1.0.3_NUCLEO-F401RE\lib_stm\libLibraries.a(stm32f401re_syscfg.o)
                              ./Src/main.o (SYSCFG_EXTILineConfig)
C:/ST/STM32CubeIDE_1.14.1/STM32CubeIDE/plugins/com.st.stm32cube.ide.mcu.externaltools.gnu-tools-for-stm32.11.3.rel1.win32_1.1.100.202309141235/tools/bin/../lib/gcc/arm-none-eabi/11.3.1/../../../../arm-none-eabi/lib/thumb/v7e-m+fp/hard\libc_nano.a(libc_a-exit.o)
                              C:/ST/STM32CubeIDE_1.14.1/STM32CubeIDE/plugins/com.st.stm32cube.ide.mcu.externaltools.gnu-tools-for-stm32.11.3.rel1.win32_1.1.100.202309141235/tools/bin/../lib/gcc/arm-none-eabi/11.3.1/../../../../arm-none-eabi/lib/thumb/v7e-m+fp/hard/crt0.o (exit)
C:/ST/STM32CubeIDE_1.14.1/STM32CubeIDE/plugins/com.st.stm32cube.ide.mcu.externaltools.gnu-tools-for-stm32.11.3.rel1.win32_1.1.100.202309141235/tools/bin/../lib/gcc/arm-none-eabi/11.3.1/../../../../arm-none-eabi/lib/thumb/v7e-m+fp/hard\libc_nano.a(libc_a-findfp.o)
                              C:/ST/STM32CubeIDE_1.14.1/STM32CubeIDE/plugins/com.st.stm32cube.ide.mcu.externaltools.gnu-tools-for-stm32.11.3.rel1.win32_1.1.100.202309141235/tools/bin/../lib/gcc/arm-none-eabi/11.3.1/../../../../arm-none-eabi/lib/thumb/v7e-m+fp/hard\libc_nano.a(libc_a-exit.o) (__stdio_exit_handler)
C:/ST/STM32CubeIDE_1.14.1/STM32CubeIDE/plugins/com.st.stm32cube.ide.mcu.externaltools.gnu-tools-for-stm32.11.3.rel1.win32_1.1.100.202309141235/tools/bin/../lib/gcc/arm-none-eabi/11.3.1/../../../../arm-none-eabi/lib/thumb/v7e-m+fp/hard\libc_nano.a(libc_a-fwalk.o)
                              C:/ST/STM32CubeIDE_1.14.1/STM32CubeIDE/plugins/com.st.stm32cube.ide.mcu.externaltools.gnu-tools-for-stm32.11.3.rel1.win32_1.1.100.202309141235/tools/bin/../lib/gcc/arm-none-eabi/11.3.1/../../../../arm-none-eabi/lib/thumb/v7e-m+fp/hard\libc_nano.a(libc_a-findfp.o) (_fwalk_sglue)
C:/ST/STM32CubeIDE_1.14.1/STM32CubeIDE/plugins/com.st.stm32cube.ide.mcu.externaltools.gnu-tools-for-stm32.11.3.rel1.win32_1.1.100.202309141235/tools/bin/../lib/gcc/arm-none-eabi/11.3.1/../../../../arm-none-eabi/lib/thumb/v7e-m+fp/hard\libc_nano.a(libc_a-stdio.o)
                              C:/ST/STM32CubeIDE_1.14.1/STM32CubeIDE/plugins/com.st.stm32cube.ide.mcu.externaltools.gnu-tools-for-stm32.11.3.rel1.win32_1.1.100.202309141235/tools/bin/../lib/gcc/arm-none-eabi/11.3.1/../../../../arm-none-eabi/lib/thumb/v7e-m+fp/hard\libc_nano.a(libc_a-findfp.o) (__sread)
C:/ST/STM32CubeIDE_1.14.1/STM32CubeIDE/plugins/com.st.stm32cube.ide.mcu.externaltools.gnu-tools-for-stm32.11.3.rel1.win32_1.1.100.202309141235/tools/bin/../lib/gcc/arm-none-eabi/11.3.1/../../../../arm-none-eabi/lib/thumb/v7e-m+fp/hard\libc_nano.a(libc_a-memset.o)
                              C:/ST/STM32CubeIDE_1.14.1/STM32CubeIDE/plugins/com.st.stm32cube.ide.mcu.externaltools.gnu-tools-for-stm32.11.3.rel1.win32_1.1.100.202309141235/tools/bin/../lib/gcc/arm-none-eabi/11.3.1/../../../../arm-none-eabi/lib/thumb/v7e-m+fp/hard/crt0.o (memset)
C:/ST/STM32CubeIDE_1.14.1/STM32CubeIDE/plugins/com.st.stm32cube.ide.mcu.externaltools.gnu-tools-for-stm32.11.3.rel1.win32_1.1.100.202309141235/tools/bin/../lib/gcc/arm-none-eabi/11.3.1/../../../../arm-none-eabi/lib/thumb/v7e-m+fp/hard\libc_nano.a(libc_a-closer.o)
                              C:/ST/STM32CubeIDE_1.14.1/STM32CubeIDE/plugins/com.st.stm32cube.ide.mcu.externaltools.gnu-tools-for-stm32.11.3.rel1.win32_1.1.100.202309141235/tools/bin/../lib/gcc/arm-none-eabi/11.3.1/../../../../arm-none-eabi/lib/thumb/v7e-m+fp/hard\libc_nano.a(libc_a-stdio.o) (_close_r)
C:/ST/STM32CubeIDE_1.14.1/STM32CubeIDE/plugins/com.st.stm32cube.ide.mcu.externaltools.gnu-tools-for-stm32.11.3.rel1.win32_1.1.100.202309141235/tools/bin/../lib/gcc/arm-none-eabi/11.3.1/../../../../arm-none-eabi/lib/thumb/v7e-m+fp/hard\libc_nano.a(libc_a-reent.o)
                              C:/ST/STM32CubeIDE_1.14.1/STM32CubeIDE/plugins/com.st.stm32cube.ide.mcu.externaltools.gnu-tools-for-stm32.11.3.rel1.win32_1.1.100.202309141235/tools/bin/../lib/gcc/arm-none-eabi/11.3.1/../../../../arm-none-eabi/lib/thumb/v7e-m+fp/hard\libc_nano.a(libc_a-closer.o) (errno)
[...]
Memory Configuration

Name             Origin             Length             Attributes
RAM              0x0000000020000000 0x0000000000018000 xrw
FLASH            0x0000000008000000 0x0000000000080000 xr
*default*        0x0000000000000000 0xffffffffffffffff

Linker script and memory map

LOAD C:/ST/STM32CubeIDE_1.14.1/STM32CubeIDE/plugins/com.st.stm32cube.ide.mcu.externaltools.gnu-tools-for-stm32.11.3.rel1.win32_1.1.100.202309141235/tools/bin/../lib/gcc/arm-none-eabi/11.3.1/thumb/v7e-m+fp/hard/crti.o
LOAD C:/ST/STM32CubeIDE_1.14.1/STM32CubeIDE/plugins/com.st.stm32cube.ide.mcu.externaltools.gnu-tools-for-stm32.11.3.rel1.win32_1.1.100.202309141235/tools/bin/../lib/gcc/arm-none-eabi/11.3.1/thumb/v7e-m+fp/hard/crtbegin.o
LOAD C:/ST/STM32CubeIDE_1.14.1/STM32CubeIDE/plugins/com.st.stm32cube.ide.mcu.externaltools.gnu-tools-for-stm32.11.3.rel1.win32_1.1.100.202309141235/tools/bin/../lib/gcc/arm-none-eabi/11.3.1/../../../../arm-none-eabi/lib/thumb/v7e-m+fp/hard/crt0.o
LOAD ./SDK_1.0.3_NUCLEO-F401RE/shared/Utilities/buff.o
LOAD ./SDK_1.0.3_NUCLEO-F401RE/shared/Utilities/utilities.o
LOAD ./Src/main.o
LOAD ./Src/syscalls.o
LOAD ./Src/sysmem.o
LOAD ./Startup/startup_stm32f401retx.o
LOAD C:\Users\Admin\Documents\SDK_1.0.3_NUCLEO-F401RE\lib_stm\libLibraries.a
START GROUP
LOAD C:/ST/STM32CubeIDE_1.14.1/STM32CubeIDE/plugins/com.st.stm32cube.ide.mcu.externaltools.gnu-tools-for-stm32.11.3.rel1.win32_1.1.100.202309141235/tools/bin/../lib/gcc/arm-none-eabi/11.3.1/../../../../arm-none-eabi/lib/thumb/v7e-m+fp/hard\libc_nano.a
LOAD C:/ST/STM32CubeIDE_1.14.1/STM32CubeIDE/plugins/com.st.stm32cube.ide.mcu.externaltools.gnu-tools-for-stm32.11.3.rel1.win32_1.1.100.202309141235/tools/bin/../lib/gcc/arm-none-eabi/11.3.1/../../../../arm-none-eabi/lib/thumb/v7e-m+fp/hard\libm.a
END GROUP
START GROUP
LOAD C:/ST/STM32CubeIDE_1.14.1/STM32CubeIDE/plugins/com.st.stm32cube.ide.mcu.externaltools.gnu-tools-for-stm32.11.3.rel1.win32_1.1.100.202309141235/tools/bin/../lib/gcc/arm-none-eabi/11.3.1/thumb/v7e-m+fp/hard\libgcc.a
LOAD C:/ST/STM32CubeIDE_1.14.1/STM32CubeIDE/plugins/com.st.stm32cube.ide.mcu.externaltools.gnu-tools-for-stm32.11.3.rel1.win32_1.1.100.202309141235/tools/bin/../lib/gcc/arm-none-eabi/11.3.1/../../../../arm-none-eabi/lib/thumb/v7e-m+fp/hard\libc_nano.a
END GROUP
START GROUP
LOAD C:/ST/STM32CubeIDE_1.14.1/STM32CubeIDE/plugins/com.st.stm32cube.ide.mcu.externaltools.gnu-tools-for-stm32.11.3.rel1.win32_1.1.100.202309141235/tools/bin/../lib/gcc/arm-none-eabi/11.3.1/thumb/v7e-m+fp/hard\libgcc.a
LOAD C:/ST/STM32CubeIDE_1.14.1/STM32CubeIDE/plugins/com.st.stm32cube.ide.mcu.externaltools.gnu-tools-for-stm32.11.3.rel1.win32_1.1.100.202309141235/tools/bin/../lib/gcc/arm-none-eabi/11.3.1/../../../../arm-none-eabi/lib/thumb/v7e-m+fp/hard\libc_nano.a
LOAD C:/ST/STM32CubeIDE_1.14.1/STM32CubeIDE/plugins/com.st.stm32cube.ide.mcu.externaltools.gnu-tools-for-stm32.11.3.rel1.win32_1.1.100.202309141235/tools/bin/../lib/gcc/arm-none-eabi/11.3.1/../../../../arm-none-eabi/lib/thumb/v7e-m+fp/hard\libnosys.a
END GROUP
START GROUP
LOAD C:/ST/STM32CubeIDE_1.14.1/STM32CubeIDE/plugins/com.st.stm32cube.ide.mcu.externaltools.gnu-tools-for-stm32.11.3.rel1.win32_1.1.100.202309141235/tools/bin/../lib/gcc/arm-none-eabi/11.3.1/thumb/v7e-m+fp/hard\libgcc.a
LOAD C:/ST/STM32CubeIDE_1.14.1/STM32CubeIDE/plugins/com.st.stm32cube.ide.mcu.externaltools.gnu-tools-for-stm32.11.3.rel1.win32_1.1.100.202309141235/tools/bin/../lib/gcc/arm-none-eabi/11.3.1/../../../../arm-none-eabi/lib/thumb/v7e-m+fp/hard\libc_nano.a
LOAD C:/ST/STM32CubeIDE_1.14.1/STM32CubeIDE/plugins/com.st.stm32cube.ide.mcu.externaltools.gnu-tools-for-stm32.11.3.rel1.win32_1.1.100.202309141235/tools/bin/../lib/gcc/arm-none-eabi/11.3.1/../../../../arm-none-eabi/lib/thumb/v7e-m+fp/hard\libnosys.a
END GROUP
LOAD C:/ST/STM32CubeIDE_1.14.1/STM32CubeIDE/plugins/com.st.stm32cube.ide.mcu.externaltools.gnu-tools-for-stm32.11.3.rel1.win32_1.1.100.202309141235/tools/bin/../lib/gcc/arm-none-eabi/11.3.1/thumb/v7e-m+fp/hard/crtend.o
LOAD C:/ST/STM32CubeIDE_1.14.1/STM32CubeIDE/plugins/com.st.stm32cube.ide.mcu.externaltools.gnu-tools-for-stm32.11.3.rel1.win32_1.1.100.202309141235/tools/bin/../lib/gcc/arm-none-eabi/11.3.1/thumb/v7e-m+fp/hard/crtn.o
                0x0000000020018000                _estack = (ORIGIN (RAM) + LENGTH (RAM))
                0x0000000000000200                _Min_Heap_Size = 0x200
                0x0000000000000400                _Min_Stack_Size = 0x400

.isr_vector     0x0000000008000000      0x194
                0x0000000008000000                . = ALIGN (0x4)
 *(.isr_vector)
 .isr_vector    0x0000000008000000      0x194 ./Startup/startup_stm32f401retx.o
                0x0000000008000000                g_pfnVectors
                0x0000000008000194                . = ALIGN (0x4)

.text           0x0000000008000194      0x870
                0x0000000008000194                . = ALIGN (0x4)
 *(.text)
 .text          0x0000000008000194       0x40 C:/ST/STM32CubeIDE_1.14.1/STM32CubeIDE/plugins/com.st.stm32cube.ide.mcu.externaltools.gnu-tools-for-stm32.11.3.rel1.win32_1.1.100.202309141235/tools/bin/../lib/gcc/arm-none-eabi/11.3.1/thumb/v7e-m+fp/hard/crtbegin.o
 *(.text*)
 .text.EXTI15_10_IRQHandler
                0x00000000080001d4       0x38 ./Src/main.o
                0x00000000080001d4                EXTI15_10_IRQHandler
 .text.main     0x000000000800020c       0x38 ./Src/main.o
                0x000000000800020c                main
 .text.Led_Init
                0x0000000008000244       0x38 ./Src/main.o
 .text.Interrupt_Init
                0x000000000800027c       0x80 ./Src/main.o
 .text.LedControl_SetStatus
                0x00000000080002fc       0x34 ./Src/main.o
 .text.Reset_Handler
                0x0000000008000330       0x50 ./Startup/startup_stm32f401retx.o
                0x0000000008000330                Reset_Handler
 .text.Default_Handler
                0x0000000008000380        0x2 ./Startup/startup_stm32f401retx.o
                0x0000000008000380                EXTI2_IRQHandler
                0x0000000008000380                DebugMon_Handler
                0x0000000008000380                SPI4_IRQHandler
                0x0000000008000380                TIM1_CC_IRQHandler
                0x0000000008000380                DMA2_Stream5_IRQHandler
                0x0000000008000380                HardFault_Handler
                0x0000000008000380                DMA1_Stream5_IRQHandler
                0x0000000008000380                SysTick_Handler
                0x0000000008000380                SDIO_IRQHandler
                0x0000000008000380                TAMP_STAMP_IRQHandler
                0x0000000008000380                PendSV_Handler
                0x0000000008000380                NMI_Handler
                0x0000000008000380                EXTI3_IRQHandler
                0x0000000008000380                TIM1_UP_TIM10_IRQHandler
                0x0000000008000380                I2C3_ER_IRQHandler
                0x0000000008000380                EXTI18_OTG_FS_WKUP_IRQHandler
                0x0000000008000380                EXTI0_IRQHandler
                0x0000000008000380                I2C2_EV_IRQHandler
                0x0000000008000380                DMA1_Stream2_IRQHandler
                0x0000000008000380                UsageFault_Handler
                0x0000000008000380                DMA2_Stream2_IRQHandler
                0x0000000008000380                SPI1_IRQHandler
                0x0000000008000380                TIM1_BRK_TIM9_IRQHandler
                0x0000000008000380                DMA2_Stream3_IRQHandler
                0x0000000008000380                USART6_IRQHandler
                0x0000000008000380                DMA2_Stream0_IRQHandler
                0x0000000008000380                TIM4_IRQHandler
                0x0000000008000380                I2C1_EV_IRQHandler
                0x0000000008000380                DMA1_Stream6_IRQHandler
                0x0000000008000380                DMA1_Stream1_IRQHandler
                0x0000000008000380                TIM3_IRQHandler
                0x0000000008000380                RCC_IRQHandler
                0x0000000008000380                Default_Handler
                0x0000000008000380                ADC_IRQHandler
                0x0000000008000380                DMA1_Stream7_IRQHandler
                0x0000000008000380                TIM5_IRQHandler
                0x0000000008000380                DMA2_Stream7_IRQHandler
                0x0000000008000380                I2C3_EV_IRQHandler
                0x0000000008000380                EXTI9_5_IRQHandler
                0x0000000008000380                SPI2_IRQHandler
                0x0000000008000380                MemManage_Handler
                0x0000000008000380                DMA1_Stream0_IRQHandler
                0x0000000008000380                SVC_Handler
                0x0000000008000380                EXTI4_IRQHandler
                0x0000000008000380                EXTI22_RTC_WKUP_IRQHandler
                0x0000000008000380                TIM2_IRQHandler
                0x0000000008000380                EXTI16_PVD_IRQHandler
                0x0000000008000380                TIM1_TRG_COM_TIM11_IRQHandler
                0x0000000008000380                EXTI1_IRQHandler
                0x0000000008000380                EXTI17_RTC_Alarm_IRQHandler
                0x0000000008000380                USART2_IRQHandler
                0x0000000008000380                I2C2_ER_IRQHandler
                0x0000000008000380                DMA2_Stream1_IRQHandler
                0x0000000008000380                FLASH_IRQHandler
                0x0000000008000380                DMA2_Stream4_IRQHandler
                0x0000000008000380                BusFault_Handler
                0x0000000008000380                USART1_IRQHandler
                0x0000000008000380                OTG_FS_IRQHandler
                0x0000000008000380                SPI3_IRQHandler
                0x0000000008000380                DMA1_Stream4_IRQHandler
                0x0000000008000380                I2C1_ER_IRQHandler
                0x0000000008000380                DMA2_Stream6_IRQHandler
                0x0000000008000380                DMA1_Stream3_IRQHandler
 *fill*         0x0000000008000382        0x2 
 .text.SystemInit
                0x0000000008000384       0x6c C:\Users\Admin\Documents\SDK_1.0.3_NUCLEO-F401RE\lib_stm\libLibraries.a(system_stm32f4xx.o)
                0x0000000008000384                SystemInit
 .text.SystemCoreClockUpdate
                0x00000000080003f0       0xf8 C:\Users\Admin\Documents\SDK_1.0.3_NUCLEO-F401RE\lib_stm\libLibraries.a(system_stm32f4xx.o)
                0x00000000080003f0                SystemCoreClockUpdate
 .text.SetSysClock
                0x00000000080004e8       0xa0 C:\Users\Admin\Documents\SDK_1.0.3_NUCLEO-F401RE\lib_stm\libLibraries.a(system_stm32f4xx.o)
 .text.NVIC_Init
                0x0000000008000588       0xc4 C:\Users\Admin\Documents\SDK_1.0.3_NUCLEO-F401RE\lib_stm\libLibraries.a(misc.o)
                0x0000000008000588                NVIC_Init
 .text.EXTI_Init
                0x000000000800064c       0xe4 C:\Users\Admin\Documents\SDK_1.0.3_NUCLEO-F401RE\lib_stm\libLibraries.a(stm32f401re_exti.o)
                0x000000000800064c                EXTI_Init
 .text.EXTI_GetFlagStatus
                0x0000000008000730       0x34 C:\Users\Admin\Documents\SDK_1.0.3_NUCLEO-F401RE\lib_stm\libLibraries.a(stm32f401re_exti.o)
                0x0000000008000730                EXTI_GetFlagStatus
 .text.EXTI_ClearITPendingBit
                0x0000000008000764       0x20 C:\Users\Admin\Documents\SDK_1.0.3_NUCLEO-F401RE\lib_stm\libLibraries.a(stm32f401re_exti.o)
                0x0000000008000764                EXTI_ClearITPendingBit
 .text.GPIO_Init
                0x0000000008000784      0x11c C:\Users\Admin\Documents\SDK_1.0.3_NUCLEO-F401RE\lib_stm\libLibraries.a(stm32f401re_gpio.o)
                0x0000000008000784                GPIO_Init
 .text.RCC_AHB1PeriphClockCmd
                0x00000000080008a0       0x40 C:\Users\Admin\Documents\SDK_1.0.3_NUCLEO-F401RE\lib_stm\libLibraries.a(stm32f401re_rcc.o)
                0x00000000080008a0                RCC_AHB1PeriphClockCmd
 .text.RCC_APB2PeriphClockCmd
                0x00000000080008e0       0x40 C:\Users\Admin\Documents\SDK_1.0.3_NUCLEO-F401RE\lib_stm\libLibraries.a(stm32f401re_rcc.o)
                0x00000000080008e0                RCC_APB2PeriphClockCmd
 .text.SYSCFG_EXTILineConfig
                0x0000000008000920       0x84 C:\Users\Admin\Documents\SDK_1.0.3_NUCLEO-F401RE\lib_stm\libLibraries.a(stm32f401re_syscfg.o)
                0x0000000008000920                SYSCFG_EXTILineConfig
 .text.__libc_init_array
                0x00000000080009a4       0x48 C:/ST/STM32CubeIDE_1.14.1/STM32CubeIDE/plugins/com.st.stm32cube.ide.mcu.externaltools.gnu-tools-for-stm32.11.3.rel1.win32_1.1.100.202309141235/tools/bin/../lib/gcc/arm-none-eabi/11.3.1/../../../../arm-none-eabi/lib/thumb/v7e-m+fp/hard\libc_nano.a(libc_a-init.o)
                0x00000000080009a4                __libc_init_array
 *(.glue_7)
 .glue_7        0x00000000080009ec        0x0 linker stubs
 *(.glue_7t)
 .glue_7t       0x00000000080009ec        0x0 linker stubs
 *(.eh_frame)
 .eh_frame      0x00000000080009ec        0x0 C:/ST/STM32CubeIDE_1.14.1/STM32CubeIDE/plugins/com.st.stm32cube.ide.mcu.externaltools.gnu-tools-for-stm32.11.3.rel1.win32_1.1.100.202309141235/tools/bin/../lib/gcc/arm-none-eabi/11.3.1/thumb/v7e-m+fp/hard/crtbegin.o
 *(.init)
 .init          0x00000000080009ec        0x4 C:/ST/STM32CubeIDE_1.14.1/STM32CubeIDE/plugins/com.st.stm32cube.ide.mcu.externaltools.gnu-tools-for-stm32.11.3.rel1.win32_1.1.100.202309141235/tools/bin/../lib/gcc/arm-none-eabi/11.3.1/thumb/v7e-m+fp/hard/crti.o
                0x00000000080009ec                _init
 .init          0x00000000080009f0        0x8 C:/ST/STM32CubeIDE_1.14.1/STM32CubeIDE/plugins/com.st.stm32cube.ide.mcu.externaltools.gnu-tools-for-stm32.11.3.rel1.win32_1.1.100.202309141235/tools/bin/../lib/gcc/arm-none-eabi/11.3.1/thumb/v7e-m+fp/hard/crtn.o
 *(.fini)
 .fini          0x00000000080009f8        0x4 C:/ST/STM32CubeIDE_1.14.1/STM32CubeIDE/plugins/com.st.stm32cube.ide.mcu.externaltools.gnu-tools-for-stm32.11.3.rel1.win32_1.1.100.202309141235/tools/bin/../lib/gcc/arm-none-eabi/11.3.1/thumb/v7e-m+fp/hard/crti.o
                0x00000000080009f8                _fini
 .fini          0x00000000080009fc        0x8 C:/ST/STM32CubeIDE_1.14.1/STM32CubeIDE/plugins/com.st.stm32cube.ide.mcu.externaltools.gnu-tools-for-stm32.11.3.rel1.win32_1.1.100.202309141235/tools/bin/../lib/gcc/arm-none-eabi/11.3.1/thumb/v7e-m+fp/hard/crtn.o
                0x0000000008000a04                . = ALIGN (0x4)
                0x0000000008000a04                _etext = .

.vfp11_veneer   0x0000000008000a04        0x0
 .vfp11_veneer  0x0000000008000a04        0x0 linker stubs

.v4_bx          0x0000000008000a04        0x0
 .v4_bx         0x0000000008000a04        0x0 linker stubs

.iplt           0x0000000008000a04        0x0
 .iplt          0x0000000008000a04        0x0 C:/ST/STM32CubeIDE_1.14.1/STM32CubeIDE/plugins/com.st.stm32cube.ide.mcu.externaltools.gnu-tools-for-stm32.11.3.rel1.win32_1.1.100.202309141235/tools/bin/../lib/gcc/arm-none-eabi/11.3.1/thumb/v7e-m+fp/hard/crtbegin.o

.rel.dyn        0x0000000008000a04        0x0
 .rel.iplt      0x0000000008000a04        0x0 C:/ST/STM32CubeIDE_1.14.1/STM32CubeIDE/plugins/com.st.stm32cube.ide.mcu.externaltools.gnu-tools-for-stm32.11.3.rel1.win32_1.1.100.202309141235/tools/bin/../lib/gcc/arm-none-eabi/11.3.1/thumb/v7e-m+fp/hard/crtbegin.o

.rodata         0x0000000008000a04        0x0
                0x0000000008000a04                . = ALIGN (0x4)
 *(.rodata)
 *(.rodata*)
                0x0000000008000a04                . = ALIGN (0x4)

.ARM.extab      0x0000000008000a04        0x0
                0x0000000008000a04                . = ALIGN (0x4)
 *(.ARM.extab* .gnu.linkonce.armextab.*)
                0x0000000008000a04                . = ALIGN (0x4)

.ARM            0x0000000008000a04        0x0
                0x0000000008000a04                . = ALIGN (0x4)
                0x0000000008000a04                __exidx_start = .
 *(.ARM.exidx*)
                0x0000000008000a04                __exidx_end = .
                0x0000000008000a04                . = ALIGN (0x4)

.preinit_array  0x0000000008000a04        0x0
                0x0000000008000a04                . = ALIGN (0x4)
                0x0000000008000a04                PROVIDE (__preinit_array_start = .)
 *(.preinit_array*)
                0x0000000008000a04                PROVIDE (__preinit_array_end = .)
                0x0000000008000a04                . = ALIGN (0x4)

.init_array     0x0000000008000a04        0x4
                0x0000000008000a04                . = ALIGN (0x4)
                0x0000000008000a04                PROVIDE (__init_array_start = .)
 *(SORT_BY_NAME(.init_array.*))
 *(.init_array*)
 .init_array    0x0000000008000a04        0x4 C:/ST/STM32CubeIDE_1.14.1/STM32CubeIDE/plugins/com.st.stm32cube.ide.mcu.externaltools.gnu-tools-for-stm32.11.3.rel1.win32_1.1.100.202309141235/tools/bin/../lib/gcc/arm-none-eabi/11.3.1/thumb/v7e-m+fp/hard/crtbegin.o
                0x0000000008000a08                PROVIDE (__init_array_end = .)
                0x0000000008000a08                . = ALIGN (0x4)

.fini_array     0x0000000008000a08        0x4
                0x0000000008000a08                . = ALIGN (0x4)
                [!provide]                        PROVIDE (__fini_array_start = .)
 *(SORT_BY_NAME(.fini_array.*))
 *(.fini_array*)
 .fini_array    0x0000000008000a08        0x4 C:/ST/STM32CubeIDE_1.14.1/STM32CubeIDE/plugins/com.st.stm32cube.ide.mcu.externaltools.gnu-tools-for-stm32.11.3.rel1.win32_1.1.100.202309141235/tools/bin/../lib/gcc/arm-none-eabi/11.3.1/thumb/v7e-m+fp/hard/crtbegin.o
                [!provide]                        PROVIDE (__fini_array_end = .)
                0x0000000008000a0c                . = ALIGN (0x4)
                0x0000000008000a0c                _sidata = LOADADDR (.data)

.data           0x0000000020000000       0x14 load address 0x0000000008000a0c
                0x0000000020000000                . = ALIGN (0x4)
                0x0000000020000000                _sdata = .
 *(.data)
 *(.data*)
 .data.SystemCoreClock
                0x0000000020000000        0x4 C:\Users\Admin\Documents\SDK_1.0.3_NUCLEO-F401RE\lib_stm\libLibraries.a(system_stm32f4xx.o)
                0x0000000020000000                SystemCoreClock
 .data.AHBPrescTable
                0x0000000020000004       0x10 C:\Users\Admin\Documents\SDK_1.0.3_NUCLEO-F401RE\lib_stm\libLibraries.a(system_stm32f4xx.o)
                0x0000000020000004                AHBPrescTable
 *(.RamFunc)
 *(.RamFunc*)
                0x0000000020000014                . = ALIGN (0x4)
                0x0000000020000014                _edata = .

.igot.plt       0x0000000020000014        0x0 load address 0x0000000008000a20
 .igot.plt      0x0000000020000014        0x0 C:/ST/STM32CubeIDE_1.14.1/STM32CubeIDE/plugins/com.st.stm32cube.ide.mcu.externaltools.gnu-tools-for-stm32.11.3.rel1.win32_1.1.100.202309141235/tools/bin/../lib/gcc/arm-none-eabi/11.3.1/thumb/v7e-m+fp/hard/crtbegin.o
                0x0000000020000014                . = ALIGN (0x4)

.bss            0x0000000020000014       0x20 load address 0x0000000008000a20
                0x0000000020000014                _sbss = .
                0x0000000020000014                __bss_start__ = _sbss
 *(.bss)
 .bss           0x0000000020000014       0x1c C:/ST/STM32CubeIDE_1.14.1/STM32CubeIDE/plugins/com.st.stm32cube.ide.mcu.externaltools.gnu-tools-for-stm32.11.3.rel1.win32_1.1.100.202309141235/tools/bin/../lib/gcc/arm-none-eabi/11.3.1/thumb/v7e-m+fp/hard/crtbegin.o
 *(.bss*)
 .bss.Status    0x0000000020000030        0x1 ./Src/main.o
                0x0000000020000030                Status
 *(COMMON)
                0x0000000020000034                . = ALIGN (0x4)
 *fill*         0x0000000020000031        0x3 
                0x0000000020000034                _ebss = .
                0x0000000020000034                __bss_end__ = _ebss

._user_heap_stack
                0x0000000020000034      0x604 load address 0x0000000008000a20
                0x0000000020000038                . = ALIGN (0x8)
 *fill*         0x0000000020000034        0x4 
                [!provide]                        PROVIDE (end = .)
                0x0000000020000038                PROVIDE (_end = .)
                0x0000000020000238                . = (. + _Min_Heap_Size)
 *fill*         0x0000000020000038      0x200 
                0x0000000020000638                . = (. + _Min_Stack_Size)
 *fill*         0x0000000020000238      0x400 
                0x0000000020000638                . = ALIGN (0x8)

/DISCARD/
 libc.a(*)
 libm.a(*)
 libgcc.a(*)

.ARM.attributes
                0x0000000000000000       0x30
 *(.ARM.attributes)
 .ARM.attributes
                0x0000000000000000       0x1e C:/ST/STM32CubeIDE_1.14.1/STM32CubeIDE/plugins/com.st.stm32cube.ide.mcu.externaltools.gnu-tools-for-stm32.11.3.rel1.win32_1.1.100.202309141235/tools/bin/../lib/gcc/arm-none-eabi/11.3.1/thumb/v7e-m+fp/hard/crti.o
 .ARM.attributes
                0x000000000000001e       0x34 C:/ST/STM32CubeIDE_1.14.1/STM32CubeIDE/plugins/com.st.stm32cube.ide.mcu.externaltools.gnu-tools-for-stm32.11.3.rel1.win32_1.1.100.202309141235/tools/bin/../lib/gcc/arm-none-eabi/11.3.1/thumb/v7e-m+fp/hard/crtbegin.o
 .ARM.attributes
                0x0000000000000052       0x34 ./Src/main.o
 .ARM.attributes
                0x0000000000000086       0x21 ./Startup/startup_stm32f401retx.o
 .ARM.attributes
                0x00000000000000a7       0x39 C:\Users\Admin\Documents\SDK_1.0.3_NUCLEO-F401RE\lib_stm\libLibraries.a(system_stm32f4xx.o)
 .ARM.attributes
                0x00000000000000e0       0x39 C:\Users\Admin\Documents\SDK_1.0.3_NUCLEO-F401RE\lib_stm\libLibraries.a(misc.o)
 .ARM.attributes
                0x0000000000000119       0x39 C:\Users\Admin\Documents\SDK_1.0.3_NUCLEO-F401RE\lib_stm\libLibraries.a(stm32f401re_exti.o)
 .ARM.attributes
                0x0000000000000152       0x39 C:\Users\Admin\Documents\SDK_1.0.3_NUCLEO-F401RE\lib_stm\libLibraries.a(stm32f401re_gpio.o)
 .ARM.attributes
                0x000000000000018b       0x39 C:\Users\Admin\Documents\SDK_1.0.3_NUCLEO-F401RE\lib_stm\libLibraries.a(stm32f401re_rcc.o)
 .ARM.attributes
                0x00000000000001c4       0x39 C:\Users\Admin\Documents\SDK_1.0.3_NUCLEO-F401RE\lib_stm\libLibraries.a(stm32f401re_syscfg.o)
 .ARM.attributes
                0x00000000000001fd       0x34 C:/ST/STM32CubeIDE_1.14.1/STM32CubeIDE/plugins/com.st.stm32cube.ide.mcu.externaltools.gnu-tools-for-stm32.11.3.rel1.win32_1.1.100.202309141235/tools/bin/../lib/gcc/arm-none-eabi/11.3.1/../../../../arm-none-eabi/lib/thumb/v7e-m+fp/hard\libc_nano.a(libc_a-init.o)
 .ARM.attributes
                0x0000000000000231       0x1e C:/ST/STM32CubeIDE_1.14.1/STM32CubeIDE/plugins/com.st.stm32cube.ide.mcu.externaltools.gnu-tools-for-stm32.11.3.rel1.win32_1.1.100.202309141235/tools/bin/../lib/gcc/arm-none-eabi/11.3.1/thumb/v7e-m+fp/hard/crtn.o
OUTPUT(baingat.elf elf32-littlearm)
LOAD linker stubs
LOAD C:/ST/STM32CubeIDE_1.14.1/STM32CubeIDE/plugins/com.st.stm32cube.ide.mcu.externaltools.gnu-tools-for-stm32.11.3.rel1.win32_1.1.100.202309141235/tools/bin/../lib/gcc/arm-none-eabi/11.3.1/../../../../arm-none-eabi/lib/thumb/v7e-m+fp/hard\libc.a
LOAD C:/ST/STM32CubeIDE_1.14.1/STM32CubeIDE/plugins/com.st.stm32cube.ide.mcu.externaltools.gnu-tools-for-stm32.11.3.rel1.win32_1.1.100.202309141235/tools/bin/../lib/gcc/arm-none-eabi/11.3.1/../../../../arm-none-eabi/lib/thumb/v7e-m+fp/hard\libm.a
LOAD C:/ST/STM32CubeIDE_1.14.1/STM32CubeIDE/plugins/com.st.stm32cube.ide.mcu.externaltools.gnu-tools-for-stm32.11.3.rel1.win32_1.1.100.202309141235/tools/bin/../lib/gcc/arm-none-eabi/11.3.1/thumb/v7e-m+fp/hard\libgcc.a

.comment        0x0000000000000000       0xbe
 .comment       0x0000000000000000       0x43 C:/ST/STM32CubeIDE_1.14.1/STM32CubeIDE/plugins/com.st.stm32cube.ide.mcu.externaltools.gnu-tools-for-stm32.11.3.rel1.win32_1.1.100.202309141235/tools/bin/../lib/gcc/arm-none-eabi/11.3.1/thumb/v7e-m+fp/hard/crtbegin.o
                                         0x44 (size before relaxing)
 .comment       0x0000000000000043       0x44 ./Src/main.o
 .comment       0x0000000000000043       0x7b C:\Users\Admin\Documents\SDK_1.0.3_NUCLEO-F401RE\lib_stm\libLibraries.a(system_stm32f4xx.o)
                                         0x7c (size before relaxing)
 .comment       0x00000000000000be       0x7c C:\Users\Admin\Documents\SDK_1.0.3_NUCLEO-F401RE\lib_stm\libLibraries.a(misc.o)
 .comment       0x00000000000000be       0x7c C:\Users\Admin\Documents\SDK_1.0.3_NUCLEO-F401RE\lib_stm\libLibraries.a(stm32f401re_exti.o)
 .comment       0x00000000000000be       0x7c C:\Users\Admin\Documents\SDK_1.0.3_NUCLEO-F401RE\lib_stm\libLibraries.a(stm32f401re_gpio.o)
 .comment       0x00000000000000be       0x7c C:\Users\Admin\Documents\SDK_1.0.3_NUCLEO-F401RE\lib_stm\libLibraries.a(stm32f401re_rcc.o)
 .comment       0x00000000000000be       0x7c C:\Users\Admin\Documents\SDK_1.0.3_NUCLEO-F401RE\lib_stm\libLibraries.a(stm32f401re_syscfg.o)

.debug_info     0x0000000000000000     0x2ba9
 .debug_info    0x0000000000000000      0x6f9 ./Src/main.o
 .debug_info    0x00000000000006f9       0x23 ./Startup/startup_stm32f401retx.o
 .debug_info    0x000000000000071c      0x5bb C:\Users\Admin\Documents\SDK_1.0.3_NUCLEO-F401RE\lib_stm\libLibraries.a(system_stm32f4xx.o)
 .debug_info    0x0000000000000cd7      0x54b C:\Users\Admin\Documents\SDK_1.0.3_NUCLEO-F401RE\lib_stm\libLibraries.a(misc.o)
 .debug_info    0x0000000000001222      0x358 C:\Users\Admin\Documents\SDK_1.0.3_NUCLEO-F401RE\lib_stm\libLibraries.a(stm32f401re_exti.o)
 .debug_info    0x000000000000157a      0x62b C:\Users\Admin\Documents\SDK_1.0.3_NUCLEO-F401RE\lib_stm\libLibraries.a(stm32f401re_gpio.o)
 .debug_info    0x0000000000001ba5      0xd5e C:\Users\Admin\Documents\SDK_1.0.3_NUCLEO-F401RE\lib_stm\libLibraries.a(stm32f401re_rcc.o)
 .debug_info    0x0000000000002903      0x2a6 C:\Users\Admin\Documents\SDK_1.0.3_NUCLEO-F401RE\lib_stm\libLibraries.a(stm32f401re_syscfg.o)

.debug_abbrev   0x0000000000000000      0xb9b
 .debug_abbrev  0x0000000000000000      0x239 ./Src/main.o
 .debug_abbrev  0x0000000000000239       0x12 ./Startup/startup_stm32f401retx.o
 .debug_abbrev  0x000000000000024b      0x138 C:\Users\Admin\Documents\SDK_1.0.3_NUCLEO-F401RE\lib_stm\libLibraries.a(system_stm32f4xx.o)
 .debug_abbrev  0x0000000000000383      0x177 C:\Users\Admin\Documents\SDK_1.0.3_NUCLEO-F401RE\lib_stm\libLibraries.a(misc.o)
 .debug_abbrev  0x00000000000004fa      0x1c3 C:\Users\Admin\Documents\SDK_1.0.3_NUCLEO-F401RE\lib_stm\libLibraries.a(stm32f401re_exti.o)
 .debug_abbrev  0x00000000000006bd      0x1bf C:\Users\Admin\Documents\SDK_1.0.3_NUCLEO-F401RE\lib_stm\libLibraries.a(stm32f401re_gpio.o)
 .debug_abbrev  0x000000000000087c      0x1d4 C:\Users\Admin\Documents\SDK_1.0.3_NUCLEO-F401RE\lib_stm\libLibraries.a(stm32f401re_rcc.o)
 .debug_abbrev  0x0000000000000a50      0x14b C:\Users\Admin\Documents\SDK_1.0.3_NUCLEO-F401RE\lib_stm\libLibraries.a(stm32f401re_syscfg.o)

.debug_aranges  0x0000000000000000      0x3a8
 .debug_aranges
                0x0000000000000000       0x48 ./Src/main.o
 .debug_aranges
                0x0000000000000048       0x28 ./Startup/startup_stm32f401retx.o
 .debug_aranges
                0x0000000000000070       0x30 C:\Users\Admin\Documents\SDK_1.0.3_NUCLEO-F401RE\lib_stm\libLibraries.a(system_stm32f4xx.o)
 .debug_aranges
                0x00000000000000a0       0x40 C:\Users\Admin\Documents\SDK_1.0.3_NUCLEO-F401RE\lib_stm\libLibraries.a(misc.o)
 .debug_aranges
                0x00000000000000e0       0x58 C:\Users\Admin\Documents\SDK_1.0.3_NUCLEO-F401RE\lib_stm\libLibraries.a(stm32f401re_exti.o)
 .debug_aranges
                0x0000000000000138       0x88 C:\Users\Admin\Documents\SDK_1.0.3_NUCLEO-F401RE\lib_stm\libLibraries.a(stm32f401re_gpio.o)
 .debug_aranges
                0x00000000000001c0      0x198 C:\Users\Admin\Documents\SDK_1.0.3_NUCLEO-F401RE\lib_stm\libLibraries.a(stm32f401re_rcc.o)
 .debug_aranges
                0x0000000000000358       0x50 C:\Users\Admin\Documents\SDK_1.0.3_NUCLEO-F401RE\lib_stm\libLibraries.a(stm32f401re_syscfg.o)

.debug_rnglists
                0x0000000000000000       0x4b
 .debug_rnglists
                0x0000000000000000       0x32 ./Src/main.o
 .debug_rnglists
                0x0000000000000032       0x19 ./Startup/startup_stm32f401retx.o

.debug_macro    0x0000000000000000     0x3625
 .debug_macro   0x0000000000000000      0x1f6 ./Src/main.o
 .debug_macro   0x00000000000001f6       0x5b ./Src/main.o
 .debug_macro   0x0000000000000251       0x2a ./Src/main.o
 .debug_macro   0x000000000000027b       0x94 ./Src/main.o
 .debug_macro   0x000000000000030f       0x43 ./Src/main.o
 .debug_macro   0x0000000000000352       0x34 ./Src/main.o
 .debug_macro   0x0000000000000386       0x16 ./Src/main.o
 .debug_macro   0x000000000000039c       0x57 ./Src/main.o
 .debug_macro   0x00000000000003f3       0x97 ./Src/main.o
 .debug_macro   0x000000000000048a      0x369 ./Src/main.o
 .debug_macro   0x00000000000007f3       0xfd ./Src/main.o
 .debug_macro   0x00000000000008f0       0x10 ./Src/main.o
 .debug_macro   0x0000000000000900       0x16 ./Src/main.o
 .debug_macro   0x0000000000000916       0x43 ./Src/main.o
 .debug_macro   0x0000000000000959       0x34 ./Src/main.o
 .debug_macro   0x000000000000098d       0x10 ./Src/main.o
 .debug_macro   0x000000000000099d       0x58 ./Src/main.o
 .debug_macro   0x00000000000009f5       0x8e ./Src/main.o
 .debug_macro   0x0000000000000a83       0x1c ./Src/main.o
 .debug_macro   0x0000000000000a9f      0x177 ./Src/main.o
 .debug_macro   0x0000000000000c16       0x16 ./Src/main.o
 .debug_macro   0x0000000000000c2c       0x16 ./Src/main.o
 .debug_macro   0x0000000000000c42      0x147 ./Src/main.o
 .debug_macro   0x0000000000000d89      0x644 ./Src/main.o
 .debug_macro   0x00000000000013cd      0x2f4 ./Src/main.o
 .debug_macro   0x00000000000016c1       0x82 ./Src/main.o
 .debug_macro   0x0000000000001743       0xb6 ./Src/main.o
 .debug_macro   0x00000000000017f9      0x10d ./Src/main.o
 .debug_macro   0x0000000000001906       0xce C:\Users\Admin\Documents\SDK_1.0.3_NUCLEO-F401RE\lib_stm\libLibraries.a(system_stm32f4xx.o)
 .debug_macro   0x00000000000019d4      0xa66 C:\Users\Admin\Documents\SDK_1.0.3_NUCLEO-F401RE\lib_stm\libLibraries.a(system_stm32f4xx.o)
 .debug_macro   0x000000000000243a       0x22 C:\Users\Admin\Documents\SDK_1.0.3_NUCLEO-F401RE\lib_stm\libLibraries.a(system_stm32f4xx.o)
 .debug_macro   0x000000000000245c       0x8e C:\Users\Admin\Documents\SDK_1.0.3_NUCLEO-F401RE\lib_stm\libLibraries.a(system_stm32f4xx.o)
 .debug_macro   0x00000000000024ea       0xef C:\Users\Admin\Documents\SDK_1.0.3_NUCLEO-F401RE\lib_stm\libLibraries.a(system_stm32f4xx.o)
 .debug_macro   0x00000000000025d9       0xc0 C:\Users\Admin\Documents\SDK_1.0.3_NUCLEO-F401RE\lib_stm\libLibraries.a(misc.o)
 .debug_macro   0x0000000000002699       0x7c C:\Users\Admin\Documents\SDK_1.0.3_NUCLEO-F401RE\lib_stm\libLibraries.a(misc.o)
 .debug_macro   0x0000000000002715       0xc0 C:\Users\Admin\Documents\SDK_1.0.3_NUCLEO-F401RE\lib_stm\libLibraries.a(stm32f401re_exti.o)
 .debug_macro   0x00000000000027d5       0xb0 C:\Users\Admin\Documents\SDK_1.0.3_NUCLEO-F401RE\lib_stm\libLibraries.a(stm32f401re_exti.o)
 .debug_macro   0x0000000000002885       0xc3 C:\Users\Admin\Documents\SDK_1.0.3_NUCLEO-F401RE\lib_stm\libLibraries.a(stm32f401re_gpio.o)
 .debug_macro   0x0000000000002948      0x2ee C:\Users\Admin\Documents\SDK_1.0.3_NUCLEO-F401RE\lib_stm\libLibraries.a(stm32f401re_gpio.o)
 .debug_macro   0x0000000000002c36      0x64a C:\Users\Admin\Documents\SDK_1.0.3_NUCLEO-F401RE\lib_stm\libLibraries.a(stm32f401re_gpio.o)
 .debug_macro   0x0000000000003280      0x18d C:\Users\Admin\Documents\SDK_1.0.3_NUCLEO-F401RE\lib_stm\libLibraries.a(stm32f401re_rcc.o)
 .debug_macro   0x000000000000340d      0x111 C:\Users\Admin\Documents\SDK_1.0.3_NUCLEO-F401RE\lib_stm\libLibraries.a(stm32f401re_syscfg.o)
 .debug_macro   0x000000000000351e      0x107 C:\Users\Admin\Documents\SDK_1.0.3_NUCLEO-F401RE\lib_stm\libLibraries.a(stm32f401re_syscfg.o)

.debug_line     0x0000000000000000     0x2bfa
 .debug_line    0x0000000000000000      0x7ce ./Src/main.o
 .debug_line    0x00000000000007ce       0x7b ./Startup/startup_stm32f401retx.o
 .debug_line    0x0000000000000849      0x4a0 C:\Users\Admin\Documents\SDK_1.0.3_NUCLEO-F401RE\lib_stm\libLibraries.a(system_stm32f4xx.o)
 .debug_line    0x0000000000000ce9      0x515 C:\Users\Admin\Documents\SDK_1.0.3_NUCLEO-F401RE\lib_stm\libLibraries.a(misc.o)
 .debug_line    0x00000000000011fe      0x571 C:\Users\Admin\Documents\SDK_1.0.3_NUCLEO-F401RE\lib_stm\libLibraries.a(stm32f401re_exti.o)
 .debug_line    0x000000000000176f      0x65e C:\Users\Admin\Documents\SDK_1.0.3_NUCLEO-F401RE\lib_stm\libLibraries.a(stm32f401re_gpio.o)
 .debug_line    0x0000000000001dcd      0x8d2 C:\Users\Admin\Documents\SDK_1.0.3_NUCLEO-F401RE\lib_stm\libLibraries.a(stm32f401re_rcc.o)
 .debug_line    0x000000000000269f      0x55b C:\Users\Admin\Documents\SDK_1.0.3_NUCLEO-F401RE\lib_stm\libLibraries.a(stm32f401re_syscfg.o)

.debug_str      0x0000000000000000    0x41571
 .debug_str     0x0000000000000000    0x3fad1 ./Src/main.o
                                      0x3fd3e (size before relaxing)
 .debug_str     0x000000000003fad1       0x2f ./Startup/startup_stm32f401retx.o
                                         0x6a (size before relaxing)
 .debug_str     0x000000000003fb00      0x6da C:\Users\Admin\Documents\SDK_1.0.3_NUCLEO-F401RE\lib_stm\libLibraries.a(system_stm32f4xx.o)
                                      0x3583e (size before relaxing)
 .debug_str     0x00000000000401da      0x17d C:\Users\Admin\Documents\SDK_1.0.3_NUCLEO-F401RE\lib_stm\libLibraries.a(misc.o)
                                      0x35d12 (size before relaxing)
 .debug_str     0x0000000000040357       0xed C:\Users\Admin\Documents\SDK_1.0.3_NUCLEO-F401RE\lib_stm\libLibraries.a(stm32f401re_exti.o)
                                      0x35edf (size before relaxing)
 .debug_str     0x0000000000040444      0x188 C:\Users\Admin\Documents\SDK_1.0.3_NUCLEO-F401RE\lib_stm\libLibraries.a(stm32f401re_gpio.o)
                                      0x3a690 (size before relaxing)
 .debug_str     0x00000000000405cc      0xb99 C:\Users\Admin\Documents\SDK_1.0.3_NUCLEO-F401RE\lib_stm\libLibraries.a(stm32f401re_rcc.o)
                                      0x39aa1 (size before relaxing)
 .debug_str     0x0000000000041165      0x40c C:\Users\Admin\Documents\SDK_1.0.3_NUCLEO-F401RE\lib_stm\libLibraries.a(stm32f401re_syscfg.o)
                                      0x39bb1 (size before relaxing)

.debug_frame    0x0000000000000000      0xe6c
 .debug_frame   0x0000000000000000       0xe0 ./Src/main.o
 .debug_frame   0x00000000000000e0       0x74 C:\Users\Admin\Documents\SDK_1.0.3_NUCLEO-F401RE\lib_stm\libLibraries.a(system_stm32f4xx.o)
 .debug_frame   0x0000000000000154       0xd8 C:\Users\Admin\Documents\SDK_1.0.3_NUCLEO-F401RE\lib_stm\libLibraries.a(misc.o)
 .debug_frame   0x000000000000022c      0x148 C:\Users\Admin\Documents\SDK_1.0.3_NUCLEO-F401RE\lib_stm\libLibraries.a(stm32f401re_exti.o)
 .debug_frame   0x0000000000000374      0x23c C:\Users\Admin\Documents\SDK_1.0.3_NUCLEO-F401RE\lib_stm\libLibraries.a(stm32f401re_gpio.o)
 .debug_frame   0x00000000000005b0      0x774 C:\Users\Admin\Documents\SDK_1.0.3_NUCLEO-F401RE\lib_stm\libLibraries.a(stm32f401re_rcc.o)
 .debug_frame   0x0000000000000d24      0x11c C:\Users\Admin\Documents\SDK_1.0.3_NUCLEO-F401RE\lib_stm\libLibraries.a(stm32f401re_syscfg.o)
 .debug_frame   0x0000000000000e40       0x2c C:/ST/STM32CubeIDE_1.14.1/STM32CubeIDE/plugins/com.st.stm32cube.ide.mcu.externaltools.gnu-tools-for-stm32.11.3.rel1.win32_1.1.100.202309141235/tools/bin/../lib/gcc/arm-none-eabi/11.3.1/../../../../arm-none-eabi/lib/thumb/v7e-m+fp/hard\libc_nano.a(libc_a-init.o)

.debug_line_str
                0x0000000000000000       0x5e
 .debug_line_str
                0x0000000000000000       0x5e ./Startup/startup_stm32f401retx.o
                                         0x76 (size before relaxing)

.debug_ranges   0x0000000000000000      0x2d8
 .debug_ranges  0x0000000000000000       0x20 C:\Users\Admin\Documents\SDK_1.0.3_NUCLEO-F401RE\lib_stm\libLibraries.a(system_stm32f4xx.o)
 .debug_ranges  0x0000000000000020       0x30 C:\Users\Admin\Documents\SDK_1.0.3_NUCLEO-F401RE\lib_stm\libLibraries.a(misc.o)
 .debug_ranges  0x0000000000000050       0x48 C:\Users\Admin\Documents\SDK_1.0.3_NUCLEO-F401RE\lib_stm\libLibraries.a(stm32f401re_exti.o)
 .debug_ranges  0x0000000000000098       0x78 C:\Users\Admin\Documents\SDK_1.0.3_NUCLEO-F401RE\lib_stm\libLibraries.a(stm32f401re_gpio.o)
 .debug_ranges  0x0000000000000110      0x188 C:\Users\Admin\Documents\SDK_1.0.3_NUCLEO-F401RE\lib_stm\libLibraries.a(stm32f401re_rcc.o)
 .debug_ranges  0x0000000000000298       0x40 C:\Users\Admin\Documents\SDK_1.0.3_NUCLEO-F401RE\lib_stm\libLibraries.a(stm32f401re_syscfg.o)
