Archive member included to satisfy reference by file (symbol)

C:\Users\Admin\Documents\SDK_1.0.3_NUCLEO-F401RE\lib_stm\libLibraries.a(system_stm32f4xx.o)
                              ./Src/main.o (SystemCoreClockUpdate)
C:\Users\Admin\Documents\SDK_1.0.3_NUCLEO-F401RE\lib_stm\libLibraries.a(stm32f401re_gpio.o)
                              ./Src/main.o (GPIO_Init)
C:\Users\Admin\Documents\SDK_1.0.3_NUCLEO-F401RE\lib_stm\libLibraries.a(stm32f401re_i2c.o)
                              ./Src/main.o (I2C_Init)
C:\Users\Admin\Documents\SDK_1.0.3_NUCLEO-F401RE\lib_stm\libLibraries.a(stm32f401re_rcc.o)
                              C:\Users\Admin\Documents\SDK_1.0.3_NUCLEO-F401RE\lib_stm\libLibraries.a(stm32f401re_i2c.o) (RCC_GetClocksFreq)
C:\Users\Admin\Documents\SDK_1.0.3_NUCLEO-F401RE\lib_stm\libLibraries.a(timer.o)
                              ./Src/main.o (TimerInit)
C:\Users\Admin\Documents\SDK_1.0.3_NUCLEO-F401RE\lib_stm\libLibraries.a(temhumsensor.o)
                              ./Src/main.o (TemHumSensor_Init)
C:\Users\Admin\Documents\SDK_1.0.3_NUCLEO-F401RE\lib_stm\libLibraries.a(serial.o)
                              C:\Users\Admin\Documents\SDK_1.0.3_NUCLEO-F401RE\lib_stm\libLibraries.a(temhumsensor.o) (Serial_SendPacket)
C:\Users\Admin\Documents\SDK_1.0.3_NUCLEO-F401RE\lib_stm\libLibraries.a(Ucglib.o)
                              ./Src/main.o (Ucglib4WireSWSPI_begin)
C:\Users\Admin\Documents\SDK_1.0.3_NUCLEO-F401RE\lib_stm\libLibraries.a(ucg_box.o)
                              ./Src/main.o (ucg_ClearScreen)
C:\Users\Admin\Documents\SDK_1.0.3_NUCLEO-F401RE\lib_stm\libLibraries.a(ucg_ccs.o)
                              C:\Users\Admin\Documents\SDK_1.0.3_NUCLEO-F401RE\lib_stm\libLibraries.a(ucg_box.o) (ucg_ccs_init)
C:\Users\Admin\Documents\SDK_1.0.3_NUCLEO-F401RE\lib_stm\libLibraries.a(ucg_circle.o)
                              C:\Users\Admin\Documents\SDK_1.0.3_NUCLEO-F401RE\lib_stm\libLibraries.a(ucg_box.o) (ucg_DrawCircle)
C:\Users\Admin\Documents\SDK_1.0.3_NUCLEO-F401RE\lib_stm\libLibraries.a(ucg_dev_default_cb.o)
                              C:\Users\Admin\Documents\SDK_1.0.3_NUCLEO-F401RE\lib_stm\libLibraries.a(Ucglib.o) (ucg_dev_default_cb)
C:\Users\Admin\Documents\SDK_1.0.3_NUCLEO-F401RE\lib_stm\libLibraries.a(ucg_dev_ic_st7735.o)
                              C:\Users\Admin\Documents\SDK_1.0.3_NUCLEO-F401RE\lib_stm\libLibraries.a(Ucglib.o) (ucg_ext_st7735_18)
C:\Users\Admin\Documents\SDK_1.0.3_NUCLEO-F401RE\lib_stm\libLibraries.a(ucg_dev_msg_api.o)
                              C:\Users\Admin\Documents\SDK_1.0.3_NUCLEO-F401RE\lib_stm\libLibraries.a(ucg_box.o) (ucg_SetMaxClipRange)
C:\Users\Admin\Documents\SDK_1.0.3_NUCLEO-F401RE\lib_stm\libLibraries.a(ucg_dev_tft_128x128_st7735.o)
                              C:\Users\Admin\Documents\SDK_1.0.3_NUCLEO-F401RE\lib_stm\libLibraries.a(Ucglib.o) (ucg_dev_st7735_18x128x128)
C:\Users\Admin\Documents\SDK_1.0.3_NUCLEO-F401RE\lib_stm\libLibraries.a(ucg_font.o)
                              C:\Users\Admin\Documents\SDK_1.0.3_NUCLEO-F401RE\lib_stm\libLibraries.a(Ucglib.o) (ucg_SetFontMode)
C:\Users\Admin\Documents\SDK_1.0.3_NUCLEO-F401RE\lib_stm\libLibraries.a(ucg_init.o)
                              C:\Users\Admin\Documents\SDK_1.0.3_NUCLEO-F401RE\lib_stm\libLibraries.a(Ucglib.o) (ucg_Init)
C:\Users\Admin\Documents\SDK_1.0.3_NUCLEO-F401RE\lib_stm\libLibraries.a(ucg_line.o)
                              C:\Users\Admin\Documents\SDK_1.0.3_NUCLEO-F401RE\lib_stm\libLibraries.a(ucg_font.o) (ucg_Draw90Line)
C:\Users\Admin\Documents\SDK_1.0.3_NUCLEO-F401RE\lib_stm\libLibraries.a(ucg_pixel.o)
                              ./Src/main.o (ucg_SetColor)
C:\Users\Admin\Documents\SDK_1.0.3_NUCLEO-F401RE\lib_stm\libLibraries.a(ucg_pixel_font_data.o)
                              ./Src/main.o (ucg_font_ncenR12_hr)
C:\Users\Admin\Documents\SDK_1.0.3_NUCLEO-F401RE\lib_stm\libLibraries.a(ucg_rotate.o)
                              ./Src/main.o (ucg_SetRotate180)
C:\Users\Admin\Documents\SDK_1.0.3_NUCLEO-F401RE\lib_stm\libLibraries.a(misc.o)
                              C:\Users\Admin\Documents\SDK_1.0.3_NUCLEO-F401RE\lib_stm\libLibraries.a(serial.o) (NVIC_PriorityGroupConfig)
C:\Users\Admin\Documents\SDK_1.0.3_NUCLEO-F401RE\lib_stm\libLibraries.a(stm32f401re_usart.o)
                              C:\Users\Admin\Documents\SDK_1.0.3_NUCLEO-F401RE\lib_stm\libLibraries.a(serial.o) (USART_Init)
C:\Users\Admin\Documents\SDK_1.0.3_NUCLEO-F401RE\lib_stm\libLibraries.a(ucg_clip.o)
                              C:\Users\Admin\Documents\SDK_1.0.3_NUCLEO-F401RE\lib_stm\libLibraries.a(ucg_dev_ic_st7735.o) (ucg_clip_is_pixel_visible)
C:\Users\Admin\Documents\SDK_1.0.3_NUCLEO-F401RE\lib_stm\libLibraries.a(ucg_com_msg_api.o)
                              C:\Users\Admin\Documents\SDK_1.0.3_NUCLEO-F401RE\lib_stm\libLibraries.a(ucg_dev_ic_st7735.o) (ucg_com_PowerUp)
[...]
Memory Configuration

Name             Origin             Length             Attributes
RAM              0x0000000020000000 0x0000000000018000 xrw
FLASH            0x0000000008000000 0x0000000000080000 xr
*default*        0x0000000000000000 0xffffffffffffffff

Linker script and memory map

LOAD C:/ST/STM32CubeIDE_1.14.1/STM32CubeIDE/plugins/com.st.stm32cube.ide.mcu.externaltools.gnu-tools-for-stm32.11.3.rel1.win32_1.1.100.202309141235/tools/bin/../lib/gcc/arm-none-eabi/11.3.1/thumb/v7e-m+fp/hard/crti.o
LOAD C:/ST/STM32CubeIDE_1.14.1/STM32CubeIDE/plugins/com.st.stm32cube.ide.mcu.externaltools.gnu-tools-for-stm32.11.3.rel1.win32_1.1.100.202309141235/tools/bin/../lib/gcc/arm-none-eabi/11.3.1/thumb/v7e-m+fp/hard/crtbegin.o
LOAD C:/ST/STM32CubeIDE_1.14.1/STM32CubeIDE/plugins/com.st.stm32cube.ide.mcu.externaltools.gnu-tools-for-stm32.11.3.rel1.win32_1.1.100.202309141235/tools/bin/../lib/gcc/arm-none-eabi/11.3.1/../../../../arm-none-eabi/lib/thumb/v7e-m+fp/hard/crt0.o
LOAD ./SDK_1.0.3_NUCLEO-F401RE/shared/Utilities/buff.o
LOAD ./SDK_1.0.3_NUCLEO-F401RE/shared/Utilities/utilities.o
LOAD ./Src/main.o
LOAD ./Src/syscalls.o
LOAD ./Src/sysmem.o
LOAD ./Startup/startup_stm32f401retx.o
LOAD C:\Users\Admin\Documents\SDK_1.0.3_NUCLEO-F401RE\lib_stm\libLibraries.a
START GROUP
LOAD C:/ST/STM32CubeIDE_1.14.1/STM32CubeIDE/plugins/com.st.stm32cube.ide.mcu.externaltools.gnu-tools-for-stm32.11.3.rel1.win32_1.1.100.202309141235/tools/bin/../lib/gcc/arm-none-eabi/11.3.1/../../../../arm-none-eabi/lib/thumb/v7e-m+fp/hard\libc_nano.a
LOAD C:/ST/STM32CubeIDE_1.14.1/STM32CubeIDE/plugins/com.st.stm32cube.ide.mcu.externaltools.gnu-tools-for-stm32.11.3.rel1.win32_1.1.100.202309141235/tools/bin/../lib/gcc/arm-none-eabi/11.3.1/../../../../arm-none-eabi/lib/thumb/v7e-m+fp/hard\libm.a
END GROUP
START GROUP
LOAD C:/ST/STM32CubeIDE_1.14.1/STM32CubeIDE/plugins/com.st.stm32cube.ide.mcu.externaltools.gnu-tools-for-stm32.11.3.rel1.win32_1.1.100.202309141235/tools/bin/../lib/gcc/arm-none-eabi/11.3.1/thumb/v7e-m+fp/hard\libgcc.a
LOAD C:/ST/STM32CubeIDE_1.14.1/STM32CubeIDE/plugins/com.st.stm32cube.ide.mcu.externaltools.gnu-tools-for-stm32.11.3.rel1.win32_1.1.100.202309141235/tools/bin/../lib/gcc/arm-none-eabi/11.3.1/../../../../arm-none-eabi/lib/thumb/v7e-m+fp/hard\libc_nano.a
END GROUP
START GROUP
LOAD C:/ST/STM32CubeIDE_1.14.1/STM32CubeIDE/plugins/com.st.stm32cube.ide.mcu.externaltools.gnu-tools-for-stm32.11.3.rel1.win32_1.1.100.202309141235/tools/bin/../lib/gcc/arm-none-eabi/11.3.1/thumb/v7e-m+fp/hard\libgcc.a
LOAD C:/ST/STM32CubeIDE_1.14.1/STM32CubeIDE/plugins/com.st.stm32cube.ide.mcu.externaltools.gnu-tools-for-stm32.11.3.rel1.win32_1.1.100.202309141235/tools/bin/../lib/gcc/arm-none-eabi/11.3.1/../../../../arm-none-eabi/lib/thumb/v7e-m+fp/hard\libc_nano.a
LOAD C:/ST/STM32CubeIDE_1.14.1/STM32CubeIDE/plugins/com.st.stm32cube.ide.mcu.externaltools.gnu-tools-for-stm32.11.3.rel1.win32_1.1.100.202309141235/tools/bin/../lib/gcc/arm-none-eabi/11.3.1/../../../../arm-none-eabi/lib/thumb/v7e-m+fp/hard\libnosys.a
END GROUP
START GROUP
LOAD C:/ST/STM32CubeIDE_1.14.1/STM32CubeIDE/plugins/com.st.stm32cube.ide.mcu.externaltools.gnu-tools-for-stm32.11.3.rel1.win32_1.1.100.202309141235/tools/bin/../lib/gcc/arm-none-eabi/11.3.1/thumb/v7e-m+fp/hard\libgcc.a
LOAD C:/ST/STM32CubeIDE_1.14.1/STM32CubeIDE/plugins/com.st.stm32cube.ide.mcu.externaltools.gnu-tools-for-stm32.11.3.rel1.win32_1.1.100.202309141235/tools/bin/../lib/gcc/arm-none-eabi/11.3.1/../../../../arm-none-eabi/lib/thumb/v7e-m+fp/hard\libc_nano.a
LOAD C:/ST/STM32CubeIDE_1.14.1/STM32CubeIDE/plugins/com.st.stm32cube.ide.mcu.externaltools.gnu-tools-for-stm32.11.3.rel1.win32_1.1.100.202309141235/tools/bin/../lib/gcc/arm-none-eabi/11.3.1/../../../../arm-none-eabi/lib/thumb/v7e-m+fp/hard\libnosys.a
END GROUP
LOAD C:/ST/STM32CubeIDE_1.14.1/STM32CubeIDE/plugins/com.st.stm32cube.ide.mcu.externaltools.gnu-tools-for-stm32.11.3.rel1.win32_1.1.100.202309141235/tools/bin/../lib/gcc/arm-none-eabi/11.3.1/thumb/v7e-m+fp/hard/crtend.o
LOAD C:/ST/STM32CubeIDE_1.14.1/STM32CubeIDE/plugins/com.st.stm32cube.ide.mcu.externaltools.gnu-tools-for-stm32.11.3.rel1.win32_1.1.100.202309141235/tools/bin/../lib/gcc/arm-none-eabi/11.3.1/thumb/v7e-m+fp/hard/crtn.o
                0x0000000020018000                _estack = (ORIGIN (RAM) + LENGTH (RAM))
                0x0000000000000200                _Min_Heap_Size = 0x200
                0x0000000000000400                _Min_Stack_Size = 0x400

.isr_vector     0x0000000008000000      0x194
                0x0000000008000000                . = ALIGN (0x4)
 *(.isr_vector)
 .isr_vector    0x0000000008000000      0x194 ./Startup/startup_stm32f401retx.o
                0x0000000008000000                g_pfnVectors
                0x0000000008000194                . = ALIGN (0x4)

.text           0x00000000080001a0     0x4ef0
                0x00000000080001a0                . = ALIGN (0x4)
 *(.text)
 .text          0x00000000080001a0       0x40 C:/ST/STM32CubeIDE_1.14.1/STM32CubeIDE/plugins/com.st.stm32cube.ide.mcu.externaltools.gnu-tools-for-stm32.11.3.rel1.win32_1.1.100.202309141235/tools/bin/../lib/gcc/arm-none-eabi/11.3.1/thumb/v7e-m+fp/hard/crtbegin.o
 .text          0x00000000080001e0       0xa0 C:/ST/STM32CubeIDE_1.14.1/STM32CubeIDE/plugins/com.st.stm32cube.ide.mcu.externaltools.gnu-tools-for-stm32.11.3.rel1.win32_1.1.100.202309141235/tools/bin/../lib/gcc/arm-none-eabi/11.3.1/../../../../arm-none-eabi/lib/thumb/v7e-m+fp/hard\libc_nano.a(libc_a-memchr.o)
                0x00000000080001e0                memchr
 *(.text*)
 .text.bufInit  0x0000000008000280       0x36 ./SDK_1.0.3_NUCLEO-F401RE/shared/Utilities/buff.o
                0x0000000008000280                bufInit
 .text.bufNumItems
                0x00000000080002b6       0x18 ./SDK_1.0.3_NUCLEO-F401RE/shared/Utilities/buff.o
                0x00000000080002b6                bufNumItems
 .text.bufIsFull
                0x00000000080002ce       0x26 ./SDK_1.0.3_NUCLEO-F401RE/shared/Utilities/buff.o
                0x00000000080002ce                bufIsFull
 .text.bufIsEmpty
                0x00000000080002f4       0x26 ./SDK_1.0.3_NUCLEO-F401RE/shared/Utilities/buff.o
                0x00000000080002f4                bufIsEmpty
 .text.bufFlush
                0x000000000800031a       0x32 ./SDK_1.0.3_NUCLEO-F401RE/shared/Utilities/buff.o
                0x000000000800031a                bufFlush
 .text.bufEnDat
                0x000000000800034c       0xa0 ./SDK_1.0.3_NUCLEO-F401RE/shared/Utilities/buff.o
                0x000000000800034c                bufEnDat
 .text.bufDeDat
                0x00000000080003ec       0x8a ./SDK_1.0.3_NUCLEO-F401RE/shared/Utilities/buff.o
                0x00000000080003ec                bufDeDat
 .text.memsetl  0x0000000008000476       0x34 ./SDK_1.0.3_NUCLEO-F401RE/shared/Utilities/utilities.o
                0x0000000008000476                memsetl
 *fill*         0x00000000080004aa        0x2 
 .text.LEDRED_init
                0x00000000080004ac       0x3c ./Src/main.o
 .text.LEDBLUE_init
                0x00000000080004e8       0x3c ./Src/main.o
 .text.LEDGREEN_init
                0x0000000008000524       0x3c ./Src/main.o
 .text.LEDREDControl_SetStatus
                0x0000000008000560       0x34 ./Src/main.o
 .text.LEDBLUEControl_SetStatus
                0x0000000008000594       0x34 ./Src/main.o
 .text.LEDGREENControl_SetStatus
                0x00000000080005c8       0x34 ./Src/main.o
 .text.delay    0x00000000080005fc       0x28 ./Src/main.o
                0x00000000080005fc                delay
 .text.delay2   0x0000000008000624       0x2c ./Src/main.o
                0x0000000008000624                delay2
 .text.delay3   0x0000000008000650       0x2c ./Src/main.o
                0x0000000008000650                delay3
 .text.buzzer_Init
                0x000000000800067c       0x3c ./Src/main.o
 .text.button_Init
                0x00000000080006b8       0x34 ./Src/main.o
 .text.button4_Init
                0x00000000080006ec       0x34 ./Src/main.o
 .text.button3_Init
                0x0000000008000720       0x34 ./Src/main.o
 .text.button5_Init
                0x0000000008000754       0x34 ./Src/main.o
 .text.buzzerControlSetStatus
                0x0000000008000788       0x34 ./Src/main.o
 .text.buttonReadStatus
                0x00000000080007bc       0x34 ./Src/main.o
 .text.Led_Init_red1
                0x00000000080007f0       0x38 ./Src/main.o
 .text.Led_Init_red2
                0x0000000008000828       0x3c ./Src/main.o
 .text.Led_Init_blue1
                0x0000000008000864       0x38 ./Src/main.o
 .text.Led_Init_blue2
                0x000000000800089c       0x3c ./Src/main.o
 .text.Button_Init
                0x00000000080008d8       0x34 ./Src/main.o
 .text.Button_Init_b3
                0x000000000800090c       0x34 ./Src/main.o
 .text.Button_Init_b4
                0x0000000008000940       0x34 ./Src/main.o
 .text.Buzzer_Init
                0x0000000008000974       0x3c ./Src/main.o
 .text.main     0x00000000080009b0      0x1d4 ./Src/main.o
                0x00000000080009b0                main
 .text.delay_ms
                0x0000000008000b84       0x30 ./Src/main.o
                0x0000000008000b84                delay_ms
 .text.CalculatorTime
                0x0000000008000bb4       0x34 ./Src/main.o
                0x0000000008000bb4                CalculatorTime
 .text.AppCommon
                0x0000000008000be8       0x7c ./Src/main.o
 .text.SPI1_Init
                0x0000000008000c64       0x60 ./Src/main.o
 .text.I2C_Init_temphumi
                0x0000000008000cc4       0x94 ./Src/main.o
 .text.I2C_start
                0x0000000008000d58       0x3c ./Src/main.o
                0x0000000008000d58                I2C_start
 .text.I2C_address_direction
                0x0000000008000d94       0x60 ./Src/main.o
                0x0000000008000d94                I2C_address_direction
 .text.I2C_transmit
                0x0000000008000df4       0x38 ./Src/main.o
                0x0000000008000df4                I2C_transmit
 .text.I2C_stop
                0x0000000008000e2c       0x14 ./Src/main.o
                0x0000000008000e2c                I2C_stop
 .text.I2C_receive_nack
                0x0000000008000e40       0x30 ./Src/main.o
                0x0000000008000e40                I2C_receive_nack
 .text.I2C_receive_ack
                0x0000000008000e70       0x30 ./Src/main.o
                0x0000000008000e70                I2C_receive_ack
 .text.TemHumSensor_readRegister
                0x0000000008000ea0       0xba ./Src/main.o
 *fill*         0x0000000008000f5a        0x2 
 .text.GetTemp_Sensor
                0x0000000008000f5c       0x64 ./Src/main.o
                0x0000000008000f5c                GetTemp_Sensor
 .text.GetHumi_Sensor
                0x0000000008000fc0       0x64 ./Src/main.o
                0x0000000008000fc0                GetHumi_Sensor
 .text.GetLight_Sensor
                0x0000000008001024       0x34 ./Src/main.o
                0x0000000008001024                GetLight_Sensor
 .text.processGetValueSensor
                0x0000000008001058      0x230 ./Src/main.o
                0x0000000008001058                processGetValueSensor
 .text.Scan_SensorLCD
                0x0000000008001288       0x6c ./Src/main.o
                0x0000000008001288                Scan_SensorLCD
 .text.Scan_TimeSensor
                0x00000000080012f4       0x48 ./Src/main.o
                0x00000000080012f4                Scan_TimeSensor
 .text._sbrk    0x000000000800133c       0x6c ./Src/sysmem.o
                0x000000000800133c                _sbrk
 .text.Reset_Handler
                0x00000000080013a8       0x50 ./Startup/startup_stm32f401retx.o
                0x00000000080013a8                Reset_Handler
 .text.Default_Handler
                0x00000000080013f8        0x2 ./Startup/startup_stm32f401retx.o
                0x00000000080013f8                EXTI2_IRQHandler
                0x00000000080013f8                DebugMon_Handler
                0x00000000080013f8                SPI4_IRQHandler
                0x00000000080013f8                TIM1_CC_IRQHandler
                0x00000000080013f8                DMA2_Stream5_IRQHandler
                0x00000000080013f8                HardFault_Handler
                0x00000000080013f8                DMA1_Stream5_IRQHandler
                0x00000000080013f8                SDIO_IRQHandler
                0x00000000080013f8                TAMP_STAMP_IRQHandler
                0x00000000080013f8                PendSV_Handler
                0x00000000080013f8                NMI_Handler
                0x00000000080013f8                EXTI3_IRQHandler
                0x00000000080013f8                TIM1_UP_TIM10_IRQHandler
                0x00000000080013f8                I2C3_ER_IRQHandler
                0x00000000080013f8                EXTI18_OTG_FS_WKUP_IRQHandler
                0x00000000080013f8                EXTI0_IRQHandler
                0x00000000080013f8                I2C2_EV_IRQHandler
                0x00000000080013f8                DMA1_Stream2_IRQHandler
                0x00000000080013f8                UsageFault_Handler
                0x00000000080013f8                DMA2_Stream2_IRQHandler
                0x00000000080013f8                SPI1_IRQHandler
                0x00000000080013f8                TIM1_BRK_TIM9_IRQHandler
                0x00000000080013f8                DMA2_Stream3_IRQHandler
                0x00000000080013f8                USART6_IRQHandler
                0x00000000080013f8                DMA2_Stream0_IRQHandler
                0x00000000080013f8                TIM4_IRQHandler
                0x00000000080013f8                I2C1_EV_IRQHandler
                0x00000000080013f8                DMA1_Stream6_IRQHandler
                0x00000000080013f8                DMA1_Stream1_IRQHandler
                0x00000000080013f8                TIM3_IRQHandler
                0x00000000080013f8                RCC_IRQHandler
                0x00000000080013f8                Default_Handler
                0x00000000080013f8                EXTI15_10_IRQHandler
                0x00000000080013f8                ADC_IRQHandler
                0x00000000080013f8                DMA1_Stream7_IRQHandler
                0x00000000080013f8                TIM5_IRQHandler
                0x00000000080013f8                DMA2_Stream7_IRQHandler
                0x00000000080013f8                I2C3_EV_IRQHandler
                0x00000000080013f8                EXTI9_5_IRQHandler
                0x00000000080013f8                SPI2_IRQHandler
                0x00000000080013f8                MemManage_Handler
                0x00000000080013f8                DMA1_Stream0_IRQHandler
                0x00000000080013f8                SVC_Handler
                0x00000000080013f8                EXTI4_IRQHandler
                0x00000000080013f8                EXTI22_RTC_WKUP_IRQHandler
                0x00000000080013f8                TIM2_IRQHandler
                0x00000000080013f8                EXTI16_PVD_IRQHandler
                0x00000000080013f8                TIM1_TRG_COM_TIM11_IRQHandler
                0x00000000080013f8                EXTI1_IRQHandler
                0x00000000080013f8                EXTI17_RTC_Alarm_IRQHandler
                0x00000000080013f8                I2C2_ER_IRQHandler
                0x00000000080013f8                DMA2_Stream1_IRQHandler
                0x00000000080013f8                FLASH_IRQHandler
                0x00000000080013f8                DMA2_Stream4_IRQHandler
                0x00000000080013f8                BusFault_Handler
                0x00000000080013f8                USART1_IRQHandler
                0x00000000080013f8                OTG_FS_IRQHandler
                0x00000000080013f8                SPI3_IRQHandler
                0x00000000080013f8                DMA1_Stream4_IRQHandler
                0x00000000080013f8                I2C1_ER_IRQHandler
                0x00000000080013f8                DMA2_Stream6_IRQHandler
                0x00000000080013f8                DMA1_Stream3_IRQHandler
 *fill*         0x00000000080013fa        0x2 
 .text.SystemInit
                0x00000000080013fc       0x6c C:\Users\Admin\Documents\SDK_1.0.3_NUCLEO-F401RE\lib_stm\libLibraries.a(system_stm32f4xx.o)
                0x00000000080013fc                SystemInit
 .text.SystemCoreClockUpdate
                0x0000000008001468       0xf8 C:\Users\Admin\Documents\SDK_1.0.3_NUCLEO-F401RE\lib_stm\libLibraries.a(system_stm32f4xx.o)
                0x0000000008001468                SystemCoreClockUpdate
 .text.SetSysClock
                0x0000000008001560       0xa0 C:\Users\Admin\Documents\SDK_1.0.3_NUCLEO-F401RE\lib_stm\libLibraries.a(system_stm32f4xx.o)
 .text.GPIO_Init
                0x0000000008001600      0x11c C:\Users\Admin\Documents\SDK_1.0.3_NUCLEO-F401RE\lib_stm\libLibraries.a(stm32f401re_gpio.o)
                0x0000000008001600                GPIO_Init
 .text.GPIO_WriteBit
                0x000000000800171c       0x30 C:\Users\Admin\Documents\SDK_1.0.3_NUCLEO-F401RE\lib_stm\libLibraries.a(stm32f401re_gpio.o)
                0x000000000800171c                GPIO_WriteBit
 .text.GPIO_PinAFConfig
                0x000000000800174c       0x92 C:\Users\Admin\Documents\SDK_1.0.3_NUCLEO-F401RE\lib_stm\libLibraries.a(stm32f401re_gpio.o)
                0x000000000800174c                GPIO_PinAFConfig
 *fill*         0x00000000080017de        0x2 
 .text.I2C_Init
                0x00000000080017e0      0x184 C:\Users\Admin\Documents\SDK_1.0.3_NUCLEO-F401RE\lib_stm\libLibraries.a(stm32f401re_i2c.o)
                0x00000000080017e0                I2C_Init
 .text.I2C_Cmd  0x0000000008001964       0x40 C:\Users\Admin\Documents\SDK_1.0.3_NUCLEO-F401RE\lib_stm\libLibraries.a(stm32f401re_i2c.o)
                0x0000000008001964                I2C_Cmd
 .text.I2C_GenerateSTART
                0x00000000080019a4       0x40 C:\Users\Admin\Documents\SDK_1.0.3_NUCLEO-F401RE\lib_stm\libLibraries.a(stm32f401re_i2c.o)
                0x00000000080019a4                I2C_GenerateSTART
 .text.I2C_GenerateSTOP
                0x00000000080019e4       0x40 C:\Users\Admin\Documents\SDK_1.0.3_NUCLEO-F401RE\lib_stm\libLibraries.a(stm32f401re_i2c.o)
                0x00000000080019e4                I2C_GenerateSTOP
 .text.I2C_Send7bitAddress
                0x0000000008001a24       0x3c C:\Users\Admin\Documents\SDK_1.0.3_NUCLEO-F401RE\lib_stm\libLibraries.a(stm32f401re_i2c.o)
                0x0000000008001a24                I2C_Send7bitAddress
 .text.I2C_AcknowledgeConfig
                0x0000000008001a60       0x40 C:\Users\Admin\Documents\SDK_1.0.3_NUCLEO-F401RE\lib_stm\libLibraries.a(stm32f401re_i2c.o)
                0x0000000008001a60                I2C_AcknowledgeConfig
 .text.I2C_SendData
                0x0000000008001aa0       0x20 C:\Users\Admin\Documents\SDK_1.0.3_NUCLEO-F401RE\lib_stm\libLibraries.a(stm32f401re_i2c.o)
                0x0000000008001aa0                I2C_SendData
 .text.I2C_ReceiveData
                0x0000000008001ac0       0x1c C:\Users\Admin\Documents\SDK_1.0.3_NUCLEO-F401RE\lib_stm\libLibraries.a(stm32f401re_i2c.o)
                0x0000000008001ac0                I2C_ReceiveData
 .text.I2C_CheckEvent
                0x0000000008001adc       0x60 C:\Users\Admin\Documents\SDK_1.0.3_NUCLEO-F401RE\lib_stm\libLibraries.a(stm32f401re_i2c.o)
                0x0000000008001adc                I2C_CheckEvent
 .text.I2C_GetFlagStatus
                0x0000000008001b3c       0x66 C:\Users\Admin\Documents\SDK_1.0.3_NUCLEO-F401RE\lib_stm\libLibraries.a(stm32f401re_i2c.o)
                0x0000000008001b3c                I2C_GetFlagStatus
 *fill*         0x0000000008001ba2        0x2 
 .text.RCC_GetClocksFreq
                0x0000000008001ba4      0x150 C:\Users\Admin\Documents\SDK_1.0.3_NUCLEO-F401RE\lib_stm\libLibraries.a(stm32f401re_rcc.o)
                0x0000000008001ba4                RCC_GetClocksFreq
 .text.RCC_AHB1PeriphClockCmd
                0x0000000008001cf4       0x40 C:\Users\Admin\Documents\SDK_1.0.3_NUCLEO-F401RE\lib_stm\libLibraries.a(stm32f401re_rcc.o)
                0x0000000008001cf4                RCC_AHB1PeriphClockCmd
 .text.RCC_APB1PeriphClockCmd
                0x0000000008001d34       0x40 C:\Users\Admin\Documents\SDK_1.0.3_NUCLEO-F401RE\lib_stm\libLibraries.a(stm32f401re_rcc.o)
                0x0000000008001d34                RCC_APB1PeriphClockCmd
 .text.NVIC_SetPriority
                0x0000000008001d74       0x54 C:\Users\Admin\Documents\SDK_1.0.3_NUCLEO-F401RE\lib_stm\libLibraries.a(timer.o)
 .text.SysTick_Config
                0x0000000008001dc8       0x44 C:\Users\Admin\Documents\SDK_1.0.3_NUCLEO-F401RE\lib_stm\libLibraries.a(timer.o)
 .text.TimerInit
                0x0000000008001e0c       0x44 C:\Users\Admin\Documents\SDK_1.0.3_NUCLEO-F401RE\lib_stm\libLibraries.a(timer.o)
                0x0000000008001e0c                TimerInit
 .text.TimerStart
                0x0000000008001e50       0xc4 C:\Users\Admin\Documents\SDK_1.0.3_NUCLEO-F401RE\lib_stm\libLibraries.a(timer.o)
                0x0000000008001e50                TimerStart
 .text.TimerStop
                0x0000000008001f14       0xa0 C:\Users\Admin\Documents\SDK_1.0.3_NUCLEO-F401RE\lib_stm\libLibraries.a(timer.o)
                0x0000000008001f14                TimerStop
 .text.GetMilSecTick
                0x0000000008001fb4       0x18 C:\Users\Admin\Documents\SDK_1.0.3_NUCLEO-F401RE\lib_stm\libLibraries.a(timer.o)
                0x0000000008001fb4                GetMilSecTick
 .text.processTimerScheduler
                0x0000000008001fcc       0xf0 C:\Users\Admin\Documents\SDK_1.0.3_NUCLEO-F401RE\lib_stm\libLibraries.a(timer.o)
                0x0000000008001fcc                processTimerScheduler
 .text.TimeExpired
                0x00000000080020bc       0xcc C:\Users\Admin\Documents\SDK_1.0.3_NUCLEO-F401RE\lib_stm\libLibraries.a(timer.o)
 .text.SysTick_Handler
                0x0000000008002188       0x1c C:\Users\Admin\Documents\SDK_1.0.3_NUCLEO-F401RE\lib_stm\libLibraries.a(timer.o)
                0x0000000008002188                SysTick_Handler
 .text.TemHumSensor_Init
                0x00000000080021a4        0xc C:\Users\Admin\Documents\SDK_1.0.3_NUCLEO-F401RE\lib_stm\libLibraries.a(temhumsensor.o)
                0x00000000080021a4                TemHumSensor_Init
 .text.i2c_config
                0x00000000080021b0       0x94 C:\Users\Admin\Documents\SDK_1.0.3_NUCLEO-F401RE\lib_stm\libLibraries.a(temhumsensor.o)
                0x00000000080021b0                i2c_config
 .text.USART2_IRQHandler
                0x0000000008002244       0x50 C:\Users\Admin\Documents\SDK_1.0.3_NUCLEO-F401RE\lib_stm\libLibraries.a(serial.o)
                0x0000000008002244                USART2_IRQHandler
 .text.delayMicroseconds
                0x0000000008002294       0x14 C:\Users\Admin\Documents\SDK_1.0.3_NUCLEO-F401RE\lib_stm\libLibraries.a(Ucglib.o)
 .text.ucg_gpio_init
                0x00000000080022a8       0x60 C:\Users\Admin\Documents\SDK_1.0.3_NUCLEO-F401RE\lib_stm\libLibraries.a(Ucglib.o)
 .text.ucg_com_arduino_send_generic_SW_SPI
                0x0000000008002308       0x74 C:\Users\Admin\Documents\SDK_1.0.3_NUCLEO-F401RE\lib_stm\libLibraries.a(Ucglib.o)
 .text.ucg_com_arduino_generic_SW_SPI
                0x000000000800237c      0x1ec C:\Users\Admin\Documents\SDK_1.0.3_NUCLEO-F401RE\lib_stm\libLibraries.a(Ucglib.o)
 .text.Ucglib4WireSWSPI_begin
                0x0000000008002568       0x38 C:\Users\Admin\Documents\SDK_1.0.3_NUCLEO-F401RE\lib_stm\libLibraries.a(Ucglib.o)
                0x0000000008002568                Ucglib4WireSWSPI_begin
 .text.ucg_DrawBox
                0x00000000080025a0       0x56 C:\Users\Admin\Documents\SDK_1.0.3_NUCLEO-F401RE\lib_stm\libLibraries.a(ucg_box.o)
                0x00000000080025a0                ucg_DrawBox
 .text.ucg_ClearScreen
                0x00000000080025f6       0x50 C:\Users\Admin\Documents\SDK_1.0.3_NUCLEO-F401RE\lib_stm\libLibraries.a(ucg_box.o)
                0x00000000080025f6                ucg_ClearScreen
 .text.ucg_ccs_init
                0x0000000008002646       0xc0 C:\Users\Admin\Documents\SDK_1.0.3_NUCLEO-F401RE\lib_stm\libLibraries.a(ucg_ccs.o)
                0x0000000008002646                ucg_ccs_init
 .text.ucg_ccs_step
                0x0000000008002706       0x80 C:\Users\Admin\Documents\SDK_1.0.3_NUCLEO-F401RE\lib_stm\libLibraries.a(ucg_ccs.o)
                0x0000000008002706                ucg_ccs_step
 .text.ucg_ccs_seek
                0x0000000008002786       0xca C:\Users\Admin\Documents\SDK_1.0.3_NUCLEO-F401RE\lib_stm\libLibraries.a(ucg_ccs.o)
                0x0000000008002786                ucg_ccs_seek
 .text.ucg_dev_default_cb
                0x0000000008002850       0x44 C:\Users\Admin\Documents\SDK_1.0.3_NUCLEO-F401RE\lib_stm\libLibraries.a(ucg_dev_default_cb.o)
                0x0000000008002850                ucg_dev_default_cb
 .text.ucg_ext_none
                0x0000000008002894       0x1c C:\Users\Admin\Documents\SDK_1.0.3_NUCLEO-F401RE\lib_stm\libLibraries.a(ucg_dev_default_cb.o)
                0x0000000008002894                ucg_ext_none
 .text.ucg_handle_st7735_l90fx
                0x00000000080028b0       0xd8 C:\Users\Admin\Documents\SDK_1.0.3_NUCLEO-F401RE\lib_stm\libLibraries.a(ucg_dev_ic_st7735.o)
                0x00000000080028b0                ucg_handle_st7735_l90fx
 .text.ucg_handle_st7735_l90se
                0x0000000008002988      0x154 C:\Users\Admin\Documents\SDK_1.0.3_NUCLEO-F401RE\lib_stm\libLibraries.a(ucg_dev_ic_st7735.o)
                0x0000000008002988                ucg_handle_st7735_l90se
 .text.ucg_dev_ic_st7735_18
                0x0000000008002adc       0xf8 C:\Users\Admin\Documents\SDK_1.0.3_NUCLEO-F401RE\lib_stm\libLibraries.a(ucg_dev_ic_st7735.o)
                0x0000000008002adc                ucg_dev_ic_st7735_18
 .text.ucg_ext_st7735_18
                0x0000000008002bd4       0x28 C:\Users\Admin\Documents\SDK_1.0.3_NUCLEO-F401RE\lib_stm\libLibraries.a(ucg_dev_ic_st7735.o)
                0x0000000008002bd4                ucg_ext_st7735_18
 .text.ucg_PowerDown
                0x0000000008002bfc       0x34 C:\Users\Admin\Documents\SDK_1.0.3_NUCLEO-F401RE\lib_stm\libLibraries.a(ucg_dev_msg_api.o)
                0x0000000008002bfc                ucg_PowerDown
 .text.ucg_PowerUp
                0x0000000008002c30       0x3c C:\Users\Admin\Documents\SDK_1.0.3_NUCLEO-F401RE\lib_stm\libLibraries.a(ucg_dev_msg_api.o)
                0x0000000008002c30                ucg_PowerUp
 .text.ucg_SetClipBox
                0x0000000008002c6c       0x1e C:\Users\Admin\Documents\SDK_1.0.3_NUCLEO-F401RE\lib_stm\libLibraries.a(ucg_dev_msg_api.o)
                0x0000000008002c6c                ucg_SetClipBox
 .text.ucg_SetMaxClipRange
                0x0000000008002c8a       0x30 C:\Users\Admin\Documents\SDK_1.0.3_NUCLEO-F401RE\lib_stm\libLibraries.a(ucg_dev_msg_api.o)
                0x0000000008002c8a                ucg_SetMaxClipRange
 .text.ucg_GetDimension
                0x0000000008002cba       0x24 C:\Users\Admin\Documents\SDK_1.0.3_NUCLEO-F401RE\lib_stm\libLibraries.a(ucg_dev_msg_api.o)
                0x0000000008002cba                ucg_GetDimension
 .text.ucg_DrawL90FXWithArg
                0x0000000008002cde       0x1e C:\Users\Admin\Documents\SDK_1.0.3_NUCLEO-F401RE\lib_stm\libLibraries.a(ucg_dev_msg_api.o)
                0x0000000008002cde                ucg_DrawL90FXWithArg
 .text.ucg_dev_st7735_18x128x128
                0x0000000008002cfc       0x80 C:\Users\Admin\Documents\SDK_1.0.3_NUCLEO-F401RE\lib_stm\libLibraries.a(ucg_dev_tft_128x128_st7735.o)
                0x0000000008002cfc                ucg_dev_st7735_18x128x128
 .text.ucg_font_get_byte
                0x0000000008002d7c       0x24 C:\Users\Admin\Documents\SDK_1.0.3_NUCLEO-F401RE\lib_stm\libLibraries.a(ucg_font.o)
 .text.ucg_font_get_word
                0x0000000008002da0       0x40 C:\Users\Admin\Documents\SDK_1.0.3_NUCLEO-F401RE\lib_stm\libLibraries.a(ucg_font.o)
 .text.ucg_read_font_info
                0x0000000008002de0      0x142 C:\Users\Admin\Documents\SDK_1.0.3_NUCLEO-F401RE\lib_stm\libLibraries.a(ucg_font.o)
                0x0000000008002de0                ucg_read_font_info
 .text.ucg_font_decode_get_unsigned_bits
                0x0000000008002f22       0x96 C:\Users\Admin\Documents\SDK_1.0.3_NUCLEO-F401RE\lib_stm\libLibraries.a(ucg_font.o)
                0x0000000008002f22                ucg_font_decode_get_unsigned_bits
 .text.ucg_font_decode_get_signed_bits
                0x0000000008002fb8       0x46 C:\Users\Admin\Documents\SDK_1.0.3_NUCLEO-F401RE\lib_stm\libLibraries.a(ucg_font.o)
                0x0000000008002fb8                ucg_font_decode_get_signed_bits
 .text.ucg_add_vector_y
                0x0000000008002ffe       0x7a C:\Users\Admin\Documents\SDK_1.0.3_NUCLEO-F401RE\lib_stm\libLibraries.a(ucg_font.o)
 .text.ucg_add_vector_x
                0x0000000008003078       0x7a C:\Users\Admin\Documents\SDK_1.0.3_NUCLEO-F401RE\lib_stm\libLibraries.a(ucg_font.o)
 .text.ucg_font_decode_len
                0x00000000080030f2      0x118 C:\Users\Admin\Documents\SDK_1.0.3_NUCLEO-F401RE\lib_stm\libLibraries.a(ucg_font.o)
                0x00000000080030f2                ucg_font_decode_len
 .text.ucg_font_setup_decode
                0x000000000800320a       0x64 C:\Users\Admin\Documents\SDK_1.0.3_NUCLEO-F401RE\lib_stm\libLibraries.a(ucg_font.o)
 .text.ucg_font_decode_glyph
                0x000000000800326e      0x14c C:\Users\Admin\Documents\SDK_1.0.3_NUCLEO-F401RE\lib_stm\libLibraries.a(ucg_font.o)
                0x000000000800326e                ucg_font_decode_glyph
 .text.ucg_font_get_glyph_data
                0x00000000080033ba       0x7a C:\Users\Admin\Documents\SDK_1.0.3_NUCLEO-F401RE\lib_stm\libLibraries.a(ucg_font.o)
                0x00000000080033ba                ucg_font_get_glyph_data
 .text.ucg_font_draw_glyph
                0x0000000008003434       0x62 C:\Users\Admin\Documents\SDK_1.0.3_NUCLEO-F401RE\lib_stm\libLibraries.a(ucg_font.o)
                0x0000000008003434                ucg_font_draw_glyph
 .text.ucg_SetFontMode
                0x0000000008003496       0x20 C:\Users\Admin\Documents\SDK_1.0.3_NUCLEO-F401RE\lib_stm\libLibraries.a(ucg_font.o)
                0x0000000008003496                ucg_SetFontMode
 *fill*         0x00000000080034b6        0x2 
 .text.ucg_DrawGlyph
                0x00000000080034b8       0xb0 C:\Users\Admin\Documents\SDK_1.0.3_NUCLEO-F401RE\lib_stm\libLibraries.a(ucg_font.o)
                0x00000000080034b8                ucg_DrawGlyph
 .text.task_drawString
                0x0000000008003568      0x138 C:\Users\Admin\Documents\SDK_1.0.3_NUCLEO-F401RE\lib_stm\libLibraries.a(ucg_font.o)
                0x0000000008003568                task_drawString
 .text.ucg_DrawString
                0x00000000080036a0       0x78 C:\Users\Admin\Documents\SDK_1.0.3_NUCLEO-F401RE\lib_stm\libLibraries.a(ucg_font.o)
                0x00000000080036a0                ucg_DrawString
 .text.ucg_UpdateRefHeight
                0x0000000008003718       0xd8 C:\Users\Admin\Documents\SDK_1.0.3_NUCLEO-F401RE\lib_stm\libLibraries.a(ucg_font.o)
                0x0000000008003718                ucg_UpdateRefHeight
 .text.ucg_font_calc_vref_font
                0x00000000080037f0       0x16 C:\Users\Admin\Documents\SDK_1.0.3_NUCLEO-F401RE\lib_stm\libLibraries.a(ucg_font.o)
                0x00000000080037f0                ucg_font_calc_vref_font
 *fill*         0x0000000008003806        0x2 
 .text.ucg_SetFontPosBaseline
                0x0000000008003808       0x20 C:\Users\Admin\Documents\SDK_1.0.3_NUCLEO-F401RE\lib_stm\libLibraries.a(ucg_font.o)
                0x0000000008003808                ucg_SetFontPosBaseline
 .text.ucg_SetFont
                0x0000000008003828       0x4c C:\Users\Admin\Documents\SDK_1.0.3_NUCLEO-F401RE\lib_stm\libLibraries.a(ucg_font.o)
                0x0000000008003828                ucg_SetFont
 .text.ucg_init_struct
                0x0000000008003874       0x50 C:\Users\Admin\Documents\SDK_1.0.3_NUCLEO-F401RE\lib_stm\libLibraries.a(ucg_init.o)
                0x0000000008003874                ucg_init_struct
 .text.ucg_Init
                0x00000000080038c4       0x5c C:\Users\Admin\Documents\SDK_1.0.3_NUCLEO-F401RE\lib_stm\libLibraries.a(ucg_init.o)
                0x00000000080038c4                ucg_Init
 .text.ucg_Draw90Line
                0x0000000008003920       0x88 C:\Users\Admin\Documents\SDK_1.0.3_NUCLEO-F401RE\lib_stm\libLibraries.a(ucg_line.o)
                0x0000000008003920                ucg_Draw90Line
 .text.ucg_DrawHLine
                0x00000000080039a8       0x3e C:\Users\Admin\Documents\SDK_1.0.3_NUCLEO-F401RE\lib_stm\libLibraries.a(ucg_line.o)
                0x00000000080039a8                ucg_DrawHLine
 .text.ucg_SetColor
                0x00000000080039e6       0x5c C:\Users\Admin\Documents\SDK_1.0.3_NUCLEO-F401RE\lib_stm\libLibraries.a(ucg_pixel.o)
                0x00000000080039e6                ucg_SetColor
 .text.ucg_UndoRotate
                0x0000000008003a42       0x32 C:\Users\Admin\Documents\SDK_1.0.3_NUCLEO-F401RE\lib_stm\libLibraries.a(ucg_rotate.o)
                0x0000000008003a42                ucg_UndoRotate
 .text.ucg_rotate_180_xy
                0x0000000008003a74       0x66 C:\Users\Admin\Documents\SDK_1.0.3_NUCLEO-F401RE\lib_stm\libLibraries.a(ucg_rotate.o)
 *fill*         0x0000000008003ada        0x2 
 .text.ucg_dev_rotate180
                0x0000000008003adc      0x100 C:\Users\Admin\Documents\SDK_1.0.3_NUCLEO-F401RE\lib_stm\libLibraries.a(ucg_rotate.o)
                0x0000000008003adc                ucg_dev_rotate180
 .text.ucg_SetRotate180
                0x0000000008003bdc       0x34 C:\Users\Admin\Documents\SDK_1.0.3_NUCLEO-F401RE\lib_stm\libLibraries.a(ucg_rotate.o)
                0x0000000008003bdc                ucg_SetRotate180
 .text.USART_ReceiveData
                0x0000000008003c10       0x20 C:\Users\Admin\Documents\SDK_1.0.3_NUCLEO-F401RE\lib_stm\libLibraries.a(stm32f401re_usart.o)
                0x0000000008003c10                USART_ReceiveData
 .text.USART_GetITStatus
                0x0000000008003c30       0xb6 C:\Users\Admin\Documents\SDK_1.0.3_NUCLEO-F401RE\lib_stm\libLibraries.a(stm32f401re_usart.o)
                0x0000000008003c30                USART_GetITStatus
 .text.USART_ClearITPendingBit
                0x0000000008003ce6       0x3a C:\Users\Admin\Documents\SDK_1.0.3_NUCLEO-F401RE\lib_stm\libLibraries.a(stm32f401re_usart.o)
                0x0000000008003ce6                USART_ClearITPendingBit
 .text.ucg_clip_is_x_visible
                0x0000000008003d20       0x4a C:\Users\Admin\Documents\SDK_1.0.3_NUCLEO-F401RE\lib_stm\libLibraries.a(ucg_clip.o)
 .text.ucg_clip_is_y_visible
                0x0000000008003d6a       0x4a C:\Users\Admin\Documents\SDK_1.0.3_NUCLEO-F401RE\lib_stm\libLibraries.a(ucg_clip.o)
 .text.ucg_clip_intersection
                0x0000000008003db4       0x74 C:\Users\Admin\Documents\SDK_1.0.3_NUCLEO-F401RE\lib_stm\libLibraries.a(ucg_clip.o)
 .text.ucg_clip_is_pixel_visible
                0x0000000008003e28       0x32 C:\Users\Admin\Documents\SDK_1.0.3_NUCLEO-F401RE\lib_stm\libLibraries.a(ucg_clip.o)
                0x0000000008003e28                ucg_clip_is_pixel_visible
 *fill*         0x0000000008003e5a        0x2 
 .text.ucg_clip_l90fx
                0x0000000008003e5c      0x300 C:\Users\Admin\Documents\SDK_1.0.3_NUCLEO-F401RE\lib_stm\libLibraries.a(ucg_clip.o)
                0x0000000008003e5c                ucg_clip_l90fx
 .text.ucg_clip_l90se
                0x000000000800415c       0x54 C:\Users\Admin\Documents\SDK_1.0.3_NUCLEO-F401RE\lib_stm\libLibraries.a(ucg_clip.o)
                0x000000000800415c                ucg_clip_l90se
 .text.ucg_com_PowerDown
                0x00000000080041b0       0x3e C:\Users\Admin\Documents\SDK_1.0.3_NUCLEO-F401RE\lib_stm\libLibraries.a(ucg_com_msg_api.o)
                0x00000000080041b0                ucg_com_PowerDown
 .text.ucg_com_PowerUp
                0x00000000080041ee       0x60 C:\Users\Admin\Documents\SDK_1.0.3_NUCLEO-F401RE\lib_stm\libLibraries.a(ucg_com_msg_api.o)
                0x00000000080041ee                ucg_com_PowerUp
 .text.ucg_com_SetLineStatus
                0x000000000800424e       0xe2 C:\Users\Admin\Documents\SDK_1.0.3_NUCLEO-F401RE\lib_stm\libLibraries.a(ucg_com_msg_api.o)
                0x000000000800424e                ucg_com_SetLineStatus
 .text.ucg_com_SetResetLineStatus
                0x0000000008004330       0x20 C:\Users\Admin\Documents\SDK_1.0.3_NUCLEO-F401RE\lib_stm\libLibraries.a(ucg_com_msg_api.o)
                0x0000000008004330                ucg_com_SetResetLineStatus
 .text.ucg_com_SetCSLineStatus
                0x0000000008004350       0x20 C:\Users\Admin\Documents\SDK_1.0.3_NUCLEO-F401RE\lib_stm\libLibraries.a(ucg_com_msg_api.o)
                0x0000000008004350                ucg_com_SetCSLineStatus
 .text.ucg_com_SetCDLineStatus
                0x0000000008004370       0x20 C:\Users\Admin\Documents\SDK_1.0.3_NUCLEO-F401RE\lib_stm\libLibraries.a(ucg_com_msg_api.o)
                0x0000000008004370                ucg_com_SetCDLineStatus
 .text.ucg_com_DelayMicroseconds
                0x0000000008004390       0x22 C:\Users\Admin\Documents\SDK_1.0.3_NUCLEO-F401RE\lib_stm\libLibraries.a(ucg_com_msg_api.o)
                0x0000000008004390                ucg_com_DelayMicroseconds
 .text.ucg_com_DelayMilliseconds
                0x00000000080043b2       0x2c C:\Users\Admin\Documents\SDK_1.0.3_NUCLEO-F401RE\lib_stm\libLibraries.a(ucg_com_msg_api.o)
                0x00000000080043b2                ucg_com_DelayMilliseconds
 .text.ucg_com_SendByte
                0x00000000080043de       0x24 C:\Users\Admin\Documents\SDK_1.0.3_NUCLEO-F401RE\lib_stm\libLibraries.a(ucg_com_msg_api.o)
                0x00000000080043de                ucg_com_SendByte
 .text.ucg_com_SendStringP
                0x0000000008004402       0x40 C:\Users\Admin\Documents\SDK_1.0.3_NUCLEO-F401RE\lib_stm\libLibraries.a(ucg_com_msg_api.o)
                0x0000000008004402                ucg_com_SendStringP
 .text.ucg_com_SendCmdArg
                0x0000000008004442       0x74 C:\Users\Admin\Documents\SDK_1.0.3_NUCLEO-F401RE\lib_stm\libLibraries.a(ucg_com_msg_api.o)
 *fill*         0x00000000080044b6        0x2 
 .text.ucg_com_SendCmdSeq
                0x00000000080044b8      0x278 C:\Users\Admin\Documents\SDK_1.0.3_NUCLEO-F401RE\lib_stm\libLibraries.a(ucg_com_msg_api.o)
                0x00000000080044b8                ucg_com_SendCmdSeq
 .text.sprintf  0x0000000008004730       0x40 C:/ST/STM32CubeIDE_1.14.1/STM32CubeIDE/plugins/com.st.stm32cube.ide.mcu.externaltools.gnu-tools-for-stm32.11.3.rel1.win32_1.1.100.202309141235/tools/bin/../lib/gcc/arm-none-eabi/11.3.1/../../../../arm-none-eabi/lib/thumb/v7e-m+fp/hard\libc_nano.a(libc_a-sprintf.o)
                0x0000000008004730                siprintf
                0x0000000008004730                sprintf
 .text.memset   0x0000000008004770       0x10 C:/ST/STM32CubeIDE_1.14.1/STM32CubeIDE/plugins/com.st.stm32cube.ide.mcu.externaltools.gnu-tools-for-stm32.11.3.rel1.win32_1.1.100.202309141235/tools/bin/../lib/gcc/arm-none-eabi/11.3.1/../../../../arm-none-eabi/lib/thumb/v7e-m+fp/hard\libc_nano.a(libc_a-memset.o)
                0x0000000008004770                memset
 .text.__errno  0x0000000008004780        0xc C:/ST/STM32CubeIDE_1.14.1/STM32CubeIDE/plugins/com.st.stm32cube.ide.mcu.externaltools.gnu-tools-for-stm32.11.3.rel1.win32_1.1.100.202309141235/tools/bin/../lib/gcc/arm-none-eabi/11.3.1/../../../../arm-none-eabi/lib/thumb/v7e-m+fp/hard\libc_nano.a(libc_a-errno.o)
                0x0000000008004780                __errno
 .text.__libc_init_array
                0x000000000800478c       0x48 C:/ST/STM32CubeIDE_1.14.1/STM32CubeIDE/plugins/com.st.stm32cube.ide.mcu.externaltools.gnu-tools-for-stm32.11.3.rel1.win32_1.1.100.202309141235/tools/bin/../lib/gcc/arm-none-eabi/11.3.1/../../../../arm-none-eabi/lib/thumb/v7e-m+fp/hard\libc_nano.a(libc_a-init.o)
                0x000000000800478c                __libc_init_array
 .text.__retarget_lock_acquire_recursive
                0x00000000080047d4        0x2 C:/ST/STM32CubeIDE_1.14.1/STM32CubeIDE/plugins/com.st.stm32cube.ide.mcu.externaltools.gnu-tools-for-stm32.11.3.rel1.win32_1.1.100.202309141235/tools/bin/../lib/gcc/arm-none-eabi/11.3.1/../../../../arm-none-eabi/lib/thumb/v7e-m+fp/hard\libc_nano.a(libc_a-lock.o)
                0x00000000080047d4                __retarget_lock_acquire_recursive
 .text.__retarget_lock_release_recursive
                0x00000000080047d6        0x2 C:/ST/STM32CubeIDE_1.14.1/STM32CubeIDE/plugins/com.st.stm32cube.ide.mcu.externaltools.gnu-tools-for-stm32.11.3.rel1.win32_1.1.100.202309141235/tools/bin/../lib/gcc/arm-none-eabi/11.3.1/../../../../arm-none-eabi/lib/thumb/v7e-m+fp/hard\libc_nano.a(libc_a-lock.o)
                0x00000000080047d6                __retarget_lock_release_recursive
 .text._free_r  0x00000000080047d8       0x98 C:/ST/STM32CubeIDE_1.14.1/STM32CubeIDE/plugins/com.st.stm32cube.ide.mcu.externaltools.gnu-tools-for-stm32.11.3.rel1.win32_1.1.100.202309141235/tools/bin/../lib/gcc/arm-none-eabi/11.3.1/../../../../arm-none-eabi/lib/thumb/v7e-m+fp/hard\libc_nano.a(libc_a-freer.o)
                0x00000000080047d8                _free_r
 .text.sbrk_aligned
                0x0000000008004870       0x40 C:/ST/STM32CubeIDE_1.14.1/STM32CubeIDE/plugins/com.st.stm32cube.ide.mcu.externaltools.gnu-tools-for-stm32.11.3.rel1.win32_1.1.100.202309141235/tools/bin/../lib/gcc/arm-none-eabi/11.3.1/../../../../arm-none-eabi/lib/thumb/v7e-m+fp/hard\libc_nano.a(libc_a-mallocr.o)
 .text._malloc_r
                0x00000000080048b0      0x100 C:/ST/STM32CubeIDE_1.14.1/STM32CubeIDE/plugins/com.st.stm32cube.ide.mcu.externaltools.gnu-tools-for-stm32.11.3.rel1.win32_1.1.100.202309141235/tools/bin/../lib/gcc/arm-none-eabi/11.3.1/../../../../arm-none-eabi/lib/thumb/v7e-m+fp/hard\libc_nano.a(libc_a-mallocr.o)
                0x00000000080048b0                _malloc_r
 .text.__malloc_lock
                0x00000000080049b0        0xc C:/ST/STM32CubeIDE_1.14.1/STM32CubeIDE/plugins/com.st.stm32cube.ide.mcu.externaltools.gnu-tools-for-stm32.11.3.rel1.win32_1.1.100.202309141235/tools/bin/../lib/gcc/arm-none-eabi/11.3.1/../../../../arm-none-eabi/lib/thumb/v7e-m+fp/hard\libc_nano.a(libc_a-mlock.o)
                0x00000000080049b0                __malloc_lock
 .text.__malloc_unlock
                0x00000000080049bc        0xc C:/ST/STM32CubeIDE_1.14.1/STM32CubeIDE/plugins/com.st.stm32cube.ide.mcu.externaltools.gnu-tools-for-stm32.11.3.rel1.win32_1.1.100.202309141235/tools/bin/../lib/gcc/arm-none-eabi/11.3.1/../../../../arm-none-eabi/lib/thumb/v7e-m+fp/hard\libc_nano.a(libc_a-mlock.o)
                0x00000000080049bc                __malloc_unlock
 .text.__ssputs_r
                0x00000000080049c8       0xb4 C:/ST/STM32CubeIDE_1.14.1/STM32CubeIDE/plugins/com.st.stm32cube.ide.mcu.externaltools.gnu-tools-for-stm32.11.3.rel1.win32_1.1.100.202309141235/tools/bin/../lib/gcc/arm-none-eabi/11.3.1/../../../../arm-none-eabi/lib/thumb/v7e-m+fp/hard\libc_nano.a(libc_a-nano-svfprintf.o)
                0x00000000080049c8                __ssputs_r
 .text._svfprintf_r
                0x0000000008004a7c      0x1fc C:/ST/STM32CubeIDE_1.14.1/STM32CubeIDE/plugins/com.st.stm32cube.ide.mcu.externaltools.gnu-tools-for-stm32.11.3.rel1.win32_1.1.100.202309141235/tools/bin/../lib/gcc/arm-none-eabi/11.3.1/../../../../arm-none-eabi/lib/thumb/v7e-m+fp/hard\libc_nano.a(libc_a-nano-svfprintf.o)
                0x0000000008004a7c                _svfiprintf_r
                0x0000000008004a7c                _svfprintf_r
 .text._printf_common
                0x0000000008004c78       0xda C:/ST/STM32CubeIDE_1.14.1/STM32CubeIDE/plugins/com.st.stm32cube.ide.mcu.externaltools.gnu-tools-for-stm32.11.3.rel1.win32_1.1.100.202309141235/tools/bin/../lib/gcc/arm-none-eabi/11.3.1/../../../../arm-none-eabi/lib/thumb/v7e-m+fp/hard\libc_nano.a(libc_a-nano-vfprintf_i.o)
                0x0000000008004c78                _printf_common
 *fill*         0x0000000008004d52        0x2 
 .text._printf_i
                0x0000000008004d54      0x244 C:/ST/STM32CubeIDE_1.14.1/STM32CubeIDE/plugins/com.st.stm32cube.ide.mcu.externaltools.gnu-tools-for-stm32.11.3.rel1.win32_1.1.100.202309141235/tools/bin/../lib/gcc/arm-none-eabi/11.3.1/../../../../arm-none-eabi/lib/thumb/v7e-m+fp/hard\libc_nano.a(libc_a-nano-vfprintf_i.o)
                0x0000000008004d54                _printf_i
 .text.memmove  0x0000000008004f98       0x34 C:/ST/STM32CubeIDE_1.14.1/STM32CubeIDE/plugins/com.st.stm32cube.ide.mcu.externaltools.gnu-tools-for-stm32.11.3.rel1.win32_1.1.100.202309141235/tools/bin/../lib/gcc/arm-none-eabi/11.3.1/../../../../arm-none-eabi/lib/thumb/v7e-m+fp/hard\libc_nano.a(libc_a-memmove.o)
                0x0000000008004f98                memmove
 .text._sbrk_r  0x0000000008004fcc       0x20 C:/ST/STM32CubeIDE_1.14.1/STM32CubeIDE/plugins/com.st.stm32cube.ide.mcu.externaltools.gnu-tools-for-stm32.11.3.rel1.win32_1.1.100.202309141235/tools/bin/../lib/gcc/arm-none-eabi/11.3.1/../../../../arm-none-eabi/lib/thumb/v7e-m+fp/hard\libc_nano.a(libc_a-sbrkr.o)
                0x0000000008004fcc                _sbrk_r
 .text.memcpy   0x0000000008004fec       0x1c C:/ST/STM32CubeIDE_1.14.1/STM32CubeIDE/plugins/com.st.stm32cube.ide.mcu.externaltools.gnu-tools-for-stm32.11.3.rel1.win32_1.1.100.202309141235/tools/bin/../lib/gcc/arm-none-eabi/11.3.1/../../../../arm-none-eabi/lib/thumb/v7e-m+fp/hard\libc_nano.a(libc_a-memcpy-stub.o)
                0x0000000008004fec                memcpy
 .text._realloc_r
                0x0000000008005008       0x5e C:/ST/STM32CubeIDE_1.14.1/STM32CubeIDE/plugins/com.st.stm32cube.ide.mcu.externaltools.gnu-tools-for-stm32.11.3.rel1.win32_1.1.100.202309141235/tools/bin/../lib/gcc/arm-none-eabi/11.3.1/../../../../arm-none-eabi/lib/thumb/v7e-m+fp/hard\libc_nano.a(libc_a-reallocr.o)
                0x0000000008005008                _realloc_r
 .text._malloc_usable_size_r
                0x0000000008005066       0x10 C:/ST/STM32CubeIDE_1.14.1/STM32CubeIDE/plugins/com.st.stm32cube.ide.mcu.externaltools.gnu-tools-for-stm32.11.3.rel1.win32_1.1.100.202309141235/tools/bin/../lib/gcc/arm-none-eabi/11.3.1/../../../../arm-none-eabi/lib/thumb/v7e-m+fp/hard\libc_nano.a(libc_a-msizer.o)
                0x0000000008005066                _malloc_usable_size_r
 *(.glue_7)
 .glue_7        0x0000000008005076        0x0 linker stubs
 *(.glue_7t)
 .glue_7t       0x0000000008005076        0x0 linker stubs
 *(.eh_frame)
 *fill*         0x0000000008005076        0x2 
 .eh_frame      0x0000000008005078        0x0 C:/ST/STM32CubeIDE_1.14.1/STM32CubeIDE/plugins/com.st.stm32cube.ide.mcu.externaltools.gnu-tools-for-stm32.11.3.rel1.win32_1.1.100.202309141235/tools/bin/../lib/gcc/arm-none-eabi/11.3.1/thumb/v7e-m+fp/hard/crtbegin.o
 *(.init)
 .init          0x0000000008005078        0x4 C:/ST/STM32CubeIDE_1.14.1/STM32CubeIDE/plugins/com.st.stm32cube.ide.mcu.externaltools.gnu-tools-for-stm32.11.3.rel1.win32_1.1.100.202309141235/tools/bin/../lib/gcc/arm-none-eabi/11.3.1/thumb/v7e-m+fp/hard/crti.o
                0x0000000008005078                _init
 .init          0x000000000800507c        0x8 C:/ST/STM32CubeIDE_1.14.1/STM32CubeIDE/plugins/com.st.stm32cube.ide.mcu.externaltools.gnu-tools-for-stm32.11.3.rel1.win32_1.1.100.202309141235/tools/bin/../lib/gcc/arm-none-eabi/11.3.1/thumb/v7e-m+fp/hard/crtn.o
 *(.fini)
 .fini          0x0000000008005084        0x4 C:/ST/STM32CubeIDE_1.14.1/STM32CubeIDE/plugins/com.st.stm32cube.ide.mcu.externaltools.gnu-tools-for-stm32.11.3.rel1.win32_1.1.100.202309141235/tools/bin/../lib/gcc/arm-none-eabi/11.3.1/thumb/v7e-m+fp/hard/crti.o
                0x0000000008005084                _fini
 .fini          0x0000000008005088        0x8 C:/ST/STM32CubeIDE_1.14.1/STM32CubeIDE/plugins/com.st.stm32cube.ide.mcu.externaltools.gnu-tools-for-stm32.11.3.rel1.win32_1.1.100.202309141235/tools/bin/../lib/gcc/arm-none-eabi/11.3.1/thumb/v7e-m+fp/hard/crtn.o
                0x0000000008005090                . = ALIGN (0x4)
                0x0000000008005090                _etext = .

.vfp11_veneer   0x0000000008005090        0x0
 .vfp11_veneer  0x0000000008005090        0x0 linker stubs

.v4_bx          0x0000000008005090        0x0
 .v4_bx         0x0000000008005090        0x0 linker stubs

.iplt           0x0000000008005090        0x0
 .iplt          0x0000000008005090        0x0 C:/ST/STM32CubeIDE_1.14.1/STM32CubeIDE/plugins/com.st.stm32cube.ide.mcu.externaltools.gnu-tools-for-stm32.11.3.rel1.win32_1.1.100.202309141235/tools/bin/../lib/gcc/arm-none-eabi/11.3.1/thumb/v7e-m+fp/hard/crtbegin.o

.rodata         0x0000000008005090      0x910
                0x0000000008005090                . = ALIGN (0x4)
 *(.rodata)
 .rodata        0x0000000008005090       0x44 ./Src/main.o
 .rodata        0x00000000080050d4        0xf C:\Users\Admin\Documents\SDK_1.0.3_NUCLEO-F401RE\lib_stm\libLibraries.a(ucg_font.o)
 *(.rodata*)
 *fill*         0x00000000080050e3        0x1 
 .rodata.ucg_st7735_set_pos_seq
                0x00000000080050e4       0x1e C:\Users\Admin\Documents\SDK_1.0.3_NUCLEO-F401RE\lib_stm\libLibraries.a(ucg_dev_ic_st7735.o)
                0x00000000080050e4                ucg_st7735_set_pos_seq
 *fill*         0x0000000008005102        0x2 
 .rodata.ucg_st7735_set_pos_dir0_seq
                0x0000000008005104       0x1e C:\Users\Admin\Documents\SDK_1.0.3_NUCLEO-F401RE\lib_stm\libLibraries.a(ucg_dev_ic_st7735.o)
                0x0000000008005104                ucg_st7735_set_pos_dir0_seq
 *fill*         0x0000000008005122        0x2 
 .rodata.ucg_st7735_set_pos_dir1_seq
                0x0000000008005124       0x21 C:\Users\Admin\Documents\SDK_1.0.3_NUCLEO-F401RE\lib_stm\libLibraries.a(ucg_dev_ic_st7735.o)
                0x0000000008005124                ucg_st7735_set_pos_dir1_seq
 *fill*         0x0000000008005145        0x3 
 .rodata.ucg_st7735_set_pos_dir2_seq
                0x0000000008005148       0x21 C:\Users\Admin\Documents\SDK_1.0.3_NUCLEO-F401RE\lib_stm\libLibraries.a(ucg_dev_ic_st7735.o)
                0x0000000008005148                ucg_st7735_set_pos_dir2_seq
 *fill*         0x0000000008005169        0x3 
 .rodata.ucg_st7735_set_pos_dir3_seq
                0x000000000800516c       0x24 C:\Users\Admin\Documents\SDK_1.0.3_NUCLEO-F401RE\lib_stm\libLibraries.a(ucg_dev_ic_st7735.o)
                0x000000000800516c                ucg_st7735_set_pos_dir3_seq
 .rodata.ucg_st7735_power_down_seq
                0x0000000008005190        0x7 C:\Users\Admin\Documents\SDK_1.0.3_NUCLEO-F401RE\lib_stm\libLibraries.a(ucg_dev_ic_st7735.o)
 *fill*         0x0000000008005197        0x1 
 .rodata.ucg_tft_128x160_st7735_init_seq
                0x0000000008005198       0x2c C:\Users\Admin\Documents\SDK_1.0.3_NUCLEO-F401RE\lib_stm\libLibraries.a(ucg_dev_tft_128x128_st7735.o)
 .rodata.ucg_font_ncenR12_hr
                0x00000000080051c4      0x7a8 C:\Users\Admin\Documents\SDK_1.0.3_NUCLEO-F401RE\lib_stm\libLibraries.a(ucg_pixel_font_data.o)
                0x00000000080051c4                ucg_font_ncenR12_hr
 .rodata._svfprintf_r.str1.1
                0x000000000800596c       0x11 C:/ST/STM32CubeIDE_1.14.1/STM32CubeIDE/plugins/com.st.stm32cube.ide.mcu.externaltools.gnu-tools-for-stm32.11.3.rel1.win32_1.1.100.202309141235/tools/bin/../lib/gcc/arm-none-eabi/11.3.1/../../../../arm-none-eabi/lib/thumb/v7e-m+fp/hard\libc_nano.a(libc_a-nano-svfprintf.o)
 .rodata._printf_i.str1.1
                0x000000000800597d       0x22 C:/ST/STM32CubeIDE_1.14.1/STM32CubeIDE/plugins/com.st.stm32cube.ide.mcu.externaltools.gnu-tools-for-stm32.11.3.rel1.win32_1.1.100.202309141235/tools/bin/../lib/gcc/arm-none-eabi/11.3.1/../../../../arm-none-eabi/lib/thumb/v7e-m+fp/hard\libc_nano.a(libc_a-nano-vfprintf_i.o)
                0x00000000080059a0                . = ALIGN (0x4)
 *fill*         0x000000000800599f        0x1 

.rel.dyn        0x00000000080059a0        0x0
 .rel.iplt      0x00000000080059a0        0x0 C:/ST/STM32CubeIDE_1.14.1/STM32CubeIDE/plugins/com.st.stm32cube.ide.mcu.externaltools.gnu-tools-for-stm32.11.3.rel1.win32_1.1.100.202309141235/tools/bin/../lib/gcc/arm-none-eabi/11.3.1/thumb/v7e-m+fp/hard/crtbegin.o

.ARM.extab      0x00000000080059a0        0x0
                0x00000000080059a0                . = ALIGN (0x4)
 *(.ARM.extab* .gnu.linkonce.armextab.*)
                0x00000000080059a0                . = ALIGN (0x4)

.ARM            0x00000000080059a0        0x0
                0x00000000080059a0                . = ALIGN (0x4)
                0x00000000080059a0                __exidx_start = .
 *(.ARM.exidx*)
                0x00000000080059a0                __exidx_end = .
                0x00000000080059a0                . = ALIGN (0x4)

.preinit_array  0x00000000080059a0        0x0
                0x00000000080059a0                . = ALIGN (0x4)
                0x00000000080059a0                PROVIDE (__preinit_array_start = .)
 *(.preinit_array*)
                0x00000000080059a0                PROVIDE (__preinit_array_end = .)
                0x00000000080059a0                . = ALIGN (0x4)

.init_array     0x00000000080059a0        0x4
                0x00000000080059a0                . = ALIGN (0x4)
                0x00000000080059a0                PROVIDE (__init_array_start = .)
 *(SORT_BY_NAME(.init_array.*))
 *(.init_array*)
 .init_array    0x00000000080059a0        0x4 C:/ST/STM32CubeIDE_1.14.1/STM32CubeIDE/plugins/com.st.stm32cube.ide.mcu.externaltools.gnu-tools-for-stm32.11.3.rel1.win32_1.1.100.202309141235/tools/bin/../lib/gcc/arm-none-eabi/11.3.1/thumb/v7e-m+fp/hard/crtbegin.o
                0x00000000080059a4                PROVIDE (__init_array_end = .)
                0x00000000080059a4                . = ALIGN (0x4)

.fini_array     0x00000000080059a4        0x4
                0x00000000080059a4                . = ALIGN (0x4)
                [!provide]                        PROVIDE (__fini_array_start = .)
 *(SORT_BY_NAME(.fini_array.*))
 *(.fini_array*)
 .fini_array    0x00000000080059a4        0x4 C:/ST/STM32CubeIDE_1.14.1/STM32CubeIDE/plugins/com.st.stm32cube.ide.mcu.externaltools.gnu-tools-for-stm32.11.3.rel1.win32_1.1.100.202309141235/tools/bin/../lib/gcc/arm-none-eabi/11.3.1/thumb/v7e-m+fp/hard/crtbegin.o
                [!provide]                        PROVIDE (__fini_array_end = .)
                0x00000000080059a8                . = ALIGN (0x4)
                0x00000000080059a8                _sidata = LOADADDR (.data)

.data           0x0000000020000000       0x78 load address 0x00000000080059a8
                0x0000000020000000                . = ALIGN (0x4)
                0x0000000020000000                _sdata = .
 *(.data)
 *(.data*)
 .data.SystemCoreClock
                0x0000000020000000        0x4 C:\Users\Admin\Documents\SDK_1.0.3_NUCLEO-F401RE\lib_stm\libLibraries.a(system_stm32f4xx.o)
                0x0000000020000000                SystemCoreClock
 .data.AHBPrescTable
                0x0000000020000004       0x10 C:\Users\Admin\Documents\SDK_1.0.3_NUCLEO-F401RE\lib_stm\libLibraries.a(system_stm32f4xx.o)
                0x0000000020000004                AHBPrescTable
 .data.APBAHBPrescTable
                0x0000000020000014       0x10 C:\Users\Admin\Documents\SDK_1.0.3_NUCLEO-F401RE\lib_stm\libLibraries.a(stm32f401re_rcc.o)
 .data.idTaskScanDecodeLen
                0x0000000020000024        0x1 C:\Users\Admin\Documents\SDK_1.0.3_NUCLEO-F401RE\lib_stm\libLibraries.a(ucg_font.o)
 *fill*         0x0000000020000025        0x3 
 .data._impure_data
                0x0000000020000028       0x4c C:/ST/STM32CubeIDE_1.14.1/STM32CubeIDE/plugins/com.st.stm32cube.ide.mcu.externaltools.gnu-tools-for-stm32.11.3.rel1.win32_1.1.100.202309141235/tools/bin/../lib/gcc/arm-none-eabi/11.3.1/../../../../arm-none-eabi/lib/thumb/v7e-m+fp/hard\libc_nano.a(libc_a-impure.o)
                0x0000000020000028                _impure_data
 .data._impure_ptr
                0x0000000020000074        0x4 C:/ST/STM32CubeIDE_1.14.1/STM32CubeIDE/plugins/com.st.stm32cube.ide.mcu.externaltools.gnu-tools-for-stm32.11.3.rel1.win32_1.1.100.202309141235/tools/bin/../lib/gcc/arm-none-eabi/11.3.1/../../../../arm-none-eabi/lib/thumb/v7e-m+fp/hard\libc_nano.a(libc_a-impure.o)
                0x0000000020000074                _impure_ptr
 *(.RamFunc)
 *(.RamFunc*)
                0x0000000020000078                . = ALIGN (0x4)
                0x0000000020000078                _edata = .

.igot.plt       0x0000000020000078        0x0 load address 0x0000000008005a20
 .igot.plt      0x0000000020000078        0x0 C:/ST/STM32CubeIDE_1.14.1/STM32CubeIDE/plugins/com.st.stm32cube.ide.mcu.externaltools.gnu-tools-for-stm32.11.3.rel1.win32_1.1.100.202309141235/tools/bin/../lib/gcc/arm-none-eabi/11.3.1/thumb/v7e-m+fp/hard/crtbegin.o
                0x0000000020000078                . = ALIGN (0x4)

.bss            0x0000000020000078     0x1458 load address 0x0000000008005a20
                0x0000000020000078                _sbss = .
                0x0000000020000078                __bss_start__ = _sbss
 *(.bss)
 .bss           0x0000000020000078       0x1c C:/ST/STM32CubeIDE_1.14.1/STM32CubeIDE/plugins/com.st.stm32cube.ide.mcu.externaltools.gnu-tools-for-stm32.11.3.rel1.win32_1.1.100.202309141235/tools/bin/../lib/gcc/arm-none-eabi/11.3.1/thumb/v7e-m+fp/hard/crtbegin.o
 *(.bss*)
 .bss.ucg       0x0000000020000094       0xb4 ./Src/main.o
 .bss.time_initial
                0x0000000020000148        0x4 ./Src/main.o
                0x0000000020000148                time_initial
 .bss.time_current
                0x000000002000014c        0x4 ./Src/main.o
                0x000000002000014c                time_current
 .bss.idTimer   0x0000000020000150        0x4 ./Src/main.o
                0x0000000020000150                idTimer
 .bss.src1      0x0000000020000154       0x14 ./Src/main.o
 .bss.src2      0x0000000020000168       0x14 ./Src/main.o
 .bss.src3      0x000000002000017c       0x14 ./Src/main.o
 .bss.src4      0x0000000020000190       0x14 ./Src/main.o
 .bss.src5      0x00000000200001a4       0x14 ./Src/main.o
 .bss.src6      0x00000000200001b8       0x14 ./Src/main.o
 .bss.time_total
                0x00000000200001cc        0x4 ./Src/main.o
 .bss.temperature
                0x00000000200001d0        0x1 ./Src/main.o
 .bss.humidity  0x00000000200001d1        0x1 ./Src/main.o
 .bss.light     0x00000000200001d2        0x1 ./Src/main.o
 .bss.temperature1
                0x00000000200001d3        0x1 ./Src/main.o
 .bss.humidity1
                0x00000000200001d4        0x1 ./Src/main.o
 .bss.light1    0x00000000200001d5        0x1 ./Src/main.o
 *fill*         0x00000000200001d6        0x2 
 .bss.__sbrk_heap_end
                0x00000000200001d8        0x4 ./Src/sysmem.o
 .bss.g_pTimerHandle
                0x00000000200001dc      0x180 C:\Users\Admin\Documents\SDK_1.0.3_NUCLEO-F401RE\lib_stm\libLibraries.a(timer.o)
 .bss.g_wMilSecTickTimer
                0x000000002000035c        0x4 C:\Users\Admin\Documents\SDK_1.0.3_NUCLEO-F401RE\lib_stm\libLibraries.a(timer.o)
 .bss.g_pUartQueueRx
                0x0000000020000360        0x8 C:\Users\Admin\Documents\SDK_1.0.3_NUCLEO-F401RE\lib_stm\libLibraries.a(serial.o)
 .bss.fontQueue
                0x0000000020000368       0x10 C:\Users\Admin\Documents\SDK_1.0.3_NUCLEO-F401RE\lib_stm\libLibraries.a(ucg_font.o)
 .bss.pQueueFont
                0x0000000020000378     0x1000 C:\Users\Admin\Documents\SDK_1.0.3_NUCLEO-F401RE\lib_stm\libLibraries.a(ucg_font.o)
 .bss.next.7562
                0x0000000020001378        0x1 C:\Users\Admin\Documents\SDK_1.0.3_NUCLEO-F401RE\lib_stm\libLibraries.a(ucg_font.o)
 *fill*         0x0000000020001379        0x3 
 .bss.__sf      0x000000002000137c      0x138 C:/ST/STM32CubeIDE_1.14.1/STM32CubeIDE/plugins/com.st.stm32cube.ide.mcu.externaltools.gnu-tools-for-stm32.11.3.rel1.win32_1.1.100.202309141235/tools/bin/../lib/gcc/arm-none-eabi/11.3.1/../../../../arm-none-eabi/lib/thumb/v7e-m+fp/hard\libc_nano.a(libc_a-findfp.o)
                0x000000002000137c                __sf
 .bss.errno     0x00000000200014b4        0x4 C:/ST/STM32CubeIDE_1.14.1/STM32CubeIDE/plugins/com.st.stm32cube.ide.mcu.externaltools.gnu-tools-for-stm32.11.3.rel1.win32_1.1.100.202309141235/tools/bin/../lib/gcc/arm-none-eabi/11.3.1/../../../../arm-none-eabi/lib/thumb/v7e-m+fp/hard\libc_nano.a(libc_a-reent.o)
                0x00000000200014b4                errno
 .bss.__lock___malloc_recursive_mutex
                0x00000000200014b8        0x1 C:/ST/STM32CubeIDE_1.14.1/STM32CubeIDE/plugins/com.st.stm32cube.ide.mcu.externaltools.gnu-tools-for-stm32.11.3.rel1.win32_1.1.100.202309141235/tools/bin/../lib/gcc/arm-none-eabi/11.3.1/../../../../arm-none-eabi/lib/thumb/v7e-m+fp/hard\libc_nano.a(libc_a-lock.o)
                0x00000000200014b8                __lock___malloc_recursive_mutex
 *fill*         0x00000000200014b9        0x3 
 .bss.__malloc_free_list
                0x00000000200014bc        0x4 C:/ST/STM32CubeIDE_1.14.1/STM32CubeIDE/plugins/com.st.stm32cube.ide.mcu.externaltools.gnu-tools-for-stm32.11.3.rel1.win32_1.1.100.202309141235/tools/bin/../lib/gcc/arm-none-eabi/11.3.1/../../../../arm-none-eabi/lib/thumb/v7e-m+fp/hard\libc_nano.a(libc_a-mallocr.o)
                0x00000000200014bc                __malloc_free_list
 .bss.__malloc_sbrk_start
                0x00000000200014c0        0x4 C:/ST/STM32CubeIDE_1.14.1/STM32CubeIDE/plugins/com.st.stm32cube.ide.mcu.externaltools.gnu-tools-for-stm32.11.3.rel1.win32_1.1.100.202309141235/tools/bin/../lib/gcc/arm-none-eabi/11.3.1/../../../../arm-none-eabi/lib/thumb/v7e-m+fp/hard\libc_nano.a(libc_a-mallocr.o)
                0x00000000200014c0                __malloc_sbrk_start
 *(COMMON)
 COMMON         0x00000000200014c4        0xc C:\Users\Admin\Documents\SDK_1.0.3_NUCLEO-F401RE\lib_stm\libLibraries.a(ucg_font.o)
                0x00000000200014c4                ucg_draw_str
                0x00000000200014d0                . = ALIGN (0x4)
                0x00000000200014d0                _ebss = .
                0x00000000200014d0                __bss_end__ = _ebss

._user_heap_stack
                0x00000000200014d0      0x600 load address 0x0000000008005a20
                0x00000000200014d0                . = ALIGN (0x8)
                [!provide]                        PROVIDE (end = .)
                0x00000000200014d0                PROVIDE (_end = .)
                0x00000000200016d0                . = (. + _Min_Heap_Size)
 *fill*         0x00000000200014d0      0x200 
                0x0000000020001ad0                . = (. + _Min_Stack_Size)
 *fill*         0x00000000200016d0      0x400 
                0x0000000020001ad0                . = ALIGN (0x8)

/DISCARD/
 libc.a(*)
 libm.a(*)
 libgcc.a(*)

.ARM.attributes
                0x0000000000000000       0x30
 *(.ARM.attributes)
 .ARM.attributes
                0x0000000000000000       0x1e C:/ST/STM32CubeIDE_1.14.1/STM32CubeIDE/plugins/com.st.stm32cube.ide.mcu.externaltools.gnu-tools-for-stm32.11.3.rel1.win32_1.1.100.202309141235/tools/bin/../lib/gcc/arm-none-eabi/11.3.1/thumb/v7e-m+fp/hard/crti.o
 .ARM.attributes
                0x000000000000001e       0x34 C:/ST/STM32CubeIDE_1.14.1/STM32CubeIDE/plugins/com.st.stm32cube.ide.mcu.externaltools.gnu-tools-for-stm32.11.3.rel1.win32_1.1.100.202309141235/tools/bin/../lib/gcc/arm-none-eabi/11.3.1/thumb/v7e-m+fp/hard/crtbegin.o
 .ARM.attributes
                0x0000000000000052       0x34 ./SDK_1.0.3_NUCLEO-F401RE/shared/Utilities/buff.o
 .ARM.attributes
                0x0000000000000086       0x34 ./SDK_1.0.3_NUCLEO-F401RE/shared/Utilities/utilities.o
 .ARM.attributes
                0x00000000000000ba       0x34 ./Src/main.o
 .ARM.attributes
                0x00000000000000ee       0x34 ./Src/sysmem.o
 .ARM.attributes
                0x0000000000000122       0x21 ./Startup/startup_stm32f401retx.o
 .ARM.attributes
                0x0000000000000143       0x39 C:\Users\Admin\Documents\SDK_1.0.3_NUCLEO-F401RE\lib_stm\libLibraries.a(system_stm32f4xx.o)
 .ARM.attributes
                0x000000000000017c       0x39 C:\Users\Admin\Documents\SDK_1.0.3_NUCLEO-F401RE\lib_stm\libLibraries.a(stm32f401re_gpio.o)
 .ARM.attributes
                0x00000000000001b5       0x39 C:\Users\Admin\Documents\SDK_1.0.3_NUCLEO-F401RE\lib_stm\libLibraries.a(stm32f401re_i2c.o)
 .ARM.attributes
                0x00000000000001ee       0x39 C:\Users\Admin\Documents\SDK_1.0.3_NUCLEO-F401RE\lib_stm\libLibraries.a(stm32f401re_rcc.o)
 .ARM.attributes
                0x0000000000000227       0x39 C:\Users\Admin\Documents\SDK_1.0.3_NUCLEO-F401RE\lib_stm\libLibraries.a(timer.o)
 .ARM.attributes
                0x0000000000000260       0x39 C:\Users\Admin\Documents\SDK_1.0.3_NUCLEO-F401RE\lib_stm\libLibraries.a(temhumsensor.o)
 .ARM.attributes
                0x0000000000000299       0x39 C:\Users\Admin\Documents\SDK_1.0.3_NUCLEO-F401RE\lib_stm\libLibraries.a(serial.o)
 .ARM.attributes
                0x00000000000002d2       0x39 C:\Users\Admin\Documents\SDK_1.0.3_NUCLEO-F401RE\lib_stm\libLibraries.a(Ucglib.o)
 .ARM.attributes
                0x000000000000030b       0x39 C:\Users\Admin\Documents\SDK_1.0.3_NUCLEO-F401RE\lib_stm\libLibraries.a(ucg_box.o)
 .ARM.attributes
                0x0000000000000344       0x39 C:\Users\Admin\Documents\SDK_1.0.3_NUCLEO-F401RE\lib_stm\libLibraries.a(ucg_ccs.o)
 .ARM.attributes
                0x000000000000037d       0x39 C:\Users\Admin\Documents\SDK_1.0.3_NUCLEO-F401RE\lib_stm\libLibraries.a(ucg_dev_default_cb.o)
 .ARM.attributes
                0x00000000000003b6       0x39 C:\Users\Admin\Documents\SDK_1.0.3_NUCLEO-F401RE\lib_stm\libLibraries.a(ucg_dev_ic_st7735.o)
 .ARM.attributes
                0x00000000000003ef       0x39 C:\Users\Admin\Documents\SDK_1.0.3_NUCLEO-F401RE\lib_stm\libLibraries.a(ucg_dev_msg_api.o)
 .ARM.attributes
                0x0000000000000428       0x39 C:\Users\Admin\Documents\SDK_1.0.3_NUCLEO-F401RE\lib_stm\libLibraries.a(ucg_dev_tft_128x128_st7735.o)
 .ARM.attributes
                0x0000000000000461       0x39 C:\Users\Admin\Documents\SDK_1.0.3_NUCLEO-F401RE\lib_stm\libLibraries.a(ucg_font.o)
 .ARM.attributes
                0x000000000000049a       0x39 C:\Users\Admin\Documents\SDK_1.0.3_NUCLEO-F401RE\lib_stm\libLibraries.a(ucg_init.o)
 .ARM.attributes
                0x00000000000004d3       0x39 C:\Users\Admin\Documents\SDK_1.0.3_NUCLEO-F401RE\lib_stm\libLibraries.a(ucg_line.o)
 .ARM.attributes
                0x000000000000050c       0x39 C:\Users\Admin\Documents\SDK_1.0.3_NUCLEO-F401RE\lib_stm\libLibraries.a(ucg_pixel.o)
 .ARM.attributes
                0x0000000000000545       0x39 C:\Users\Admin\Documents\SDK_1.0.3_NUCLEO-F401RE\lib_stm\libLibraries.a(ucg_pixel_font_data.o)
 .ARM.attributes
                0x000000000000057e       0x39 C:\Users\Admin\Documents\SDK_1.0.3_NUCLEO-F401RE\lib_stm\libLibraries.a(ucg_rotate.o)
 .ARM.attributes
                0x00000000000005b7       0x39 C:\Users\Admin\Documents\SDK_1.0.3_NUCLEO-F401RE\lib_stm\libLibraries.a(stm32f401re_usart.o)
 .ARM.attributes
                0x00000000000005f0       0x39 C:\Users\Admin\Documents\SDK_1.0.3_NUCLEO-F401RE\lib_stm\libLibraries.a(ucg_clip.o)
 .ARM.attributes
                0x0000000000000629       0x39 C:\Users\Admin\Documents\SDK_1.0.3_NUCLEO-F401RE\lib_stm\libLibraries.a(ucg_com_msg_api.o)
 .ARM.attributes
                0x0000000000000662       0x34 C:/ST/STM32CubeIDE_1.14.1/STM32CubeIDE/plugins/com.st.stm32cube.ide.mcu.externaltools.gnu-tools-for-stm32.11.3.rel1.win32_1.1.100.202309141235/tools/bin/../lib/gcc/arm-none-eabi/11.3.1/../../../../arm-none-eabi/lib/thumb/v7e-m+fp/hard\libc_nano.a(libc_a-findfp.o)
 .ARM.attributes
                0x0000000000000696       0x34 C:/ST/STM32CubeIDE_1.14.1/STM32CubeIDE/plugins/com.st.stm32cube.ide.mcu.externaltools.gnu-tools-for-stm32.11.3.rel1.win32_1.1.100.202309141235/tools/bin/../lib/gcc/arm-none-eabi/11.3.1/../../../../arm-none-eabi/lib/thumb/v7e-m+fp/hard\libc_nano.a(libc_a-sprintf.o)
 .ARM.attributes
                0x00000000000006ca       0x34 C:/ST/STM32CubeIDE_1.14.1/STM32CubeIDE/plugins/com.st.stm32cube.ide.mcu.externaltools.gnu-tools-for-stm32.11.3.rel1.win32_1.1.100.202309141235/tools/bin/../lib/gcc/arm-none-eabi/11.3.1/../../../../arm-none-eabi/lib/thumb/v7e-m+fp/hard\libc_nano.a(libc_a-memset.o)
 .ARM.attributes
                0x00000000000006fe       0x34 C:/ST/STM32CubeIDE_1.14.1/STM32CubeIDE/plugins/com.st.stm32cube.ide.mcu.externaltools.gnu-tools-for-stm32.11.3.rel1.win32_1.1.100.202309141235/tools/bin/../lib/gcc/arm-none-eabi/11.3.1/../../../../arm-none-eabi/lib/thumb/v7e-m+fp/hard\libc_nano.a(libc_a-reent.o)
 .ARM.attributes
                0x0000000000000732       0x34 C:/ST/STM32CubeIDE_1.14.1/STM32CubeIDE/plugins/com.st.stm32cube.ide.mcu.externaltools.gnu-tools-for-stm32.11.3.rel1.win32_1.1.100.202309141235/tools/bin/../lib/gcc/arm-none-eabi/11.3.1/../../../../arm-none-eabi/lib/thumb/v7e-m+fp/hard\libc_nano.a(libc_a-impure.o)
 .ARM.attributes
                0x0000000000000766       0x34 C:/ST/STM32CubeIDE_1.14.1/STM32CubeIDE/plugins/com.st.stm32cube.ide.mcu.externaltools.gnu-tools-for-stm32.11.3.rel1.win32_1.1.100.202309141235/tools/bin/../lib/gcc/arm-none-eabi/11.3.1/../../../../arm-none-eabi/lib/thumb/v7e-m+fp/hard\libc_nano.a(libc_a-errno.o)
 .ARM.attributes
                0x000000000000079a       0x34 C:/ST/STM32CubeIDE_1.14.1/STM32CubeIDE/plugins/com.st.stm32cube.ide.mcu.externaltools.gnu-tools-for-stm32.11.3.rel1.win32_1.1.100.202309141235/tools/bin/../lib/gcc/arm-none-eabi/11.3.1/../../../../arm-none-eabi/lib/thumb/v7e-m+fp/hard\libc_nano.a(libc_a-init.o)
 .ARM.attributes
                0x00000000000007ce       0x34 C:/ST/STM32CubeIDE_1.14.1/STM32CubeIDE/plugins/com.st.stm32cube.ide.mcu.externaltools.gnu-tools-for-stm32.11.3.rel1.win32_1.1.100.202309141235/tools/bin/../lib/gcc/arm-none-eabi/11.3.1/../../../../arm-none-eabi/lib/thumb/v7e-m+fp/hard\libc_nano.a(libc_a-lock.o)
 .ARM.attributes
                0x0000000000000802       0x34 C:/ST/STM32CubeIDE_1.14.1/STM32CubeIDE/plugins/com.st.stm32cube.ide.mcu.externaltools.gnu-tools-for-stm32.11.3.rel1.win32_1.1.100.202309141235/tools/bin/../lib/gcc/arm-none-eabi/11.3.1/../../../../arm-none-eabi/lib/thumb/v7e-m+fp/hard\libc_nano.a(libc_a-freer.o)
 .ARM.attributes
                0x0000000000000836       0x34 C:/ST/STM32CubeIDE_1.14.1/STM32CubeIDE/plugins/com.st.stm32cube.ide.mcu.externaltools.gnu-tools-for-stm32.11.3.rel1.win32_1.1.100.202309141235/tools/bin/../lib/gcc/arm-none-eabi/11.3.1/../../../../arm-none-eabi/lib/thumb/v7e-m+fp/hard\libc_nano.a(libc_a-mallocr.o)
 .ARM.attributes
                0x000000000000086a       0x34 C:/ST/STM32CubeIDE_1.14.1/STM32CubeIDE/plugins/com.st.stm32cube.ide.mcu.externaltools.gnu-tools-for-stm32.11.3.rel1.win32_1.1.100.202309141235/tools/bin/../lib/gcc/arm-none-eabi/11.3.1/../../../../arm-none-eabi/lib/thumb/v7e-m+fp/hard\libc_nano.a(libc_a-mlock.o)
 .ARM.attributes
                0x000000000000089e       0x34 C:/ST/STM32CubeIDE_1.14.1/STM32CubeIDE/plugins/com.st.stm32cube.ide.mcu.externaltools.gnu-tools-for-stm32.11.3.rel1.win32_1.1.100.202309141235/tools/bin/../lib/gcc/arm-none-eabi/11.3.1/../../../../arm-none-eabi/lib/thumb/v7e-m+fp/hard\libc_nano.a(libc_a-nano-svfprintf.o)
 .ARM.attributes
                0x00000000000008d2       0x34 C:/ST/STM32CubeIDE_1.14.1/STM32CubeIDE/plugins/com.st.stm32cube.ide.mcu.externaltools.gnu-tools-for-stm32.11.3.rel1.win32_1.1.100.202309141235/tools/bin/../lib/gcc/arm-none-eabi/11.3.1/../../../../arm-none-eabi/lib/thumb/v7e-m+fp/hard\libc_nano.a(libc_a-nano-vfprintf_i.o)
 .ARM.attributes
                0x0000000000000906       0x34 C:/ST/STM32CubeIDE_1.14.1/STM32CubeIDE/plugins/com.st.stm32cube.ide.mcu.externaltools.gnu-tools-for-stm32.11.3.rel1.win32_1.1.100.202309141235/tools/bin/../lib/gcc/arm-none-eabi/11.3.1/../../../../arm-none-eabi/lib/thumb/v7e-m+fp/hard\libc_nano.a(libc_a-memmove.o)
 .ARM.attributes
                0x000000000000093a       0x34 C:/ST/STM32CubeIDE_1.14.1/STM32CubeIDE/plugins/com.st.stm32cube.ide.mcu.externaltools.gnu-tools-for-stm32.11.3.rel1.win32_1.1.100.202309141235/tools/bin/../lib/gcc/arm-none-eabi/11.3.1/../../../../arm-none-eabi/lib/thumb/v7e-m+fp/hard\libc_nano.a(libc_a-sbrkr.o)
 .ARM.attributes
                0x000000000000096e       0x1c C:/ST/STM32CubeIDE_1.14.1/STM32CubeIDE/plugins/com.st.stm32cube.ide.mcu.externaltools.gnu-tools-for-stm32.11.3.rel1.win32_1.1.100.202309141235/tools/bin/../lib/gcc/arm-none-eabi/11.3.1/../../../../arm-none-eabi/lib/thumb/v7e-m+fp/hard\libc_nano.a(libc_a-memchr.o)
 .ARM.attributes
                0x000000000000098a       0x34 C:/ST/STM32CubeIDE_1.14.1/STM32CubeIDE/plugins/com.st.stm32cube.ide.mcu.externaltools.gnu-tools-for-stm32.11.3.rel1.win32_1.1.100.202309141235/tools/bin/../lib/gcc/arm-none-eabi/11.3.1/../../../../arm-none-eabi/lib/thumb/v7e-m+fp/hard\libc_nano.a(libc_a-memcpy-stub.o)
 .ARM.attributes
                0x00000000000009be       0x34 C:/ST/STM32CubeIDE_1.14.1/STM32CubeIDE/plugins/com.st.stm32cube.ide.mcu.externaltools.gnu-tools-for-stm32.11.3.rel1.win32_1.1.100.202309141235/tools/bin/../lib/gcc/arm-none-eabi/11.3.1/../../../../arm-none-eabi/lib/thumb/v7e-m+fp/hard\libc_nano.a(libc_a-reallocr.o)
 .ARM.attributes
                0x00000000000009f2       0x34 C:/ST/STM32CubeIDE_1.14.1/STM32CubeIDE/plugins/com.st.stm32cube.ide.mcu.externaltools.gnu-tools-for-stm32.11.3.rel1.win32_1.1.100.202309141235/tools/bin/../lib/gcc/arm-none-eabi/11.3.1/../../../../arm-none-eabi/lib/thumb/v7e-m+fp/hard\libc_nano.a(libc_a-msizer.o)
 .ARM.attributes
                0x0000000000000a26       0x1e C:/ST/STM32CubeIDE_1.14.1/STM32CubeIDE/plugins/com.st.stm32cube.ide.mcu.externaltools.gnu-tools-for-stm32.11.3.rel1.win32_1.1.100.202309141235/tools/bin/../lib/gcc/arm-none-eabi/11.3.1/thumb/v7e-m+fp/hard/crtn.o
OUTPUT(test1.elf elf32-littlearm)
LOAD linker stubs
LOAD C:/ST/STM32CubeIDE_1.14.1/STM32CubeIDE/plugins/com.st.stm32cube.ide.mcu.externaltools.gnu-tools-for-stm32.11.3.rel1.win32_1.1.100.202309141235/tools/bin/../lib/gcc/arm-none-eabi/11.3.1/../../../../arm-none-eabi/lib/thumb/v7e-m+fp/hard\libc.a
LOAD C:/ST/STM32CubeIDE_1.14.1/STM32CubeIDE/plugins/com.st.stm32cube.ide.mcu.externaltools.gnu-tools-for-stm32.11.3.rel1.win32_1.1.100.202309141235/tools/bin/../lib/gcc/arm-none-eabi/11.3.1/../../../../arm-none-eabi/lib/thumb/v7e-m+fp/hard\libm.a
LOAD C:/ST/STM32CubeIDE_1.14.1/STM32CubeIDE/plugins/com.st.stm32cube.ide.mcu.externaltools.gnu-tools-for-stm32.11.3.rel1.win32_1.1.100.202309141235/tools/bin/../lib/gcc/arm-none-eabi/11.3.1/thumb/v7e-m+fp/hard\libgcc.a

.comment        0x0000000000000000       0xbe
 .comment       0x0000000000000000       0x43 C:/ST/STM32CubeIDE_1.14.1/STM32CubeIDE/plugins/com.st.stm32cube.ide.mcu.externaltools.gnu-tools-for-stm32.11.3.rel1.win32_1.1.100.202309141235/tools/bin/../lib/gcc/arm-none-eabi/11.3.1/thumb/v7e-m+fp/hard/crtbegin.o
                                         0x44 (size before relaxing)
 .comment       0x0000000000000043       0x44 ./SDK_1.0.3_NUCLEO-F401RE/shared/Utilities/buff.o
 .comment       0x0000000000000043       0x44 ./SDK_1.0.3_NUCLEO-F401RE/shared/Utilities/utilities.o
 .comment       0x0000000000000043       0x44 ./Src/main.o
 .comment       0x0000000000000043       0x44 ./Src/sysmem.o
 .comment       0x0000000000000043       0x7b C:\Users\Admin\Documents\SDK_1.0.3_NUCLEO-F401RE\lib_stm\libLibraries.a(system_stm32f4xx.o)
                                         0x7c (size before relaxing)
 .comment       0x00000000000000be       0x7c C:\Users\Admin\Documents\SDK_1.0.3_NUCLEO-F401RE\lib_stm\libLibraries.a(stm32f401re_gpio.o)
 .comment       0x00000000000000be       0x7c C:\Users\Admin\Documents\SDK_1.0.3_NUCLEO-F401RE\lib_stm\libLibraries.a(stm32f401re_i2c.o)
 .comment       0x00000000000000be       0x7c C:\Users\Admin\Documents\SDK_1.0.3_NUCLEO-F401RE\lib_stm\libLibraries.a(stm32f401re_rcc.o)
 .comment       0x00000000000000be       0x7c C:\Users\Admin\Documents\SDK_1.0.3_NUCLEO-F401RE\lib_stm\libLibraries.a(timer.o)
 .comment       0x00000000000000be       0x7c C:\Users\Admin\Documents\SDK_1.0.3_NUCLEO-F401RE\lib_stm\libLibraries.a(temhumsensor.o)
 .comment       0x00000000000000be       0x7c C:\Users\Admin\Documents\SDK_1.0.3_NUCLEO-F401RE\lib_stm\libLibraries.a(serial.o)
 .comment       0x00000000000000be       0x7c C:\Users\Admin\Documents\SDK_1.0.3_NUCLEO-F401RE\lib_stm\libLibraries.a(Ucglib.o)
 .comment       0x00000000000000be       0x7c C:\Users\Admin\Documents\SDK_1.0.3_NUCLEO-F401RE\lib_stm\libLibraries.a(ucg_box.o)
 .comment       0x00000000000000be       0x7c C:\Users\Admin\Documents\SDK_1.0.3_NUCLEO-F401RE\lib_stm\libLibraries.a(ucg_ccs.o)
 .comment       0x00000000000000be       0x7c C:\Users\Admin\Documents\SDK_1.0.3_NUCLEO-F401RE\lib_stm\libLibraries.a(ucg_dev_default_cb.o)
 .comment       0x00000000000000be       0x7c C:\Users\Admin\Documents\SDK_1.0.3_NUCLEO-F401RE\lib_stm\libLibraries.a(ucg_dev_ic_st7735.o)
 .comment       0x00000000000000be       0x7c C:\Users\Admin\Documents\SDK_1.0.3_NUCLEO-F401RE\lib_stm\libLibraries.a(ucg_dev_msg_api.o)
 .comment       0x00000000000000be       0x7c C:\Users\Admin\Documents\SDK_1.0.3_NUCLEO-F401RE\lib_stm\libLibraries.a(ucg_dev_tft_128x128_st7735.o)
 .comment       0x00000000000000be       0x7c C:\Users\Admin\Documents\SDK_1.0.3_NUCLEO-F401RE\lib_stm\libLibraries.a(ucg_font.o)
 .comment       0x00000000000000be       0x7c C:\Users\Admin\Documents\SDK_1.0.3_NUCLEO-F401RE\lib_stm\libLibraries.a(ucg_init.o)
 .comment       0x00000000000000be       0x7c C:\Users\Admin\Documents\SDK_1.0.3_NUCLEO-F401RE\lib_stm\libLibraries.a(ucg_line.o)
 .comment       0x00000000000000be       0x7c C:\Users\Admin\Documents\SDK_1.0.3_NUCLEO-F401RE\lib_stm\libLibraries.a(ucg_pixel.o)
 .comment       0x00000000000000be       0x7c C:\Users\Admin\Documents\SDK_1.0.3_NUCLEO-F401RE\lib_stm\libLibraries.a(ucg_pixel_font_data.o)
 .comment       0x00000000000000be       0x7c C:\Users\Admin\Documents\SDK_1.0.3_NUCLEO-F401RE\lib_stm\libLibraries.a(ucg_rotate.o)
 .comment       0x00000000000000be       0x7c C:\Users\Admin\Documents\SDK_1.0.3_NUCLEO-F401RE\lib_stm\libLibraries.a(stm32f401re_usart.o)
 .comment       0x00000000000000be       0x7c C:\Users\Admin\Documents\SDK_1.0.3_NUCLEO-F401RE\lib_stm\libLibraries.a(ucg_clip.o)
 .comment       0x00000000000000be       0x7c C:\Users\Admin\Documents\SDK_1.0.3_NUCLEO-F401RE\lib_stm\libLibraries.a(ucg_com_msg_api.o)

.debug_info     0x0000000000000000    0x37e0d
 .debug_info    0x0000000000000000      0x305 ./SDK_1.0.3_NUCLEO-F401RE/shared/Utilities/buff.o
 .debug_info    0x0000000000000305      0x2b8 ./SDK_1.0.3_NUCLEO-F401RE/shared/Utilities/utilities.o
 .debug_info    0x00000000000005bd     0x171b ./Src/main.o
 .debug_info    0x0000000000001cd8      0x168 ./Src/sysmem.o
 .debug_info    0x0000000000001e40       0x23 ./Startup/startup_stm32f401retx.o
 .debug_info    0x0000000000001e63      0x5bb C:\Users\Admin\Documents\SDK_1.0.3_NUCLEO-F401RE\lib_stm\libLibraries.a(system_stm32f4xx.o)
 .debug_info    0x000000000000241e      0x62b C:\Users\Admin\Documents\SDK_1.0.3_NUCLEO-F401RE\lib_stm\libLibraries.a(stm32f401re_gpio.o)
 .debug_info    0x0000000000002a49      0xb9e C:\Users\Admin\Documents\SDK_1.0.3_NUCLEO-F401RE\lib_stm\libLibraries.a(stm32f401re_i2c.o)
 .debug_info    0x00000000000035e7      0xd5e C:\Users\Admin\Documents\SDK_1.0.3_NUCLEO-F401RE\lib_stm\libLibraries.a(stm32f401re_rcc.o)
 .debug_info    0x0000000000004345      0x922 C:\Users\Admin\Documents\SDK_1.0.3_NUCLEO-F401RE\lib_stm\libLibraries.a(timer.o)
 .debug_info    0x0000000000004c67      0xafd C:\Users\Admin\Documents\SDK_1.0.3_NUCLEO-F401RE\lib_stm\libLibraries.a(temhumsensor.o)
 .debug_info    0x0000000000005764      0xb11 C:\Users\Admin\Documents\SDK_1.0.3_NUCLEO-F401RE\lib_stm\libLibraries.a(serial.o)
 .debug_info    0x0000000000006275     0x333f C:\Users\Admin\Documents\SDK_1.0.3_NUCLEO-F401RE\lib_stm\libLibraries.a(Ucglib.o)
 .debug_info    0x00000000000095b4     0x329d C:\Users\Admin\Documents\SDK_1.0.3_NUCLEO-F401RE\lib_stm\libLibraries.a(ucg_box.o)
 .debug_info    0x000000000000c851     0x2b08 C:\Users\Admin\Documents\SDK_1.0.3_NUCLEO-F401RE\lib_stm\libLibraries.a(ucg_ccs.o)
 .debug_info    0x000000000000f359     0x324b C:\Users\Admin\Documents\SDK_1.0.3_NUCLEO-F401RE\lib_stm\libLibraries.a(ucg_dev_default_cb.o)
 .debug_info    0x00000000000125a4     0x3272 C:\Users\Admin\Documents\SDK_1.0.3_NUCLEO-F401RE\lib_stm\libLibraries.a(ucg_dev_ic_st7735.o)
 .debug_info    0x0000000000015816     0x3178 C:\Users\Admin\Documents\SDK_1.0.3_NUCLEO-F401RE\lib_stm\libLibraries.a(ucg_dev_msg_api.o)
 .debug_info    0x000000000001898e     0x303e C:\Users\Admin\Documents\SDK_1.0.3_NUCLEO-F401RE\lib_stm\libLibraries.a(ucg_dev_tft_128x128_st7735.o)
 .debug_info    0x000000000001b9cc     0x43ab C:\Users\Admin\Documents\SDK_1.0.3_NUCLEO-F401RE\lib_stm\libLibraries.a(ucg_font.o)
 .debug_info    0x000000000001fd77     0x3856 C:\Users\Admin\Documents\SDK_1.0.3_NUCLEO-F401RE\lib_stm\libLibraries.a(ucg_init.o)
 .debug_info    0x00000000000235cd     0x3222 C:\Users\Admin\Documents\SDK_1.0.3_NUCLEO-F401RE\lib_stm\libLibraries.a(ucg_line.o)
 .debug_info    0x00000000000267ef     0x3056 C:\Users\Admin\Documents\SDK_1.0.3_NUCLEO-F401RE\lib_stm\libLibraries.a(ucg_pixel.o)
 .debug_info    0x0000000000029845     0x43df C:\Users\Admin\Documents\SDK_1.0.3_NUCLEO-F401RE\lib_stm\libLibraries.a(ucg_pixel_font_data.o)
 .debug_info    0x000000000002dc24     0x3231 C:\Users\Admin\Documents\SDK_1.0.3_NUCLEO-F401RE\lib_stm\libLibraries.a(ucg_rotate.o)
 .debug_info    0x0000000000030e55      0x9d4 C:\Users\Admin\Documents\SDK_1.0.3_NUCLEO-F401RE\lib_stm\libLibraries.a(stm32f401re_usart.o)
 .debug_info    0x0000000000031829     0x315a C:\Users\Admin\Documents\SDK_1.0.3_NUCLEO-F401RE\lib_stm\libLibraries.a(ucg_clip.o)
 .debug_info    0x0000000000034983     0x348a C:\Users\Admin\Documents\SDK_1.0.3_NUCLEO-F401RE\lib_stm\libLibraries.a(ucg_com_msg_api.o)

.debug_abbrev   0x0000000000000000     0x2e6d
 .debug_abbrev  0x0000000000000000      0x13c ./SDK_1.0.3_NUCLEO-F401RE/shared/Utilities/buff.o
 .debug_abbrev  0x000000000000013c       0xe3 ./SDK_1.0.3_NUCLEO-F401RE/shared/Utilities/utilities.o
 .debug_abbrev  0x000000000000021f      0x415 ./Src/main.o
 .debug_abbrev  0x0000000000000634       0xbc ./Src/sysmem.o
 .debug_abbrev  0x00000000000006f0       0x12 ./Startup/startup_stm32f401retx.o
 .debug_abbrev  0x0000000000000702      0x138 C:\Users\Admin\Documents\SDK_1.0.3_NUCLEO-F401RE\lib_stm\libLibraries.a(system_stm32f4xx.o)
 .debug_abbrev  0x000000000000083a      0x1bf C:\Users\Admin\Documents\SDK_1.0.3_NUCLEO-F401RE\lib_stm\libLibraries.a(stm32f401re_gpio.o)
 .debug_abbrev  0x00000000000009f9      0x196 C:\Users\Admin\Documents\SDK_1.0.3_NUCLEO-F401RE\lib_stm\libLibraries.a(stm32f401re_i2c.o)
 .debug_abbrev  0x0000000000000b8f      0x1d4 C:\Users\Admin\Documents\SDK_1.0.3_NUCLEO-F401RE\lib_stm\libLibraries.a(stm32f401re_rcc.o)
 .debug_abbrev  0x0000000000000d63      0x29a C:\Users\Admin\Documents\SDK_1.0.3_NUCLEO-F401RE\lib_stm\libLibraries.a(timer.o)
 .debug_abbrev  0x0000000000000ffd      0x24a C:\Users\Admin\Documents\SDK_1.0.3_NUCLEO-F401RE\lib_stm\libLibraries.a(temhumsensor.o)
 .debug_abbrev  0x0000000000001247      0x2ba C:\Users\Admin\Documents\SDK_1.0.3_NUCLEO-F401RE\lib_stm\libLibraries.a(serial.o)
 .debug_abbrev  0x0000000000001501      0x202 C:\Users\Admin\Documents\SDK_1.0.3_NUCLEO-F401RE\lib_stm\libLibraries.a(Ucglib.o)
 .debug_abbrev  0x0000000000001703      0x18b C:\Users\Admin\Documents\SDK_1.0.3_NUCLEO-F401RE\lib_stm\libLibraries.a(ucg_box.o)
 .debug_abbrev  0x000000000000188e       0xf5 C:\Users\Admin\Documents\SDK_1.0.3_NUCLEO-F401RE\lib_stm\libLibraries.a(ucg_ccs.o)
 .debug_abbrev  0x0000000000001983      0x19e C:\Users\Admin\Documents\SDK_1.0.3_NUCLEO-F401RE\lib_stm\libLibraries.a(ucg_dev_default_cb.o)
 .debug_abbrev  0x0000000000001b21      0x1dc C:\Users\Admin\Documents\SDK_1.0.3_NUCLEO-F401RE\lib_stm\libLibraries.a(ucg_dev_ic_st7735.o)
 .debug_abbrev  0x0000000000001cfd      0x191 C:\Users\Admin\Documents\SDK_1.0.3_NUCLEO-F401RE\lib_stm\libLibraries.a(ucg_dev_msg_api.o)
 .debug_abbrev  0x0000000000001e8e      0x14e C:\Users\Admin\Documents\SDK_1.0.3_NUCLEO-F401RE\lib_stm\libLibraries.a(ucg_dev_tft_128x128_st7735.o)
 .debug_abbrev  0x0000000000001fdc      0x2fc C:\Users\Admin\Documents\SDK_1.0.3_NUCLEO-F401RE\lib_stm\libLibraries.a(ucg_font.o)
 .debug_abbrev  0x00000000000022d8      0x1c6 C:\Users\Admin\Documents\SDK_1.0.3_NUCLEO-F401RE\lib_stm\libLibraries.a(ucg_init.o)
 .debug_abbrev  0x000000000000249e      0x175 C:\Users\Admin\Documents\SDK_1.0.3_NUCLEO-F401RE\lib_stm\libLibraries.a(ucg_line.o)
 .debug_abbrev  0x0000000000002613      0x148 C:\Users\Admin\Documents\SDK_1.0.3_NUCLEO-F401RE\lib_stm\libLibraries.a(ucg_pixel.o)
 .debug_abbrev  0x000000000000275b       0x83 C:\Users\Admin\Documents\SDK_1.0.3_NUCLEO-F401RE\lib_stm\libLibraries.a(ucg_pixel_font_data.o)
 .debug_abbrev  0x00000000000027de      0x1a3 C:\Users\Admin\Documents\SDK_1.0.3_NUCLEO-F401RE\lib_stm\libLibraries.a(ucg_rotate.o)
 .debug_abbrev  0x0000000000002981      0x187 C:\Users\Admin\Documents\SDK_1.0.3_NUCLEO-F401RE\lib_stm\libLibraries.a(stm32f401re_usart.o)
 .debug_abbrev  0x0000000000002b08      0x173 C:\Users\Admin\Documents\SDK_1.0.3_NUCLEO-F401RE\lib_stm\libLibraries.a(ucg_clip.o)
 .debug_abbrev  0x0000000000002c7b      0x1f2 C:\Users\Admin\Documents\SDK_1.0.3_NUCLEO-F401RE\lib_stm\libLibraries.a(ucg_com_msg_api.o)

.debug_aranges  0x0000000000000000      0xde0
 .debug_aranges
                0x0000000000000000       0x50 ./SDK_1.0.3_NUCLEO-F401RE/shared/Utilities/buff.o
 .debug_aranges
                0x0000000000000050       0x48 ./SDK_1.0.3_NUCLEO-F401RE/shared/Utilities/utilities.o
 .debug_aranges
                0x0000000000000098      0x170 ./Src/main.o
 .debug_aranges
                0x0000000000000208       0x20 ./Src/sysmem.o
 .debug_aranges
                0x0000000000000228       0x28 ./Startup/startup_stm32f401retx.o
 .debug_aranges
                0x0000000000000250       0x30 C:\Users\Admin\Documents\SDK_1.0.3_NUCLEO-F401RE\lib_stm\libLibraries.a(system_stm32f4xx.o)
 .debug_aranges
                0x0000000000000280       0x88 C:\Users\Admin\Documents\SDK_1.0.3_NUCLEO-F401RE\lib_stm\libLibraries.a(stm32f401re_gpio.o)
 .debug_aranges
                0x0000000000000308      0x130 C:\Users\Admin\Documents\SDK_1.0.3_NUCLEO-F401RE\lib_stm\libLibraries.a(stm32f401re_i2c.o)
 .debug_aranges
                0x0000000000000438      0x198 C:\Users\Admin\Documents\SDK_1.0.3_NUCLEO-F401RE\lib_stm\libLibraries.a(stm32f401re_rcc.o)
 .debug_aranges
                0x00000000000005d0       0x70 C:\Users\Admin\Documents\SDK_1.0.3_NUCLEO-F401RE\lib_stm\libLibraries.a(timer.o)
 .debug_aranges
                0x0000000000000640       0xe8 C:\Users\Admin\Documents\SDK_1.0.3_NUCLEO-F401RE\lib_stm\libLibraries.a(temhumsensor.o)
 .debug_aranges
                0x0000000000000728       0x80 C:\Users\Admin\Documents\SDK_1.0.3_NUCLEO-F401RE\lib_stm\libLibraries.a(serial.o)
 .debug_aranges
                0x00000000000007a8       0x48 C:\Users\Admin\Documents\SDK_1.0.3_NUCLEO-F401RE\lib_stm\libLibraries.a(Ucglib.o)
 .debug_aranges
                0x00000000000007f0       0x48 C:\Users\Admin\Documents\SDK_1.0.3_NUCLEO-F401RE\lib_stm\libLibraries.a(ucg_box.o)
 .debug_aranges
                0x0000000000000838       0x30 C:\Users\Admin\Documents\SDK_1.0.3_NUCLEO-F401RE\lib_stm\libLibraries.a(ucg_ccs.o)
 .debug_aranges
                0x0000000000000868       0x48 C:\Users\Admin\Documents\SDK_1.0.3_NUCLEO-F401RE\lib_stm\libLibraries.a(ucg_dev_default_cb.o)
 .debug_aranges
                0x00000000000008b0       0x40 C:\Users\Admin\Documents\SDK_1.0.3_NUCLEO-F401RE\lib_stm\libLibraries.a(ucg_dev_ic_st7735.o)
 .debug_aranges
                0x00000000000008f0       0x60 C:\Users\Admin\Documents\SDK_1.0.3_NUCLEO-F401RE\lib_stm\libLibraries.a(ucg_dev_msg_api.o)
 .debug_aranges
                0x0000000000000950       0x20 C:\Users\Admin\Documents\SDK_1.0.3_NUCLEO-F401RE\lib_stm\libLibraries.a(ucg_dev_tft_128x128_st7735.o)
 .debug_aranges
                0x0000000000000970      0x168 C:\Users\Admin\Documents\SDK_1.0.3_NUCLEO-F401RE\lib_stm\libLibraries.a(ucg_font.o)
 .debug_aranges
                0x0000000000000ad8       0x28 C:\Users\Admin\Documents\SDK_1.0.3_NUCLEO-F401RE\lib_stm\libLibraries.a(ucg_init.o)
 .debug_aranges
                0x0000000000000b00       0x48 C:\Users\Admin\Documents\SDK_1.0.3_NUCLEO-F401RE\lib_stm\libLibraries.a(ucg_line.o)
 .debug_aranges
                0x0000000000000b48       0x28 C:\Users\Admin\Documents\SDK_1.0.3_NUCLEO-F401RE\lib_stm\libLibraries.a(ucg_pixel.o)
 .debug_aranges
                0x0000000000000b70       0x18 C:\Users\Admin\Documents\SDK_1.0.3_NUCLEO-F401RE\lib_stm\libLibraries.a(ucg_pixel_font_data.o)
 .debug_aranges
                0x0000000000000b88       0x68 C:\Users\Admin\Documents\SDK_1.0.3_NUCLEO-F401RE\lib_stm\libLibraries.a(ucg_rotate.o)
 .debug_aranges
                0x0000000000000bf0      0x100 C:\Users\Admin\Documents\SDK_1.0.3_NUCLEO-F401RE\lib_stm\libLibraries.a(stm32f401re_usart.o)
 .debug_aranges
                0x0000000000000cf0       0x50 C:\Users\Admin\Documents\SDK_1.0.3_NUCLEO-F401RE\lib_stm\libLibraries.a(ucg_clip.o)
 .debug_aranges
                0x0000000000000d40       0xa0 C:\Users\Admin\Documents\SDK_1.0.3_NUCLEO-F401RE\lib_stm\libLibraries.a(ucg_com_msg_api.o)

.debug_rnglists
                0x0000000000000000      0x1ab
 .debug_rnglists
                0x0000000000000000       0x39 ./SDK_1.0.3_NUCLEO-F401RE/shared/Utilities/buff.o
 .debug_rnglists
                0x0000000000000039       0x33 ./SDK_1.0.3_NUCLEO-F401RE/shared/Utilities/utilities.o
 .debug_rnglists
                0x000000000000006c      0x113 ./Src/main.o
 .debug_rnglists
                0x000000000000017f       0x13 ./Src/sysmem.o
 .debug_rnglists
                0x0000000000000192       0x19 ./Startup/startup_stm32f401retx.o

.debug_macro    0x0000000000000000     0xffce
 .debug_macro   0x0000000000000000       0xc2 ./SDK_1.0.3_NUCLEO-F401RE/shared/Utilities/buff.o
 .debug_macro   0x00000000000000c2      0xab4 ./SDK_1.0.3_NUCLEO-F401RE/shared/Utilities/buff.o
 .debug_macro   0x0000000000000b76       0x22 ./SDK_1.0.3_NUCLEO-F401RE/shared/Utilities/buff.o
 .debug_macro   0x0000000000000b98       0x8e ./SDK_1.0.3_NUCLEO-F401RE/shared/Utilities/buff.o
 .debug_macro   0x0000000000000c26       0x51 ./SDK_1.0.3_NUCLEO-F401RE/shared/Utilities/buff.o
 .debug_macro   0x0000000000000c77      0x103 ./SDK_1.0.3_NUCLEO-F401RE/shared/Utilities/buff.o
 .debug_macro   0x0000000000000d7a       0x6a ./SDK_1.0.3_NUCLEO-F401RE/shared/Utilities/buff.o
 .debug_macro   0x0000000000000de4      0x1df ./SDK_1.0.3_NUCLEO-F401RE/shared/Utilities/buff.o
 .debug_macro   0x0000000000000fc3       0x16 ./SDK_1.0.3_NUCLEO-F401RE/shared/Utilities/buff.o
 .debug_macro   0x0000000000000fd9       0x16 ./SDK_1.0.3_NUCLEO-F401RE/shared/Utilities/buff.o
 .debug_macro   0x0000000000000fef       0x6b ./SDK_1.0.3_NUCLEO-F401RE/shared/Utilities/buff.o
 .debug_macro   0x000000000000105a       0x3b ./SDK_1.0.3_NUCLEO-F401RE/shared/Utilities/buff.o
 .debug_macro   0x0000000000001095       0x34 ./SDK_1.0.3_NUCLEO-F401RE/shared/Utilities/buff.o
 .debug_macro   0x00000000000010c9       0x26 ./SDK_1.0.3_NUCLEO-F401RE/shared/Utilities/buff.o
 .debug_macro   0x00000000000010ef      0xe43 ./SDK_1.0.3_NUCLEO-F401RE/shared/Utilities/buff.o
 .debug_macro   0x0000000000001f32     0x8018 ./SDK_1.0.3_NUCLEO-F401RE/shared/Utilities/buff.o
 .debug_macro   0x0000000000009f4a       0x72 ./SDK_1.0.3_NUCLEO-F401RE/shared/Utilities/utilities.o
 .debug_macro   0x0000000000009fbc       0x10 ./SDK_1.0.3_NUCLEO-F401RE/shared/Utilities/utilities.o
 .debug_macro   0x0000000000009fcc      0x49b ./Src/main.o
 .debug_macro   0x000000000000a467       0x7c ./Src/main.o
 .debug_macro   0x000000000000a4e3      0x174 ./Src/main.o
 .debug_macro   0x000000000000a657       0x22 ./Src/main.o
 .debug_macro   0x000000000000a679      0x301 ./Src/main.o
 .debug_macro   0x000000000000a97a      0x2b4 ./Src/main.o
 .debug_macro   0x000000000000ac2e      0x36c ./Src/main.o
 .debug_macro   0x000000000000af9a       0x61 ./Src/main.o
 .debug_macro   0x000000000000affb       0x2a ./Src/main.o
 .debug_macro   0x000000000000b025       0x43 ./Src/main.o
 .debug_macro   0x000000000000b068       0x34 ./Src/main.o
 .debug_macro   0x000000000000b09c       0x16 ./Src/main.o
 .debug_macro   0x000000000000b0b2       0x43 ./Src/main.o
 .debug_macro   0x000000000000b0f5       0x34 ./Src/main.o
 .debug_macro   0x000000000000b129       0x10 ./Src/main.o
 .debug_macro   0x000000000000b139       0x58 ./Src/main.o
 .debug_macro   0x000000000000b191       0x8e ./Src/main.o
 .debug_macro   0x000000000000b21f       0x1c ./Src/main.o
 .debug_macro   0x000000000000b23b      0x177 ./Src/main.o
 .debug_macro   0x000000000000b3b2      0x369 ./Src/main.o
 .debug_macro   0x000000000000b71b       0x10 ./Src/main.o
 .debug_macro   0x000000000000b72b       0x35 ./Src/main.o
 .debug_macro   0x000000000000b760       0x20 ./Src/main.o
 .debug_macro   0x000000000000b780      0x64a ./Src/main.o
 .debug_macro   0x000000000000bdca      0x2f4 ./Src/main.o
 .debug_macro   0x000000000000c0be       0x1c ./Src/main.o
 .debug_macro   0x000000000000c0da       0x10 ./Src/main.o
 .debug_macro   0x000000000000c0ea       0x1c ./Src/main.o
 .debug_macro   0x000000000000c106       0x16 ./Src/main.o
 .debug_macro   0x000000000000c11c      0x147 ./Src/main.o
 .debug_macro   0x000000000000c263       0x26 ./Src/main.o
 .debug_macro   0x000000000000c289       0xff ./Src/sysmem.o
 .debug_macro   0x000000000000c388      0x23c ./Src/sysmem.o
 .debug_macro   0x000000000000c5c4       0xce C:\Users\Admin\Documents\SDK_1.0.3_NUCLEO-F401RE\lib_stm\libLibraries.a(system_stm32f4xx.o)
 .debug_macro   0x000000000000c692      0xa66 C:\Users\Admin\Documents\SDK_1.0.3_NUCLEO-F401RE\lib_stm\libLibraries.a(system_stm32f4xx.o)
 .debug_macro   0x000000000000d0f8       0x22 C:\Users\Admin\Documents\SDK_1.0.3_NUCLEO-F401RE\lib_stm\libLibraries.a(system_stm32f4xx.o)
 .debug_macro   0x000000000000d11a       0x8e C:\Users\Admin\Documents\SDK_1.0.3_NUCLEO-F401RE\lib_stm\libLibraries.a(system_stm32f4xx.o)